<?xml version="1.0" encoding="ISO-8859-1" ?>
<link_info>
   <banner>TI ARM Linker PC v18.1.2.LTS</banner>
   <copyright>Copyright (c) 1996-2017 Texas Instruments Incorporated</copyright>
   <link_time>0x5c980938</link_time>
   <link_errors>0x0</link_errors>
   <output_file>ece3849_lab1_skalimani_cradlermandile2.out</output_file>
   <entry_point>
      <name>_c_int00_noargs</name>
      <address>0x1f25</address>
   </entry_point>
   <input_file_list>
      <input_file id="fl-2">
         <path>.\</path>
         <kind>object</kind>
         <file>Crystalfontz128x128_ST7735.obj</file>
         <name>Crystalfontz128x128_ST7735.obj</name>
      </input_file>
      <input_file id="fl-3">
         <path>.\</path>
         <kind>object</kind>
         <file>HAL_EK_TM4C1294XL_Crystalfontz128x128_ST7735.obj</file>
         <name>HAL_EK_TM4C1294XL_Crystalfontz128x128_ST7735.obj</name>
      </input_file>
      <input_file id="fl-4">
         <path>.\</path>
         <kind>object</kind>
         <file>buttons.obj</file>
         <name>buttons.obj</name>
      </input_file>
      <input_file id="fl-5">
         <path>.\</path>
         <kind>object</kind>
         <file>main.obj</file>
         <name>main.obj</name>
      </input_file>
      <input_file id="fl-6">
         <path>.\</path>
         <kind>object</kind>
         <file>sysctl_pll.obj</file>
         <name>sysctl_pll.obj</name>
      </input_file>
      <input_file id="fl-7">
         <path>.\</path>
         <kind>object</kind>
         <file>tm4c1294ncpdt_startup_ccs.obj</file>
         <name>tm4c1294ncpdt_startup_ccs.obj</name>
      </input_file>
      <input_file id="fl-d">
         <kind>object</kind>
         <file>&lt;internal&gt;</file>
         <name>&lt;internal&gt;</name>
      </input_file>
      <input_file id="fl-c3">
         <path>C:\ti\ccsv8\tools\compiler\ti-cgt-arm_18.1.2.LTS\lib\</path>
         <kind>archive</kind>
         <file>rtsv7M4_T_le_v4SPD16_eabi.lib</file>
         <name>s_roundf.c.obj</name>
      </input_file>
      <input_file id="fl-c4">
         <path>C:\ti\ccsv8\tools\compiler\ti-cgt-arm_18.1.2.LTS\lib\</path>
         <kind>archive</kind>
         <file>rtsv7M4_T_le_v4SPD16_eabi.lib</file>
         <name>fs_tod_t2.asm.obj</name>
      </input_file>
      <input_file id="fl-c5">
         <path>C:\ti\ccsv8\tools\compiler\ti-cgt-arm_18.1.2.LTS\lib\</path>
         <kind>archive</kind>
         <file>rtsv7M4_T_le_v4SPD16_eabi.lib</file>
         <name>copy_zero_init.c.obj</name>
      </input_file>
      <input_file id="fl-c6">
         <path>C:\ti\ccsv8\tools\compiler\ti-cgt-arm_18.1.2.LTS\lib\</path>
         <kind>archive</kind>
         <file>rtsv7M4_T_le_v4SPD16_eabi.lib</file>
         <name>copy_decompress_none.c.obj</name>
      </input_file>
      <input_file id="fl-c7">
         <path>C:\ti\ccsv8\tools\compiler\ti-cgt-arm_18.1.2.LTS\lib\</path>
         <kind>archive</kind>
         <file>rtsv7M4_T_le_v4SPD16_eabi.lib</file>
         <name>copy_decompress_lzss.c.obj</name>
      </input_file>
      <input_file id="fl-c8">
         <path>C:\ti\ccsv8\tools\compiler\ti-cgt-arm_18.1.2.LTS\lib\</path>
         <kind>archive</kind>
         <file>rtsv7M4_T_le_v4SPD16_eabi.lib</file>
         <name>boot_cortex_m.c.obj</name>
      </input_file>
      <input_file id="fl-c9">
         <path>C:\ti\ccsv8\tools\compiler\ti-cgt-arm_18.1.2.LTS\lib\</path>
         <kind>archive</kind>
         <file>rtsv7M4_T_le_v4SPD16_eabi.lib</file>
         <name>exit.c.obj</name>
      </input_file>
      <input_file id="fl-ca">
         <path>C:\ti\ccsv8\tools\compiler\ti-cgt-arm_18.1.2.LTS\lib\</path>
         <kind>archive</kind>
         <file>rtsv7M4_T_le_v4SPD16_eabi.lib</file>
         <name>_lock.c.obj</name>
      </input_file>
      <input_file id="fl-cb">
         <path>C:\ti\ccsv8\tools\compiler\ti-cgt-arm_18.1.2.LTS\lib\</path>
         <kind>archive</kind>
         <file>rtsv7M4_T_le_v4SPD16_eabi.lib</file>
         <name>args_main.c.obj</name>
      </input_file>
      <input_file id="fl-cc">
         <path>C:\ti\ccsv8\tools\compiler\ti-cgt-arm_18.1.2.LTS\lib\</path>
         <kind>archive</kind>
         <file>rtsv7M4_T_le_v4SPD16_eabi.lib</file>
         <name>s_floorf.c.obj</name>
      </input_file>
      <input_file id="fl-cd">
         <path>C:\ti\ccsv8\tools\compiler\ti-cgt-arm_18.1.2.LTS\lib\</path>
         <kind>archive</kind>
         <file>rtsv7M4_T_le_v4SPD16_eabi.lib</file>
         <name>memset_t2.asm.obj</name>
      </input_file>
      <input_file id="fl-ce">
         <path>C:\ti\ccsv8\tools\compiler\ti-cgt-arm_18.1.2.LTS\lib\</path>
         <kind>archive</kind>
         <file>rtsv7M4_T_le_v4SPD16_eabi.lib</file>
         <name>memcpy_t2.asm.obj</name>
      </input_file>
      <input_file id="fl-cf">
         <path>C:\ti\ccsv8\tools\compiler\ti-cgt-arm_18.1.2.LTS\lib\</path>
         <kind>archive</kind>
         <file>rtsv7M4_T_le_v4SPD16_eabi.lib</file>
         <name>autoinit.c.obj</name>
      </input_file>
      <input_file id="fl-d0">
         <path>C:\ti\ccsv8\tools\compiler\ti-cgt-arm_18.1.2.LTS\lib\</path>
         <kind>archive</kind>
         <file>rtsv7M4_T_le_v4SPD16_eabi.lib</file>
         <name>pre_init.c.obj</name>
      </input_file>
      <input_file id="fl-d1">
         <path>C:\ti\ccsv8\tools\compiler\ti-cgt-arm_18.1.2.LTS\lib\</path>
         <kind>archive</kind>
         <file>rtsv7M4_T_le_v4SPD16_eabi.lib</file>
         <name>cpy_tbl.c.obj</name>
      </input_file>
      <input_file id="fl-d2">
         <path>C:\ti\tirtos_tivac_2_16_00_08\products\TivaWare_C_Series-2.1.1.71b\grlib\ccs\Debug\</path>
         <kind>archive</kind>
         <file>grlib.lib</file>
         <name>context.obj</name>
      </input_file>
      <input_file id="fl-d3">
         <path>C:\ti\tirtos_tivac_2_16_00_08\products\TivaWare_C_Series-2.1.1.71b\grlib\ccs\Debug\</path>
         <kind>archive</kind>
         <file>grlib.lib</file>
         <name>rectangle.obj</name>
      </input_file>
      <input_file id="fl-d4">
         <path>C:\ti\tirtos_tivac_2_16_00_08\products\TivaWare_C_Series-2.1.1.71b\grlib\ccs\Debug\</path>
         <kind>archive</kind>
         <file>grlib.lib</file>
         <name>string.obj</name>
      </input_file>
      <input_file id="fl-d5">
         <path>C:\ti\tirtos_tivac_2_16_00_08\products\TivaWare_C_Series-2.1.1.71b\grlib\ccs\Debug\</path>
         <kind>archive</kind>
         <file>grlib.lib</file>
         <name>fontfixed6x8.obj</name>
      </input_file>
      <input_file id="fl-d6">
         <path>C:\ti\tirtos_tivac_2_16_00_08\products\TivaWare_C_Series-2.1.1.71b\grlib\ccs\Debug\</path>
         <kind>archive</kind>
         <file>grlib.lib</file>
         <name>charmap.obj</name>
      </input_file>
      <input_file id="fl-d7">
         <path>C:\ti\tirtos_tivac_2_16_00_08\products\TivaWare_C_Series-2.1.1.71b\grlib\ccs\Debug\</path>
         <kind>archive</kind>
         <file>grlib.lib</file>
         <name>line.obj</name>
      </input_file>
      <input_file id="fl-d8">
         <path>C:\ti\tirtos_tivac_2_16_00_08\products\TivaWare_C_Series-2.1.1.71b\driverlib\ccs\Debug\</path>
         <kind>archive</kind>
         <file>driverlib.lib</file>
         <name>adc.obj</name>
      </input_file>
      <input_file id="fl-d9">
         <path>C:\ti\tirtos_tivac_2_16_00_08\products\TivaWare_C_Series-2.1.1.71b\driverlib\ccs\Debug\</path>
         <kind>archive</kind>
         <file>driverlib.lib</file>
         <name>fpu.obj</name>
      </input_file>
      <input_file id="fl-da">
         <path>C:\ti\tirtos_tivac_2_16_00_08\products\TivaWare_C_Series-2.1.1.71b\driverlib\ccs\Debug\</path>
         <kind>archive</kind>
         <file>driverlib.lib</file>
         <name>gpio.obj</name>
      </input_file>
      <input_file id="fl-db">
         <path>C:\ti\tirtos_tivac_2_16_00_08\products\TivaWare_C_Series-2.1.1.71b\driverlib\ccs\Debug\</path>
         <kind>archive</kind>
         <file>driverlib.lib</file>
         <name>interrupt.obj</name>
      </input_file>
      <input_file id="fl-dc">
         <path>C:\ti\tirtos_tivac_2_16_00_08\products\TivaWare_C_Series-2.1.1.71b\driverlib\ccs\Debug\</path>
         <kind>archive</kind>
         <file>driverlib.lib</file>
         <name>ssi.obj</name>
      </input_file>
      <input_file id="fl-dd">
         <path>C:\ti\tirtos_tivac_2_16_00_08\products\TivaWare_C_Series-2.1.1.71b\driverlib\ccs\Debug\</path>
         <kind>archive</kind>
         <file>driverlib.lib</file>
         <name>sysctl.obj</name>
      </input_file>
      <input_file id="fl-de">
         <path>C:\ti\tirtos_tivac_2_16_00_08\products\TivaWare_C_Series-2.1.1.71b\driverlib\ccs\Debug\</path>
         <kind>archive</kind>
         <file>driverlib.lib</file>
         <name>timer.obj</name>
      </input_file>
      <input_file id="fl-df">
         <path>C:\ti\tirtos_tivac_2_16_00_08\products\TivaWare_C_Series-2.1.1.71b\driverlib\ccs\Debug\</path>
         <kind>archive</kind>
         <file>driverlib.lib</file>
         <name>cpu.obj</name>
      </input_file>
   </input_file_list>
   <object_component_list>
      <object_component id="oc-f">
         <name>.intvecs</name>
         <load_address>0x0</load_address>
         <run_address>0x0</run_address>
         <size>0x208</size>
         <input_file_ref idref="fl-7"/>
      </object_component>
      <object_component id="oc-2a">
         <name>.text</name>
         <load_address>0x208</load_address>
         <run_address>0x208</run_address>
         <size>0x984</size>
         <input_file_ref idref="fl-4"/>
      </object_component>
      <object_component id="oc-114">
         <name>.text:TimerIntClear</name>
         <load_address>0xb8c</load_address>
         <run_address>0xb8c</run_address>
         <size>0x4</size>
         <input_file_ref idref="fl-de"/>
      </object_component>
      <object_component id="oc-1e7">
         <name>.text</name>
         <load_address>0xb90</load_address>
         <run_address>0xb90</run_address>
         <size>0x3f0</size>
         <input_file_ref idref="fl-2"/>
      </object_component>
      <object_component id="oc-33f">
         <name>.text:GrFontGlyphRender</name>
         <load_address>0xf80</load_address>
         <run_address>0xf80</run_address>
         <size>0x256</size>
         <input_file_ref idref="fl-d4"/>
      </object_component>
      <object_component id="oc-1e1">
         <name>.text:SysCtlClockFreqSet</name>
         <load_address>0x11d8</load_address>
         <run_address>0x11d8</run_address>
         <size>0x204</size>
         <input_file_ref idref="fl-dd"/>
      </object_component>
      <object_component id="oc-154">
         <name>.text:_system_pre_init</name>
         <load_address>0x13dc</load_address>
         <run_address>0x13dc</run_address>
         <size>0x4</size>
         <input_file_ref idref="fl-d0"/>
      </object_component>
      <object_component id="oc-289">
         <name>.text</name>
         <load_address>0x13e0</load_address>
         <run_address>0x13e0</run_address>
         <size>0x17e</size>
         <input_file_ref idref="fl-3"/>
      </object_component>
      <object_component id="oc-db">
         <name>.text:GPIOPadConfigSet</name>
         <load_address>0x155e</load_address>
         <run_address>0x155e</run_address>
         <size>0x130</size>
         <input_file_ref idref="fl-da"/>
      </object_component>
      <object_component id="oc-29c">
         <name>.text:GrDefaultStringRenderer</name>
         <load_address>0x168e</load_address>
         <run_address>0x168e</run_address>
         <size>0xc4</size>
         <input_file_ref idref="fl-d4"/>
      </object_component>
      <object_component id="oc-11a">
         <name>.text:GPIOPinRead</name>
         <load_address>0x1752</load_address>
         <run_address>0x1752</run_address>
         <size>0x6</size>
         <input_file_ref idref="fl-da"/>
      </object_component>
      <object_component id="oc-15a">
         <name>.text</name>
         <load_address>0x1758</load_address>
         <run_address>0x1758</run_address>
         <size>0xb2</size>
         <input_file_ref idref="fl-5"/>
      </object_component>
      <object_component id="oc-3e">
         <name>.text</name>
         <load_address>0x180a</load_address>
         <run_address>0x180a</run_address>
         <size>0x9c</size>
         <input_file_ref idref="fl-ce"/>
      </object_component>
      <object_component id="oc-205">
         <name>.text:GrRectFill</name>
         <load_address>0x18a6</load_address>
         <run_address>0x18a6</run_address>
         <size>0x86</size>
         <input_file_ref idref="fl-d3"/>
      </object_component>
      <object_component id="oc-178">
         <name>.text:floorf</name>
         <load_address>0x192c</load_address>
         <run_address>0x192c</run_address>
         <size>0x80</size>
         <input_file_ref idref="fl-cc"/>
      </object_component>
      <object_component id="oc-ff">
         <name>.text:ADCSequenceStepConfigure</name>
         <load_address>0x19ac</load_address>
         <run_address>0x19ac</run_address>
         <size>0x7a</size>
         <input_file_ref idref="fl-d8"/>
      </object_component>
      <object_component id="oc-14e">
         <name>.text</name>
         <load_address>0x1a26</load_address>
         <run_address>0x1a26</run_address>
         <size>0x7a</size>
         <input_file_ref idref="fl-cd"/>
      </object_component>
      <object_component id="oc-82">
         <name>.text:roundf</name>
         <load_address>0x1aa0</load_address>
         <run_address>0x1aa0</run_address>
         <size>0x6e</size>
         <input_file_ref idref="fl-c3"/>
      </object_component>
      <object_component id="oc-1f0">
         <name>.text:GrContextInit</name>
         <load_address>0x1b10</load_address>
         <run_address>0x1b10</run_address>
         <size>0x68</size>
         <input_file_ref idref="fl-d2"/>
      </object_component>
      <object_component id="oc-cf">
         <name>.text:IntEnable</name>
         <load_address>0x1b78</load_address>
         <run_address>0x1b78</run_address>
         <size>0x68</size>
         <input_file_ref idref="fl-db"/>
      </object_component>
      <object_component id="oc-12">
         <name>.text:decompress:lzss:__TI_decompress_lzss</name>
         <load_address>0x1be0</load_address>
         <run_address>0x1be0</run_address>
         <size>0x68</size>
         <input_file_ref idref="fl-c7"/>
      </object_component>
      <object_component id="oc-b0">
         <name>.text:TimerConfigure</name>
         <load_address>0x1c48</load_address>
         <run_address>0x1c48</run_address>
         <size>0x60</size>
         <input_file_ref idref="fl-de"/>
      </object_component>
      <object_component id="oc-393">
         <name>.text:FontWideGlyphDataGet</name>
         <load_address>0x1ca8</load_address>
         <run_address>0x1ca8</run_address>
         <size>0x5a</size>
         <input_file_ref idref="fl-d4"/>
      </object_component>
      <object_component id="oc-2af">
         <name>.text:UpdateContextCharMapping</name>
         <load_address>0x1d02</load_address>
         <run_address>0x1d02</run_address>
         <size>0x4a</size>
         <input_file_ref idref="fl-d4"/>
      </object_component>
      <object_component id="oc-20c">
         <name>.text:abort:abort</name>
         <load_address>0x1d4c</load_address>
         <run_address>0x1d4c</run_address>
         <size>0x4</size>
         <input_file_ref idref="fl-c9"/>
      </object_component>
      <object_component id="oc-e7">
         <name>.text</name>
         <load_address>0x1d50</load_address>
         <run_address>0x1d50</run_address>
         <size>0x4a</size>
         <input_file_ref idref="fl-6"/>
      </object_component>
      <object_component id="oc-31d">
         <name>.text:GPIOPinConfigure</name>
         <load_address>0x1d9c</load_address>
         <run_address>0x1d9c</run_address>
         <size>0x48</size>
         <input_file_ref idref="fl-da"/>
      </object_component>
      <object_component id="oc-278">
         <name>.text:_SysCtlFrequencyGet</name>
         <load_address>0x1de4</load_address>
         <run_address>0x1de4</run_address>
         <size>0x48</size>
         <input_file_ref idref="fl-dd"/>
      </object_component>
      <object_component id="oc-218">
         <name>.text:__TI_auto_init_nobinit_nopinit:__TI_auto_init_nobinit_nopinit</name>
         <load_address>0x1e2c</load_address>
         <run_address>0x1e2c</run_address>
         <size>0x44</size>
         <input_file_ref idref="fl-cf"/>
      </object_component>
      <object_component id="oc-f9">
         <name>.text:ADCSequenceConfigure</name>
         <load_address>0x1e70</load_address>
         <run_address>0x1e70</run_address>
         <size>0x3e</size>
         <input_file_ref idref="fl-d8"/>
      </object_component>
      <object_component id="oc-30b">
         <name>.text:SSIConfigSetExpClk</name>
         <load_address>0x1eae</load_address>
         <run_address>0x1eae</run_address>
         <size>0x3c</size>
         <input_file_ref idref="fl-dc"/>
      </object_component>
      <object_component id="oc-399">
         <name>.text:FontGlyphDataGet</name>
         <load_address>0x1eea</load_address>
         <run_address>0x1eea</run_address>
         <size>0x3a</size>
         <input_file_ref idref="fl-d4"/>
      </object_component>
      <object_component id="oc-5c">
         <name>.text:_c_int00_noargs:_c_int00_noargs</name>
         <load_address>0x1f24</load_address>
         <run_address>0x1f24</run_address>
         <size>0x38</size>
         <input_file_ref idref="fl-c8"/>
      </object_component>
      <object_component id="oc-7d">
         <name>.text</name>
         <load_address>0x1f5c</load_address>
         <run_address>0x1f5c</run_address>
         <size>0x38</size>
         <input_file_ref idref="fl-c4"/>
      </object_component>
      <object_component id="oc-a4">
         <name>.text:SysCtlPeripheralEnable</name>
         <load_address>0x1f94</load_address>
         <run_address>0x1f94</run_address>
         <size>0x34</size>
         <input_file_ref idref="fl-dd"/>
      </object_component>
      <object_component id="oc-8f">
         <name>.text:ADCIntStatus</name>
         <load_address>0x1fc8</load_address>
         <run_address>0x1fc8</run_address>
         <size>0x2e</size>
         <input_file_ref idref="fl-d8"/>
      </object_component>
      <object_component id="oc-333">
         <name>.text:GrStringNextCharGet</name>
         <load_address>0x1ff6</load_address>
         <run_address>0x1ff6</run_address>
         <size>0x2e</size>
         <input_file_ref idref="fl-d4"/>
      </object_component>
      <object_component id="oc-19e">
         <name>.text:GPIODirModeSet</name>
         <load_address>0x2024</load_address>
         <run_address>0x2024</run_address>
         <size>0x2a</size>
         <input_file_ref idref="fl-da"/>
      </object_component>
      <object_component id="oc-32d">
         <name>.text:GrFontInfoGet</name>
         <load_address>0x204e</load_address>
         <run_address>0x204e</run_address>
         <size>0x26</size>
         <input_file_ref idref="fl-d4"/>
      </object_component>
      <object_component id="oc-c9">
         <name>.text:IntPrioritySet</name>
         <load_address>0x2074</load_address>
         <run_address>0x2074</run_address>
         <size>0x24</size>
         <input_file_ref idref="fl-db"/>
      </object_component>
      <object_component id="oc-339">
         <name>.text:GrFontGlyphDataGet</name>
         <load_address>0x2098</load_address>
         <run_address>0x2098</run_address>
         <size>0x22</size>
         <input_file_ref idref="fl-d4"/>
      </object_component>
      <object_component id="oc-98">
         <name>.text:ADCSequenceDataGet</name>
         <load_address>0x20ba</load_address>
         <run_address>0x20ba</run_address>
         <size>0x1e</size>
         <input_file_ref idref="fl-d8"/>
      </object_component>
      <object_component id="oc-354">
         <name>.text:GrFontCodepageGet</name>
         <load_address>0x20d8</load_address>
         <run_address>0x20d8</run_address>
         <size>0x1e</size>
         <input_file_ref idref="fl-d4"/>
      </object_component>
      <object_component id="oc-272">
         <name>.text:_SysCtlMemTimingGet</name>
         <load_address>0x20f8</load_address>
         <run_address>0x20f8</run_address>
         <size>0x1c</size>
         <input_file_ref idref="fl-dd"/>
      </object_component>
      <object_component id="oc-24">
         <name>.text</name>
         <load_address>0x2118</load_address>
         <run_address>0x2118</run_address>
         <size>0x1a</size>
         <input_file_ref idref="fl-7"/>
      </object_component>
      <object_component id="oc-ed">
         <name>.text:ADCClockConfigSet</name>
         <load_address>0x2132</load_address>
         <run_address>0x2132</run_address>
         <size>0x18</size>
         <input_file_ref idref="fl-d8"/>
      </object_component>
      <object_component id="oc-89">
         <name>.text:ADCProcessorTrigger</name>
         <load_address>0x214a</load_address>
         <run_address>0x214a</run_address>
         <size>0x18</size>
         <input_file_ref idref="fl-d8"/>
      </object_component>
      <object_component id="oc-323">
         <name>.text:GPIOPinTypeGPIOOutput</name>
         <load_address>0x2162</load_address>
         <run_address>0x2162</run_address>
         <size>0x18</size>
         <input_file_ref idref="fl-da"/>
      </object_component>
      <object_component id="oc-aa">
         <name>.text:TimerDisable</name>
         <load_address>0x217c</load_address>
         <run_address>0x217c</run_address>
         <size>0x14</size>
         <input_file_ref idref="fl-de"/>
      </object_component>
      <object_component id="oc-e1">
         <name>.text:GPIOPinTypeADC</name>
         <load_address>0x2190</load_address>
         <run_address>0x2190</run_address>
         <size>0x12</size>
         <input_file_ref idref="fl-da"/>
      </object_component>
      <object_component id="oc-d5">
         <name>.text:GPIOPinTypeGPIOInput</name>
         <load_address>0x21a2</load_address>
         <run_address>0x21a2</run_address>
         <size>0x12</size>
         <input_file_ref idref="fl-da"/>
      </object_component>
      <object_component id="oc-317">
         <name>.text:GPIOPinTypeSSI</name>
         <load_address>0x21b4</load_address>
         <run_address>0x21b4</run_address>
         <size>0x12</size>
         <input_file_ref idref="fl-da"/>
      </object_component>
      <object_component id="oc-b7">
         <name>.text:TimerLoadSet</name>
         <load_address>0x21c6</load_address>
         <run_address>0x21c6</run_address>
         <size>0x12</size>
         <input_file_ref idref="fl-de"/>
      </object_component>
      <object_component id="oc-10b">
         <name>.text:ADCIntEnable</name>
         <load_address>0x21d8</load_address>
         <run_address>0x21d8</run_address>
         <size>0x10</size>
         <input_file_ref idref="fl-d8"/>
      </object_component>
      <object_component id="oc-1d5">
         <name>.text:FPUEnable</name>
         <load_address>0x21e8</load_address>
         <run_address>0x21e8</run_address>
         <size>0x10</size>
         <input_file_ref idref="fl-d9"/>
      </object_component>
      <object_component id="oc-1db">
         <name>.text:FPULazyStackingEnable</name>
         <load_address>0x21f8</load_address>
         <run_address>0x21f8</run_address>
         <size>0x10</size>
         <input_file_ref idref="fl-d9"/>
      </object_component>
      <object_component id="oc-1cf">
         <name>.text:IntMasterDisable</name>
         <load_address>0x2208</load_address>
         <run_address>0x2208</run_address>
         <size>0x10</size>
         <input_file_ref idref="fl-db"/>
      </object_component>
      <object_component id="oc-1ff">
         <name>.text:IntMasterEnable</name>
         <load_address>0x2218</load_address>
         <run_address>0x2218</run_address>
         <size>0x10</size>
         <input_file_ref idref="fl-db"/>
      </object_component>
      <object_component id="oc-f3">
         <name>.text:ADCSequenceDisable</name>
         <load_address>0x2228</load_address>
         <run_address>0x2228</run_address>
         <size>0xe</size>
         <input_file_ref idref="fl-d8"/>
      </object_component>
      <object_component id="oc-105">
         <name>.text:ADCSequenceEnable</name>
         <load_address>0x2236</load_address>
         <run_address>0x2236</run_address>
         <size>0xe</size>
         <input_file_ref idref="fl-d8"/>
      </object_component>
      <object_component id="oc-c3">
         <name>.text:TimerEnable</name>
         <load_address>0x2244</load_address>
         <run_address>0x2244</run_address>
         <size>0xe</size>
         <input_file_ref idref="fl-de"/>
      </object_component>
      <object_component id="oc-18">
         <name>.text:decompress:none:__TI_decompress_none</name>
         <load_address>0x2252</load_address>
         <run_address>0x2252</run_address>
         <size>0xe</size>
         <input_file_ref idref="fl-c6"/>
      </object_component>
      <object_component id="oc-269">
         <name>.text:CPUcpsid</name>
         <load_address>0x2260</load_address>
         <run_address>0x2260</run_address>
         <size>0xc</size>
         <input_file_ref idref="fl-df"/>
      </object_component>
      <object_component id="oc-2b8">
         <name>.text:CPUcpsie</name>
         <load_address>0x226c</load_address>
         <run_address>0x226c</run_address>
         <size>0xc</size>
         <input_file_ref idref="fl-df"/>
      </object_component>
      <object_component id="oc-50">
         <name>.text:decompress:ZI:__TI_zero_init</name>
         <load_address>0x2278</load_address>
         <run_address>0x2278</run_address>
         <size>0xc</size>
         <input_file_ref idref="fl-c5"/>
      </object_component>
      <object_component id="oc-9e">
         <name>.text:ADCIntClear</name>
         <load_address>0x2284</load_address>
         <run_address>0x2284</run_address>
         <size>0xa</size>
         <input_file_ref idref="fl-d8"/>
      </object_component>
      <object_component id="oc-2f9">
         <name>.text:SSIDataPut</name>
         <load_address>0x228e</load_address>
         <run_address>0x228e</run_address>
         <size>0xa</size>
         <input_file_ref idref="fl-dc"/>
      </object_component>
      <object_component id="oc-311">
         <name>.text:SSIEnable</name>
         <load_address>0x2298</load_address>
         <run_address>0x2298</run_address>
         <size>0xa</size>
         <input_file_ref idref="fl-dc"/>
      </object_component>
      <object_component id="oc-346">
         <name>.text:GrMapISO8859_1_Unicode</name>
         <load_address>0x22a2</load_address>
         <run_address>0x22a2</run_address>
         <size>0x8</size>
         <input_file_ref idref="fl-d6"/>
      </object_component>
      <object_component id="oc-2ff">
         <name>.text:SSIBusy</name>
         <load_address>0x22aa</load_address>
         <run_address>0x22aa</run_address>
         <size>0x8</size>
         <input_file_ref idref="fl-dc"/>
      </object_component>
      <object_component id="oc-bd">
         <name>.text:TimerIntEnable</name>
         <load_address>0x22b2</load_address>
         <run_address>0x22b2</run_address>
         <size>0x8</size>
         <input_file_ref idref="fl-de"/>
      </object_component>
      <object_component id="oc-305">
         <name>.text:GPIOPinWrite</name>
         <load_address>0x22ba</load_address>
         <run_address>0x22ba</run_address>
         <size>0x6</size>
         <input_file_ref idref="fl-da"/>
      </object_component>
      <object_component id="oc-1f9">
         <name>.text:GrContextFontSet</name>
         <load_address>0x22c0</load_address>
         <run_address>0x22c0</run_address>
         <size>0x6</size>
         <input_file_ref idref="fl-d4"/>
      </object_component>
      <object_component id="oc-292">
         <name>.text:SysCtlDelay</name>
         <load_address>0x22c6</load_address>
         <run_address>0x22c6</run_address>
         <size>0x6</size>
         <input_file_ref idref="fl-dd"/>
      </object_component>
      <object_component id="oc-2a9">
         <name>.const:.string:g_pui8FontFixed6x8Data</name>
         <load_address>0x22cc</load_address>
         <run_address>0x22cc</run_address>
         <size>0x2f8</size>
         <input_file_ref idref="fl-d5"/>
      </object_component>
      <object_component id="oc-281">
         <name>.const:g_pppui32XTALtoVCO</name>
         <load_address>0x25c4</load_address>
         <run_address>0x25c4</run_address>
         <size>0x120</size>
         <input_file_ref idref="fl-dd"/>
      </object_component>
      <object_component id="oc-1f6">
         <name>.const:g_sFontFixed6x8</name>
         <load_address>0x26e4</load_address>
         <run_address>0x26e4</run_address>
         <size>0xc8</size>
         <input_file_ref idref="fl-d5"/>
      </object_component>
      <object_component id="oc-195">
         <name>.const:g_pui32Regs</name>
         <load_address>0x27ac</load_address>
         <run_address>0x27ac</run_address>
         <size>0x9c</size>
         <input_file_ref idref="fl-db"/>
      </object_component>
      <object_component id="oc-38a">
         <name>.const:g_pui32GPIOBaseAddrs</name>
         <load_address>0x2848</load_address>
         <run_address>0x2848</run_address>
         <size>0x90</size>
         <input_file_ref idref="fl-da"/>
      </object_component>
      <object_component id="oc-19a">
         <name>.const</name>
         <load_address>0x28d8</load_address>
         <run_address>0x28d8</run_address>
         <size>0x70</size>
         <input_file_ref idref="fl-db"/>
      </object_component>
      <object_component id="oc-27e">
         <name>.const:g_pui32Xtals</name>
         <load_address>0x2948</load_address>
         <run_address>0x2948</run_address>
         <size>0x6c</size>
         <input_file_ref idref="fl-dd"/>
      </object_component>
      <object_component id="oc-2ee">
         <name>.const:g_sXTALtoMEMTIM</name>
         <load_address>0x29b4</load_address>
         <run_address>0x29b4</run_address>
         <size>0x30</size>
         <input_file_ref idref="fl-dd"/>
      </object_component>
      <object_component id="oc-1ed">
         <name>.const:g_sCrystalfontz128x128</name>
         <load_address>0x29e4</load_address>
         <run_address>0x29e4</run_address>
         <size>0x28</size>
         <input_file_ref idref="fl-2"/>
      </object_component>
      <object_component id="oc-2a2">
         <name>.const</name>
         <load_address>0x2a0c</load_address>
         <run_address>0x2a0c</run_address>
         <size>0x10</size>
         <input_file_ref idref="fl-d2"/>
      </object_component>
      <object_component id="oc-284">
         <name>.const</name>
         <load_address>0x2a1c</load_address>
         <run_address>0x2a1c</run_address>
         <size>0x8</size>
         <input_file_ref idref="fl-dd"/>
      </object_component>
      <object_component id="oc-3e4">
         <name>.cinit..data.load</name>
         <load_address>0x2a28</load_address>
         <run_address>0x2a28</run_address>
         <size>0x18</size>
      </object_component>
      <object_component id="oc-3e2">
         <name>__TI_handler_table</name>
         <load_address>0x2a40</load_address>
         <run_address>0x2a40</run_address>
         <size>0xc</size>
      </object_component>
      <object_component id="oc-3e5">
         <name>.cinit..bss.load</name>
         <load_address>0x2a50</load_address>
         <run_address>0x2a50</run_address>
         <size>0x8</size>
      </object_component>
      <object_component id="oc-3e3">
         <name>__TI_cinit_table</name>
         <load_address>0x2a58</load_address>
         <run_address>0x2a58</run_address>
         <size>0x10</size>
      </object_component>
      <object_component id="oc-28f">
         <name>.data:Lcd_buffer</name>
         <load_address>0x20000000</load_address>
         <run_address>0x20000000</run_address>
         <size>0x8000</size>
         <input_file_ref idref="fl-2"/>
      </object_component>
      <object_component id="oc-71">
         <name>.data</name>
         <load_address>0x20008024</load_address>
         <run_address>0x20008024</run_address>
         <size>0xa</size>
         <input_file_ref idref="fl-4"/>
      </object_component>
      <object_component id="oc-95">
         <name>.data:gJoystick</name>
         <load_address>0x20008030</load_address>
         <run_address>0x20008030</run_address>
         <size>0x8</size>
         <input_file_ref idref="fl-4"/>
      </object_component>
      <object_component id="oc-113">
         <name>.data:count$2</name>
         <load_address>0x20008000</load_address>
         <run_address>0x20008000</run_address>
         <size>0x24</size>
         <input_file_ref idref="fl-4"/>
      </object_component>
      <object_component id="oc-120">
         <name>.data</name>
         <load_address>0x20008038</load_address>
         <run_address>0x20008038</run_address>
         <size>0x4</size>
         <input_file_ref idref="fl-5"/>
      </object_component>
      <object_component id="oc-112">
         <name>.bss:state$1</name>
         <uninitialized>true</uninitialized>
         <run_address>0x2000913c</run_address>
         <size>0x14</size>
         <input_file_ref idref="fl-4"/>
      </object_component>
      <object_component id="oc-288">
         <name>.common:Lcd_Orientation</name>
         <uninitialized>true</uninitialized>
         <run_address>0x20009188</run_address>
         <size>0x1</size>
      </object_component>
      <object_component id="oc-294">
         <name>.common:Lcd_ScreenWidth</name>
         <uninitialized>true</uninitialized>
         <run_address>0x2000917e</run_address>
         <size>0x2</size>
      </object_component>
      <object_component id="oc-293">
         <name>.common:Lcd_ScreenHeigth</name>
         <uninitialized>true</uninitialized>
         <run_address>0x2000917c</run_address>
         <size>0x2</size>
      </object_component>
      <object_component id="oc-295">
         <name>.common:Lcd_PenSolid</name>
         <uninitialized>true</uninitialized>
         <run_address>0x20009189</run_address>
         <size>0x1</size>
      </object_component>
      <object_component id="oc-296">
         <name>.common:Lcd_FontSolid</name>
         <uninitialized>true</uninitialized>
         <run_address>0x20009187</run_address>
         <size>0x1</size>
      </object_component>
      <object_component id="oc-297">
         <name>.common:Lcd_FlagRead</name>
         <uninitialized>true</uninitialized>
         <run_address>0x20009186</run_address>
         <size>0x1</size>
      </object_component>
      <object_component id="oc-298">
         <name>.common:Lcd_TouchTrim</name>
         <uninitialized>true</uninitialized>
         <run_address>0x20009180</run_address>
         <size>0x2</size>
      </object_component>
      <object_component id="oc-74">
         <name>.common:gADCBuffer</name>
         <uninitialized>true</uninitialized>
         <run_address>0x2000803c</run_address>
         <size>0x1000</size>
      </object_component>
      <object_component id="oc-79">
         <name>.common:gWaveformBuffer</name>
         <uninitialized>true</uninitialized>
         <run_address>0x2000903c</run_address>
         <size>0x100</size>
      </object_component>
      <object_component id="oc-124">
         <name>.common:triggerBuffer</name>
         <uninitialized>true</uninitialized>
         <run_address>0x20009150</run_address>
         <size>0xc</size>
      </object_component>
      <object_component id="oc-123">
         <name>.common:gADCErrors</name>
         <uninitialized>true</uninitialized>
         <run_address>0x20009160</run_address>
         <size>0x4</size>
      </object_component>
      <object_component id="oc-7b">
         <name>.common:sample</name>
         <uninitialized>true</uninitialized>
         <run_address>0x20009184</run_address>
         <size>0x2</size>
      </object_component>
      <object_component id="oc-7a">
         <name>.common:fVoltsPerDiv</name>
         <uninitialized>true</uninitialized>
         <run_address>0x20009182</run_address>
         <size>0x2</size>
      </object_component>
      <object_component id="oc-7c">
         <name>.common:fScale</name>
         <uninitialized>true</uninitialized>
         <run_address>0x2000915c</run_address>
         <size>0x4</size>
      </object_component>
      <object_component id="oc-88">
         <name>.common:y</name>
         <uninitialized>true</uninitialized>
         <run_address>0x20009178</run_address>
         <size>0x4</size>
      </object_component>
      <object_component id="oc-111">
         <name>.common:gADCSamplingRate</name>
         <uninitialized>true</uninitialized>
         <run_address>0x20009164</run_address>
         <size>0x4</size>
      </object_component>
      <object_component id="oc-125">
         <name>.common:temp0</name>
         <uninitialized>true</uninitialized>
         <run_address>0x20009170</run_address>
         <size>0x4</size>
      </object_component>
      <object_component id="oc-126">
         <name>.common:temp1</name>
         <uninitialized>true</uninitialized>
         <run_address>0x20009174</run_address>
         <size>0x4</size>
      </object_component>
      <object_component id="oc-b6">
         <name>.common:gSystemClock</name>
         <uninitialized>true</uninitialized>
         <run_address>0x20009168</run_address>
         <size>0x4</size>
      </object_component>
      <object_component id="oc-2a5">
         <name>.common:g_psGrLibDefaults</name>
         <uninitialized>true</uninitialized>
         <run_address>0x2000916c</run_address>
         <size>0x4</size>
      </object_component>
      <object_component id="oc-21">
         <name>.stack</name>
         <uninitialized>true</uninitialized>
         <run_address>0x20009190</run_address>
         <size>0x4</size>
         <input_file_ref idref="fl-c8"/>
      </object_component>
      <object_component id="oc-3e6">
         <name>.stack</name>
         <uninitialized>true</uninitialized>
         <run_address>0x20009190</run_address>
         <size>0x0</size>
      </object_component>
      <object_component id="oc-1bd">
         <name>.debug_info</name>
         <load_address>0x0</load_address>
         <run_address>0x0</run_address>
         <size>0x6d2</size>
         <input_file_ref idref="fl-2"/>
      </object_component>
      <object_component id="oc-290">
         <name>.debug_info</name>
         <load_address>0x6d2</load_address>
         <run_address>0x6d2</run_address>
         <size>0xd8</size>
         <input_file_ref idref="fl-2"/>
      </object_component>
      <object_component id="oc-1ee">
         <name>.debug_info</name>
         <load_address>0x7aa</load_address>
         <run_address>0x7aa</run_address>
         <size>0xf1</size>
         <input_file_ref idref="fl-2"/>
      </object_component>
      <object_component id="oc-1e8">
         <name>.debug_info</name>
         <load_address>0x89b</load_address>
         <run_address>0x89b</run_address>
         <size>0x10cd</size>
         <input_file_ref idref="fl-2"/>
      </object_component>
      <object_component id="oc-170">
         <name>.debug_info</name>
         <load_address>0x1968</load_address>
         <run_address>0x1968</run_address>
         <size>0x6bd</size>
         <input_file_ref idref="fl-2"/>
      </object_component>
      <object_component id="oc-134">
         <name>.debug_info</name>
         <load_address>0x2025</load_address>
         <run_address>0x2025</run_address>
         <size>0x26b</size>
         <input_file_ref idref="fl-2"/>
      </object_component>
      <object_component id="oc-12d">
         <name>.debug_info</name>
         <load_address>0x2290</load_address>
         <run_address>0x2290</run_address>
         <size>0x8b</size>
         <input_file_ref idref="fl-2"/>
      </object_component>
      <object_component id="oc-1b8">
         <name>.debug_info</name>
         <load_address>0x231b</load_address>
         <run_address>0x231b</run_address>
         <size>0x297</size>
         <input_file_ref idref="fl-2"/>
      </object_component>
      <object_component id="oc-1a9">
         <name>.debug_info</name>
         <load_address>0x25b2</load_address>
         <run_address>0x25b2</run_address>
         <size>0xef</size>
         <input_file_ref idref="fl-2"/>
      </object_component>
      <object_component id="oc-128">
         <name>.debug_info</name>
         <load_address>0x26a1</load_address>
         <run_address>0x26a1</run_address>
         <size>0xbb</size>
         <input_file_ref idref="fl-2"/>
      </object_component>
      <object_component id="oc-32a">
         <name>.debug_info</name>
         <load_address>0x275c</load_address>
         <run_address>0x275c</run_address>
         <size>0x692</size>
         <input_file_ref idref="fl-3"/>
      </object_component>
      <object_component id="oc-28d">
         <name>.debug_info</name>
         <load_address>0x2dee</load_address>
         <run_address>0x2dee</run_address>
         <size>0x5f2</size>
         <input_file_ref idref="fl-3"/>
      </object_component>
      <object_component id="oc-75">
         <name>.debug_info</name>
         <load_address>0x33e0</load_address>
         <run_address>0x33e0</run_address>
         <size>0xc09</size>
         <input_file_ref idref="fl-4"/>
      </object_component>
      <object_component id="oc-72">
         <name>.debug_info</name>
         <load_address>0x3fe9</load_address>
         <run_address>0x3fe9</run_address>
         <size>0xf0</size>
         <input_file_ref idref="fl-4"/>
      </object_component>
      <object_component id="oc-96">
         <name>.debug_info</name>
         <load_address>0x40d9</load_address>
         <run_address>0x40d9</run_address>
         <size>0xc3</size>
         <input_file_ref idref="fl-4"/>
      </object_component>
      <object_component id="oc-2c">
         <name>.debug_info</name>
         <load_address>0x419c</load_address>
         <run_address>0x419c</run_address>
         <size>0x9be</size>
         <input_file_ref idref="fl-4"/>
      </object_component>
      <object_component id="oc-77">
         <name>.debug_info</name>
         <load_address>0x4b5a</load_address>
         <run_address>0x4b5a</run_address>
         <size>0x89d</size>
         <input_file_ref idref="fl-5"/>
      </object_component>
      <object_component id="oc-121">
         <name>.debug_info</name>
         <load_address>0x53f7</load_address>
         <run_address>0x53f7</run_address>
         <size>0xb8</size>
         <input_file_ref idref="fl-5"/>
      </object_component>
      <object_component id="oc-15b">
         <name>.debug_info</name>
         <load_address>0x54af</load_address>
         <run_address>0x54af</run_address>
         <size>0x233</size>
         <input_file_ref idref="fl-5"/>
      </object_component>
      <object_component id="oc-eb">
         <name>.debug_info</name>
         <load_address>0x56e2</load_address>
         <run_address>0x56e2</run_address>
         <size>0x19c</size>
         <input_file_ref idref="fl-6"/>
      </object_component>
      <object_component id="oc-39">
         <name>.debug_info</name>
         <load_address>0x587e</load_address>
         <run_address>0x587e</run_address>
         <size>0x84</size>
         <input_file_ref idref="fl-6"/>
      </object_component>
      <object_component id="oc-32">
         <name>.debug_info</name>
         <load_address>0x5902</load_address>
         <run_address>0x5902</run_address>
         <size>0x2cc</size>
         <input_file_ref idref="fl-7"/>
      </object_component>
      <object_component id="oc-10">
         <name>.debug_info</name>
         <load_address>0x5bce</load_address>
         <run_address>0x5bce</run_address>
         <size>0xdb</size>
         <input_file_ref idref="fl-7"/>
      </object_component>
      <object_component id="oc-26">
         <name>.debug_info</name>
         <load_address>0x5ca9</load_address>
         <run_address>0x5ca9</run_address>
         <size>0x25a</size>
         <input_file_ref idref="fl-7"/>
      </object_component>
      <object_component id="oc-17f">
         <name>.debug_info</name>
         <load_address>0x5f03</load_address>
         <run_address>0x5f03</run_address>
         <size>0x2a8</size>
         <input_file_ref idref="fl-c3"/>
      </object_component>
      <object_component id="oc-86">
         <name>.debug_info</name>
         <load_address>0x61ab</load_address>
         <run_address>0x61ab</run_address>
         <size>0x17e</size>
         <input_file_ref idref="fl-c3"/>
      </object_component>
      <object_component id="oc-7e">
         <name>.debug_info</name>
         <load_address>0x6329</load_address>
         <run_address>0x6329</run_address>
         <size>0x124</size>
         <input_file_ref idref="fl-c4"/>
      </object_component>
      <object_component id="oc-14d">
         <name>.debug_info</name>
         <load_address>0x644d</load_address>
         <run_address>0x644d</run_address>
         <size>0x313</size>
         <input_file_ref idref="fl-c5"/>
      </object_component>
      <object_component id="oc-51">
         <name>.debug_info</name>
         <load_address>0x6760</load_address>
         <run_address>0x6760</run_address>
         <size>0x1aa</size>
         <input_file_ref idref="fl-c5"/>
      </object_component>
      <object_component id="oc-148">
         <name>.debug_info</name>
         <load_address>0x690a</load_address>
         <run_address>0x690a</run_address>
         <size>0x46</size>
         <input_file_ref idref="fl-c5"/>
      </object_component>
      <object_component id="oc-1c6">
         <name>.debug_info</name>
         <load_address>0x6950</load_address>
         <run_address>0x6950</run_address>
         <size>0x2c</size>
         <input_file_ref idref="fl-c5"/>
      </object_component>
      <object_component id="oc-49">
         <name>.debug_info</name>
         <load_address>0x697c</load_address>
         <run_address>0x697c</run_address>
         <size>0x29d</size>
         <input_file_ref idref="fl-c6"/>
      </object_component>
      <object_component id="oc-1c">
         <name>.debug_info</name>
         <load_address>0x6c19</load_address>
         <run_address>0x6c19</run_address>
         <size>0x1df</size>
         <input_file_ref idref="fl-c6"/>
      </object_component>
      <object_component id="oc-44">
         <name>.debug_info</name>
         <load_address>0x6df8</load_address>
         <run_address>0x6df8</run_address>
         <size>0x46</size>
         <input_file_ref idref="fl-c6"/>
      </object_component>
      <object_component id="oc-140">
         <name>.debug_info</name>
         <load_address>0x6e3e</load_address>
         <run_address>0x6e3e</run_address>
         <size>0x2c</size>
         <input_file_ref idref="fl-c6"/>
      </object_component>
      <object_component id="oc-13e">
         <name>.debug_info</name>
         <load_address>0x6e6a</load_address>
         <run_address>0x6e6a</run_address>
         <size>0x293</size>
         <input_file_ref idref="fl-c7"/>
      </object_component>
      <object_component id="oc-14">
         <name>.debug_info</name>
         <load_address>0x70fd</load_address>
         <run_address>0x70fd</run_address>
         <size>0x245</size>
         <input_file_ref idref="fl-c7"/>
      </object_component>
      <object_component id="oc-34">
         <name>.debug_info</name>
         <load_address>0x7342</load_address>
         <run_address>0x7342</run_address>
         <size>0x60</size>
         <input_file_ref idref="fl-c7"/>
      </object_component>
      <object_component id="oc-1bf">
         <name>.debug_info</name>
         <load_address>0x73a2</load_address>
         <run_address>0x73a2</run_address>
         <size>0x46</size>
         <input_file_ref idref="fl-c7"/>
      </object_component>
      <object_component id="oc-139">
         <name>.debug_info</name>
         <load_address>0x73e8</load_address>
         <run_address>0x73e8</run_address>
         <size>0x39</size>
         <input_file_ref idref="fl-c7"/>
      </object_component>
      <object_component id="oc-22">
         <name>.debug_info</name>
         <load_address>0x7421</load_address>
         <run_address>0x7421</run_address>
         <size>0x100</size>
         <input_file_ref idref="fl-c8"/>
      </object_component>
      <object_component id="oc-5d">
         <name>.debug_info</name>
         <load_address>0x7521</load_address>
         <run_address>0x7521</run_address>
         <size>0x1a4</size>
         <input_file_ref idref="fl-c8"/>
      </object_component>
      <object_component id="oc-20f">
         <name>.debug_info</name>
         <load_address>0x76c5</load_address>
         <run_address>0x76c5</run_address>
         <size>0x117</size>
         <input_file_ref idref="fl-c9"/>
      </object_component>
      <object_component id="oc-24b">
         <name>.debug_info</name>
         <load_address>0x77dc</load_address>
         <run_address>0x77dc</run_address>
         <size>0x285</size>
         <input_file_ref idref="fl-cc"/>
      </object_component>
      <object_component id="oc-179">
         <name>.debug_info</name>
         <load_address>0x7a61</load_address>
         <run_address>0x7a61</run_address>
         <size>0x177</size>
         <input_file_ref idref="fl-cc"/>
      </object_component>
      <object_component id="oc-2e8">
         <name>.debug_info</name>
         <load_address>0x7bd8</load_address>
         <run_address>0x7bd8</run_address>
         <size>0x46</size>
         <input_file_ref idref="fl-cc"/>
      </object_component>
      <object_component id="oc-24c">
         <name>.debug_info</name>
         <load_address>0x7c1e</load_address>
         <run_address>0x7c1e</run_address>
         <size>0x39</size>
         <input_file_ref idref="fl-cc"/>
      </object_component>
      <object_component id="oc-150">
         <name>.debug_info</name>
         <load_address>0x7c57</load_address>
         <run_address>0x7c57</run_address>
         <size>0x13f</size>
         <input_file_ref idref="fl-cd"/>
      </object_component>
      <object_component id="oc-40">
         <name>.debug_info</name>
         <load_address>0x7d96</load_address>
         <run_address>0x7d96</run_address>
         <size>0x111</size>
         <input_file_ref idref="fl-ce"/>
      </object_component>
      <object_component id="oc-2d1">
         <name>.debug_info</name>
         <load_address>0x7ea7</load_address>
         <run_address>0x7ea7</run_address>
         <size>0x547</size>
         <input_file_ref idref="fl-cf"/>
      </object_component>
      <object_component id="oc-21a">
         <name>.debug_info</name>
         <load_address>0x83ee</load_address>
         <run_address>0x83ee</run_address>
         <size>0x19b</size>
         <input_file_ref idref="fl-cf"/>
      </object_component>
      <object_component id="oc-370">
         <name>.debug_info</name>
         <load_address>0x8589</load_address>
         <run_address>0x8589</run_address>
         <size>0x39</size>
         <input_file_ref idref="fl-cf"/>
      </object_component>
      <object_component id="oc-3a7">
         <name>.debug_info</name>
         <load_address>0x85c2</load_address>
         <run_address>0x85c2</run_address>
         <size>0x39</size>
         <input_file_ref idref="fl-cf"/>
      </object_component>
      <object_component id="oc-375">
         <name>.debug_info</name>
         <load_address>0x85fb</load_address>
         <run_address>0x85fb</run_address>
         <size>0x39</size>
         <input_file_ref idref="fl-cf"/>
      </object_component>
      <object_component id="oc-37a">
         <name>.debug_info</name>
         <load_address>0x8634</load_address>
         <run_address>0x8634</run_address>
         <size>0xcd</size>
         <input_file_ref idref="fl-cf"/>
      </object_component>
      <object_component id="oc-157">
         <name>.debug_info</name>
         <load_address>0x8701</load_address>
         <run_address>0x8701</run_address>
         <size>0x148</size>
         <input_file_ref idref="fl-d0"/>
      </object_component>
      <object_component id="oc-2a6">
         <name>.debug_info</name>
         <load_address>0x8849</load_address>
         <run_address>0x8849</run_address>
         <size>0x464</size>
         <input_file_ref idref="fl-d2"/>
      </object_component>
      <object_component id="oc-2a3">
         <name>.debug_info</name>
         <load_address>0x8cad</load_address>
         <run_address>0x8cad</run_address>
         <size>0x167</size>
         <input_file_ref idref="fl-d2"/>
      </object_component>
      <object_component id="oc-1f1">
         <name>.debug_info</name>
         <load_address>0x8e14</load_address>
         <run_address>0x8e14</run_address>
         <size>0x27d</size>
         <input_file_ref idref="fl-d2"/>
      </object_component>
      <object_component id="oc-2c1">
         <name>.debug_info</name>
         <load_address>0x9091</load_address>
         <run_address>0x9091</run_address>
         <size>0x6bd</size>
         <input_file_ref idref="fl-d2"/>
      </object_component>
      <object_component id="oc-181">
         <name>.debug_info</name>
         <load_address>0x974e</load_address>
         <run_address>0x974e</run_address>
         <size>0x18b</size>
         <input_file_ref idref="fl-d2"/>
      </object_component>
      <object_component id="oc-2c0">
         <name>.debug_info</name>
         <load_address>0x98d9</load_address>
         <run_address>0x98d9</run_address>
         <size>0x3d9</size>
         <input_file_ref idref="fl-d3"/>
      </object_component>
      <object_component id="oc-207">
         <name>.debug_info</name>
         <load_address>0x9cb2</load_address>
         <run_address>0x9cb2</run_address>
         <size>0x284</size>
         <input_file_ref idref="fl-d3"/>
      </object_component>
      <object_component id="oc-2b6">
         <name>.debug_info</name>
         <load_address>0x9f36</load_address>
         <run_address>0x9f36</run_address>
         <size>0x51c</size>
         <input_file_ref idref="fl-d4"/>
      </object_component>
      <object_component id="oc-336">
         <name>.debug_info</name>
         <load_address>0xa452</load_address>
         <run_address>0xa452</run_address>
         <size>0x2fe</size>
         <input_file_ref idref="fl-d4"/>
      </object_component>
      <object_component id="oc-396">
         <name>.debug_info</name>
         <load_address>0xa750</load_address>
         <run_address>0xa750</run_address>
         <size>0x315</size>
         <input_file_ref idref="fl-d4"/>
      </object_component>
      <object_component id="oc-39d">
         <name>.debug_info</name>
         <load_address>0xaa65</load_address>
         <run_address>0xaa65</run_address>
         <size>0x34b</size>
         <input_file_ref idref="fl-d4"/>
      </object_component>
      <object_component id="oc-33d">
         <name>.debug_info</name>
         <load_address>0xadb0</load_address>
         <run_address>0xadb0</run_address>
         <size>0x30a</size>
         <input_file_ref idref="fl-d4"/>
      </object_component>
      <object_component id="oc-331">
         <name>.debug_info</name>
         <load_address>0xb0ba</load_address>
         <run_address>0xb0ba</run_address>
         <size>0x341</size>
         <input_file_ref idref="fl-d4"/>
      </object_component>
      <object_component id="oc-358">
         <name>.debug_info</name>
         <load_address>0xb3fb</load_address>
         <run_address>0xb3fb</run_address>
         <size>0x254</size>
         <input_file_ref idref="fl-d4"/>
      </object_component>
      <object_component id="oc-2b3">
         <name>.debug_info</name>
         <load_address>0xb64f</load_address>
         <run_address>0xb64f</run_address>
         <size>0x2b6</size>
         <input_file_ref idref="fl-d4"/>
      </object_component>
      <object_component id="oc-343">
         <name>.debug_info</name>
         <load_address>0xb905</load_address>
         <run_address>0xb905</run_address>
         <size>0x49a</size>
         <input_file_ref idref="fl-d4"/>
      </object_component>
      <object_component id="oc-2a0">
         <name>.debug_info</name>
         <load_address>0xbd9f</load_address>
         <run_address>0xbd9f</run_address>
         <size>0x4bd</size>
         <input_file_ref idref="fl-d4"/>
      </object_component>
      <object_component id="oc-1fd">
         <name>.debug_info</name>
         <load_address>0xc25c</load_address>
         <run_address>0xc25c</run_address>
         <size>0x28d</size>
         <input_file_ref idref="fl-d4"/>
      </object_component>
      <object_component id="oc-2ae">
         <name>.debug_info</name>
         <load_address>0xc4e9</load_address>
         <run_address>0xc4e9</run_address>
         <size>0x362</size>
         <input_file_ref idref="fl-d5"/>
      </object_component>
      <object_component id="oc-2aa">
         <name>.debug_info</name>
         <load_address>0xc84b</load_address>
         <run_address>0xc84b</run_address>
         <size>0x165</size>
         <input_file_ref idref="fl-d5"/>
      </object_component>
      <object_component id="oc-1f7">
         <name>.debug_info</name>
         <load_address>0xc9b0</load_address>
         <run_address>0xc9b0</run_address>
         <size>0x158</size>
         <input_file_ref idref="fl-d5"/>
      </object_component>
      <object_component id="oc-3a2">
         <name>.debug_info</name>
         <load_address>0xcb08</load_address>
         <run_address>0xcb08</run_address>
         <size>0x3cd</size>
         <input_file_ref idref="fl-d6"/>
      </object_component>
      <object_component id="oc-347">
         <name>.debug_info</name>
         <load_address>0xced5</load_address>
         <run_address>0xced5</run_address>
         <size>0x2b1</size>
         <input_file_ref idref="fl-d6"/>
      </object_component>
      <object_component id="oc-186">
         <name>.debug_info</name>
         <load_address>0xd186</load_address>
         <run_address>0xd186</run_address>
         <size>0x23d</size>
         <input_file_ref idref="fl-d8"/>
      </object_component>
      <object_component id="oc-100">
         <name>.debug_info</name>
         <load_address>0xd3c3</load_address>
         <run_address>0xd3c3</run_address>
         <size>0x333</size>
         <input_file_ref idref="fl-d8"/>
      </object_component>
      <object_component id="oc-106">
         <name>.debug_info</name>
         <load_address>0xd6f6</load_address>
         <run_address>0xd6f6</run_address>
         <size>0x2a0</size>
         <input_file_ref idref="fl-d8"/>
      </object_component>
      <object_component id="oc-f4">
         <name>.debug_info</name>
         <load_address>0xd996</load_address>
         <run_address>0xd996</run_address>
         <size>0x2a2</size>
         <input_file_ref idref="fl-d8"/>
      </object_component>
      <object_component id="oc-99">
         <name>.debug_info</name>
         <load_address>0xdc38</load_address>
         <run_address>0xdc38</run_address>
         <size>0x2ff</size>
         <input_file_ref idref="fl-d8"/>
      </object_component>
      <object_component id="oc-fa">
         <name>.debug_info</name>
         <load_address>0xdf37</load_address>
         <run_address>0xdf37</run_address>
         <size>0x326</size>
         <input_file_ref idref="fl-d8"/>
      </object_component>
      <object_component id="oc-8a">
         <name>.debug_info</name>
         <load_address>0xe25d</load_address>
         <run_address>0xe25d</run_address>
         <size>0x2a4</size>
         <input_file_ref idref="fl-d8"/>
      </object_component>
      <object_component id="oc-90">
         <name>.debug_info</name>
         <load_address>0xe501</load_address>
         <run_address>0xe501</run_address>
         <size>0x2e7</size>
         <input_file_ref idref="fl-d8"/>
      </object_component>
      <object_component id="oc-10c">
         <name>.debug_info</name>
         <load_address>0xe7e8</load_address>
         <run_address>0xe7e8</run_address>
         <size>0x296</size>
         <input_file_ref idref="fl-d8"/>
      </object_component>
      <object_component id="oc-a0">
         <name>.debug_info</name>
         <load_address>0xea7e</load_address>
         <run_address>0xea7e</run_address>
         <size>0x294</size>
         <input_file_ref idref="fl-d8"/>
      </object_component>
      <object_component id="oc-ef">
         <name>.debug_info</name>
         <load_address>0xed12</load_address>
         <run_address>0xed12</run_address>
         <size>0x2ce</size>
         <input_file_ref idref="fl-d8"/>
      </object_component>
      <object_component id="oc-1dd">
         <name>.debug_info</name>
         <load_address>0xefe0</load_address>
         <run_address>0xefe0</run_address>
         <size>0x225</size>
         <input_file_ref idref="fl-d9"/>
      </object_component>
      <object_component id="oc-1d6">
         <name>.debug_info</name>
         <load_address>0xf205</load_address>
         <run_address>0xf205</run_address>
         <size>0x20d</size>
         <input_file_ref idref="fl-d9"/>
      </object_component>
      <object_component id="oc-1a5">
         <name>.debug_info</name>
         <load_address>0xf412</load_address>
         <run_address>0xf412</run_address>
         <size>0x230</size>
         <input_file_ref idref="fl-da"/>
      </object_component>
      <object_component id="oc-38b">
         <name>.debug_info</name>
         <load_address>0xf642</load_address>
         <run_address>0xf642</run_address>
         <size>0x15b</size>
         <input_file_ref idref="fl-da"/>
      </object_component>
      <object_component id="oc-309">
         <name>.debug_info</name>
         <load_address>0xf79d</load_address>
         <run_address>0xf79d</run_address>
         <size>0x2a3</size>
         <input_file_ref idref="fl-da"/>
      </object_component>
      <object_component id="oc-19f">
         <name>.debug_info</name>
         <load_address>0xfa40</load_address>
         <run_address>0xfa40</run_address>
         <size>0x2b3</size>
         <input_file_ref idref="fl-da"/>
      </object_component>
      <object_component id="oc-dc">
         <name>.debug_info</name>
         <load_address>0xfcf3</load_address>
         <run_address>0xfcf3</run_address>
         <size>0x316</size>
         <input_file_ref idref="fl-da"/>
      </object_component>
      <object_component id="oc-318">
         <name>.debug_info</name>
         <load_address>0x10009</load_address>
         <run_address>0x10009</run_address>
         <size>0x2a9</size>
         <input_file_ref idref="fl-da"/>
      </object_component>
      <object_component id="oc-324">
         <name>.debug_info</name>
         <load_address>0x102b2</load_address>
         <run_address>0x102b2</run_address>
         <size>0x2b7</size>
         <input_file_ref idref="fl-da"/>
      </object_component>
      <object_component id="oc-d6">
         <name>.debug_info</name>
         <load_address>0x10569</load_address>
         <run_address>0x10569</run_address>
         <size>0x2b5</size>
         <input_file_ref idref="fl-da"/>
      </object_component>
      <object_component id="oc-e2">
         <name>.debug_info</name>
         <load_address>0x1081e</load_address>
         <run_address>0x1081e</run_address>
         <size>0x2a9</size>
         <input_file_ref idref="fl-da"/>
      </object_component>
      <object_component id="oc-11b">
         <name>.debug_info</name>
         <load_address>0x10ac7</load_address>
         <run_address>0x10ac7</run_address>
         <size>0x27b</size>
         <input_file_ref idref="fl-da"/>
      </object_component>
      <object_component id="oc-31e">
         <name>.debug_info</name>
         <load_address>0x10d42</load_address>
         <run_address>0x10d42</run_address>
         <size>0x280</size>
         <input_file_ref idref="fl-da"/>
      </object_component>
      <object_component id="oc-199">
         <name>.debug_info</name>
         <load_address>0x10fc2</load_address>
         <run_address>0x10fc2</run_address>
         <size>0x20e</size>
         <input_file_ref idref="fl-db"/>
      </object_component>
      <object_component id="oc-19b">
         <name>.debug_info</name>
         <load_address>0x111d0</load_address>
         <run_address>0x111d0</run_address>
         <size>0x210</size>
         <input_file_ref idref="fl-db"/>
      </object_component>
      <object_component id="oc-196">
         <name>.debug_info</name>
         <load_address>0x113e0</load_address>
         <run_address>0x113e0</run_address>
         <size>0x14e</size>
         <input_file_ref idref="fl-db"/>
      </object_component>
      <object_component id="oc-cb">
         <name>.debug_info</name>
         <load_address>0x1152e</load_address>
         <run_address>0x1152e</run_address>
         <size>0x2c9</size>
         <input_file_ref idref="fl-db"/>
      </object_component>
      <object_component id="oc-201">
         <name>.debug_info</name>
         <load_address>0x117f7</load_address>
         <run_address>0x117f7</run_address>
         <size>0x23e</size>
         <input_file_ref idref="fl-db"/>
      </object_component>
      <object_component id="oc-1d1">
         <name>.debug_info</name>
         <load_address>0x11a35</load_address>
         <run_address>0x11a35</run_address>
         <size>0x240</size>
         <input_file_ref idref="fl-db"/>
      </object_component>
      <object_component id="oc-d1">
         <name>.debug_info</name>
         <load_address>0x11c75</load_address>
         <run_address>0x11c75</run_address>
         <size>0x268</size>
         <input_file_ref idref="fl-db"/>
      </object_component>
      <object_component id="oc-384">
         <name>.debug_info</name>
         <load_address>0x11edd</load_address>
         <run_address>0x11edd</run_address>
         <size>0x21c</size>
         <input_file_ref idref="fl-dc"/>
      </object_component>
      <object_component id="oc-312">
         <name>.debug_info</name>
         <load_address>0x120f9</load_address>
         <run_address>0x120f9</run_address>
         <size>0x242</size>
         <input_file_ref idref="fl-dc"/>
      </object_component>
      <object_component id="oc-2fa">
         <name>.debug_info</name>
         <load_address>0x1233b</load_address>
         <run_address>0x1233b</run_address>
         <size>0x276</size>
         <input_file_ref idref="fl-dc"/>
      </object_component>
      <object_component id="oc-30c">
         <name>.debug_info</name>
         <load_address>0x125b1</load_address>
         <run_address>0x125b1</run_address>
         <size>0x3d9</size>
         <input_file_ref idref="fl-dc"/>
      </object_component>
      <object_component id="oc-300">
         <name>.debug_info</name>
         <load_address>0x1298a</load_address>
         <run_address>0x1298a</run_address>
         <size>0x242</size>
         <input_file_ref idref="fl-dc"/>
      </object_component>
      <object_component id="oc-18e">
         <name>.debug_info</name>
         <load_address>0x12bcc</load_address>
         <run_address>0x12bcc</run_address>
         <size>0x27f</size>
         <input_file_ref idref="fl-dd"/>
      </object_component>
      <object_component id="oc-27f">
         <name>.debug_info</name>
         <load_address>0x12e4b</load_address>
         <run_address>0x12e4b</run_address>
         <size>0x14d</size>
         <input_file_ref idref="fl-dd"/>
      </object_component>
      <object_component id="oc-282">
         <name>.debug_info</name>
         <load_address>0x12f98</load_address>
         <run_address>0x12f98</run_address>
         <size>0x159</size>
         <input_file_ref idref="fl-dd"/>
      </object_component>
      <object_component id="oc-2ef">
         <name>.debug_info</name>
         <load_address>0x130f1</load_address>
         <run_address>0x130f1</run_address>
         <size>0x153</size>
         <input_file_ref idref="fl-dd"/>
      </object_component>
      <object_component id="oc-285">
         <name>.debug_info</name>
         <load_address>0x13244</load_address>
         <run_address>0x13244</run_address>
         <size>0x160</size>
         <input_file_ref idref="fl-dd"/>
      </object_component>
      <object_component id="oc-a5">
         <name>.debug_info</name>
         <load_address>0x133a4</load_address>
         <run_address>0x133a4</run_address>
         <size>0x27d</size>
         <input_file_ref idref="fl-dd"/>
      </object_component>
      <object_component id="oc-273">
         <name>.debug_info</name>
         <load_address>0x13621</load_address>
         <run_address>0x13621</run_address>
         <size>0x270</size>
         <input_file_ref idref="fl-dd"/>
      </object_component>
      <object_component id="oc-279">
         <name>.debug_info</name>
         <load_address>0x13891</load_address>
         <run_address>0x13891</run_address>
         <size>0x2ba</size>
         <input_file_ref idref="fl-dd"/>
      </object_component>
      <object_component id="oc-1e2">
         <name>.debug_info</name>
         <load_address>0x13b4b</load_address>
         <run_address>0x13b4b</run_address>
         <size>0x4ce</size>
         <input_file_ref idref="fl-dd"/>
      </object_component>
      <object_component id="oc-257">
         <name>.debug_info</name>
         <load_address>0x14019</load_address>
         <run_address>0x14019</run_address>
         <size>0x5f</size>
         <input_file_ref idref="fl-dd"/>
      </object_component>
      <object_component id="oc-190">
         <name>.debug_info</name>
         <load_address>0x14078</load_address>
         <run_address>0x14078</run_address>
         <size>0x228</size>
         <input_file_ref idref="fl-de"/>
      </object_component>
      <object_component id="oc-b8">
         <name>.debug_info</name>
         <load_address>0x142a0</load_address>
         <run_address>0x142a0</run_address>
         <size>0x2ba</size>
         <input_file_ref idref="fl-de"/>
      </object_component>
      <object_component id="oc-be">
         <name>.debug_info</name>
         <load_address>0x1455a</load_address>
         <run_address>0x1455a</run_address>
         <size>0x294</size>
         <input_file_ref idref="fl-de"/>
      </object_component>
      <object_component id="oc-115">
         <name>.debug_info</name>
         <load_address>0x147ee</load_address>
         <run_address>0x147ee</run_address>
         <size>0x292</size>
         <input_file_ref idref="fl-de"/>
      </object_component>
      <object_component id="oc-c4">
         <name>.debug_info</name>
         <load_address>0x14a80</load_address>
         <run_address>0x14a80</run_address>
         <size>0x27f</size>
         <input_file_ref idref="fl-de"/>
      </object_component>
      <object_component id="oc-ab">
         <name>.debug_info</name>
         <load_address>0x14cff</load_address>
         <run_address>0x14cff</run_address>
         <size>0x281</size>
         <input_file_ref idref="fl-de"/>
      </object_component>
      <object_component id="oc-b1">
         <name>.debug_info</name>
         <load_address>0x14f80</load_address>
         <run_address>0x14f80</run_address>
         <size>0x28c</size>
         <input_file_ref idref="fl-de"/>
      </object_component>
      <object_component id="oc-2b9">
         <name>.debug_info</name>
         <load_address>0x1520c</load_address>
         <run_address>0x1520c</run_address>
         <size>0x212</size>
         <input_file_ref idref="fl-df"/>
      </object_component>
      <object_component id="oc-26a">
         <name>.debug_info</name>
         <load_address>0x1541e</load_address>
         <run_address>0x1541e</run_address>
         <size>0x20f</size>
         <input_file_ref idref="fl-df"/>
      </object_component>
      <object_component id="oc-3e7">
         <name>.debug_info</name>
         <load_address>0x1562d</load_address>
         <run_address>0x1562d</run_address>
         <size>0x90</size>
      </object_component>
      <object_component id="oc-268">
         <name>.debug_line</name>
         <load_address>0x0</load_address>
         <run_address>0x0</run_address>
         <size>0xd1</size>
         <input_file_ref idref="fl-2"/>
      </object_component>
      <object_component id="oc-32c">
         <name>.debug_line</name>
         <load_address>0xd1</load_address>
         <run_address>0xd1</run_address>
         <size>0x43</size>
         <input_file_ref idref="fl-2"/>
      </object_component>
      <object_component id="oc-29b">
         <name>.debug_line</name>
         <load_address>0x114</load_address>
         <run_address>0x114</run_address>
         <size>0x43</size>
         <input_file_ref idref="fl-2"/>
      </object_component>
      <object_component id="oc-1ec">
         <name>.debug_line</name>
         <load_address>0x157</load_address>
         <run_address>0x157</run_address>
         <size>0x318</size>
         <input_file_ref idref="fl-2"/>
      </object_component>
      <object_component id="oc-173">
         <name>.debug_line</name>
         <load_address>0x46f</load_address>
         <run_address>0x46f</run_address>
         <size>0x74</size>
         <input_file_ref idref="fl-2"/>
      </object_component>
      <object_component id="oc-137">
         <name>.debug_line</name>
         <load_address>0x4e3</load_address>
         <run_address>0x4e3</run_address>
         <size>0x69</size>
         <input_file_ref idref="fl-2"/>
      </object_component>
      <object_component id="oc-130">
         <name>.debug_line</name>
         <load_address>0x54c</load_address>
         <run_address>0x54c</run_address>
         <size>0x20</size>
         <input_file_ref idref="fl-2"/>
      </object_component>
      <object_component id="oc-1bb">
         <name>.debug_line</name>
         <load_address>0x56c</load_address>
         <run_address>0x56c</run_address>
         <size>0x6d</size>
         <input_file_ref idref="fl-2"/>
      </object_component>
      <object_component id="oc-1ac">
         <name>.debug_line</name>
         <load_address>0x5d9</load_address>
         <run_address>0x5d9</run_address>
         <size>0x69</size>
         <input_file_ref idref="fl-2"/>
      </object_component>
      <object_component id="oc-12b">
         <name>.debug_line</name>
         <load_address>0x642</load_address>
         <run_address>0x642</run_address>
         <size>0x6a</size>
         <input_file_ref idref="fl-2"/>
      </object_component>
      <object_component id="oc-390">
         <name>.debug_line</name>
         <load_address>0x6ac</load_address>
         <run_address>0x6ac</run_address>
         <size>0x126</size>
         <input_file_ref idref="fl-3"/>
      </object_component>
      <object_component id="oc-28c">
         <name>.debug_line</name>
         <load_address>0x7d2</load_address>
         <run_address>0x7d2</run_address>
         <size>0xdf</size>
         <input_file_ref idref="fl-3"/>
      </object_component>
      <object_component id="oc-16f">
         <name>.debug_line</name>
         <load_address>0x8b1</load_address>
         <run_address>0x8b1</run_address>
         <size>0x20d</size>
         <input_file_ref idref="fl-4"/>
      </object_component>
      <object_component id="oc-16d">
         <name>.debug_line</name>
         <load_address>0xabe</load_address>
         <run_address>0xabe</run_address>
         <size>0x30</size>
         <input_file_ref idref="fl-4"/>
      </object_component>
      <object_component id="oc-18a">
         <name>.debug_line</name>
         <load_address>0xaee</load_address>
         <run_address>0xaee</run_address>
         <size>0x30</size>
         <input_file_ref idref="fl-4"/>
      </object_component>
      <object_component id="oc-2b">
         <name>.debug_line</name>
         <load_address>0xb1e</load_address>
         <run_address>0xb1e</run_address>
         <size>0x2c9</size>
         <input_file_ref idref="fl-4"/>
      </object_component>
      <object_component id="oc-176">
         <name>.debug_line</name>
         <load_address>0xde7</load_address>
         <run_address>0xde7</run_address>
         <size>0x1bf</size>
         <input_file_ref idref="fl-5"/>
      </object_component>
      <object_component id="oc-1b7">
         <name>.debug_line</name>
         <load_address>0xfa6</load_address>
         <run_address>0xfa6</run_address>
         <size>0x2d</size>
         <input_file_ref idref="fl-5"/>
      </object_component>
      <object_component id="oc-15e">
         <name>.debug_line</name>
         <load_address>0xfd3</load_address>
         <run_address>0xfd3</run_address>
         <size>0x72</size>
         <input_file_ref idref="fl-5"/>
      </object_component>
      <object_component id="oc-e8">
         <name>.debug_line</name>
         <load_address>0x1045</load_address>
         <run_address>0x1045</run_address>
         <size>0x5e</size>
[...]
         <name>__TI_Handler_Table_Base</name>
         <value>0x2a40</value>
      </symbol>
      <symbol id="sm-5">
         <name>__TI_Handler_Table_Limit</name>
         <value>0x2a4c</value>
      </symbol>
      <symbol id="sm-6">
         <name>binit</name>
         <value>0xffffffff</value>
      </symbol>
      <symbol id="sm-7">
         <name>__binit__</name>
         <value>0xffffffff</value>
      </symbol>
      <symbol id="sm-8">
         <name>__STACK_SIZE</name>
         <value>0x800</value>
      </symbol>
      <symbol id="sm-9">
         <name>__STACK_END</name>
         <value>0x20009990</value>
      </symbol>
      <symbol id="sm-a">
         <name>__c_args__</name>
         <value>0xffffffff</value>
      </symbol>
      <symbol id="sm-b">
         <name>__TI_pprof_out_hndl</name>
         <value>0xffffffff</value>
      </symbol>
      <symbol id="sm-c">
         <name>__TI_prof_data_start</name>
         <value>0xffffffff</value>
      </symbol>
      <symbol id="sm-d">
         <name>__TI_prof_data_size</name>
         <value>0xffffffff</value>
      </symbol>
      <symbol id="sm-8e">
         <name>Lcd_Orientation</name>
         <value>0x20009188</value>
      </symbol>
      <symbol id="sm-8f">
         <name>Lcd_ScreenWidth</name>
         <value>0x2000917e</value>
      </symbol>
      <symbol id="sm-90">
         <name>Lcd_ScreenHeigth</name>
         <value>0x2000917c</value>
      </symbol>
      <symbol id="sm-91">
         <name>Lcd_PenSolid</name>
         <value>0x20009189</value>
      </symbol>
      <symbol id="sm-92">
         <name>Lcd_FontSolid</name>
         <value>0x20009187</value>
      </symbol>
      <symbol id="sm-93">
         <name>Lcd_FlagRead</name>
         <value>0x20009186</value>
      </symbol>
      <symbol id="sm-94">
         <name>Lcd_TouchTrim</name>
         <value>0x20009180</value>
      </symbol>
      <symbol id="sm-95">
         <name>Lcd_buffer</name>
         <value>0x20000000</value>
         <object_component_ref idref="oc-28f"/>
      </symbol>
      <symbol id="sm-96">
         <name>Crystalfontz128x128_SetDrawFrame</name>
         <value>0xbd9</value>
         <object_component_ref idref="oc-1e7"/>
      </symbol>
      <symbol id="sm-97">
         <name>Crystalfontz128x128_SetOrientation</name>
         <value>0xb91</value>
         <object_component_ref idref="oc-1e7"/>
      </symbol>
      <symbol id="sm-98">
         <name>g_sCrystalfontz128x128</name>
         <value>0x29e4</value>
         <object_component_ref idref="oc-1ed"/>
      </symbol>
      <symbol id="sm-99">
         <name>Crystalfontz128x128_Init</name>
         <value>0xeb9</value>
         <object_component_ref idref="oc-1e7"/>
      </symbol>
      <symbol id="sm-ab">
         <name>HAL_LCD_writeData</name>
         <value>0x13e1</value>
         <object_component_ref idref="oc-289"/>
      </symbol>
      <symbol id="sm-ac">
         <name>HAL_LCD_SpiInit</name>
         <value>0x1441</value>
         <object_component_ref idref="oc-289"/>
      </symbol>
      <symbol id="sm-ad">
         <name>HAL_LCD_PortInit</name>
         <value>0x14d1</value>
         <object_component_ref idref="oc-289"/>
      </symbol>
      <symbol id="sm-ae">
         <name>HAL_LCD_writeCommand</name>
         <value>0x13f1</value>
         <object_component_ref idref="oc-289"/>
      </symbol>
      <symbol id="sm-ed">
         <name>gADCBuffer</name>
         <value>0x2000803c</value>
      </symbol>
      <symbol id="sm-ee">
         <name>gWaveformBuffer</name>
         <value>0x2000903c</value>
      </symbol>
      <symbol id="sm-ef">
         <name>triggerBuffer</name>
         <value>0x20009150</value>
      </symbol>
      <symbol id="sm-f0">
         <name>gADCErrors</name>
         <value>0x20009160</value>
      </symbol>
      <symbol id="sm-f1">
         <name>sample</name>
         <value>0x20009184</value>
      </symbol>
      <symbol id="sm-f2">
         <name>fVoltsPerDiv</name>
         <value>0x20009182</value>
      </symbol>
      <symbol id="sm-f3">
         <name>fScale</name>
         <value>0x2000915c</value>
      </symbol>
      <symbol id="sm-f4">
         <name>y</name>
         <value>0x20009178</value>
      </symbol>
      <symbol id="sm-f5">
         <name>gADCSamplingRate</name>
         <value>0x20009164</value>
      </symbol>
      <symbol id="sm-f6">
         <name>temp0</name>
         <value>0x20009170</value>
      </symbol>
      <symbol id="sm-f7">
         <name>temp1</name>
         <value>0x20009174</value>
      </symbol>
      <symbol id="sm-f8">
         <name>ButtonDebounce</name>
         <value>0x8f9</value>
         <object_component_ref idref="oc-2a"/>
      </symbol>
      <symbol id="sm-f9">
         <name>gADCBufferIndex</name>
         <value>0x20008028</value>
         <object_component_ref idref="oc-71"/>
      </symbol>
      <symbol id="sm-fa">
         <name>ADC_ISR</name>
         <value>0xaf9</value>
         <object_component_ref idref="oc-2a"/>
      </symbol>
      <symbol id="sm-fb">
         <name>WAVEFORM_ISR</name>
         <value>0x209</value>
         <object_component_ref idref="oc-2a"/>
      </symbol>
      <symbol id="sm-fc">
         <name>ButtonReadJoystick</name>
         <value>0x5c9</value>
         <object_component_ref idref="oc-2a"/>
      </symbol>
      <symbol id="sm-fd">
         <name>ButtonAutoRepeat</name>
         <value>0x969</value>
         <object_component_ref idref="oc-2a"/>
      </symbol>
      <symbol id="sm-fe">
         <name>gButtons</name>
         <value>0x20008024</value>
         <object_component_ref idref="oc-71"/>
      </symbol>
      <symbol id="sm-ff">
         <name>ButtonISR</name>
         <value>0x9e9</value>
         <object_component_ref idref="oc-2a"/>
      </symbol>
      <symbol id="sm-100">
         <name>ButtonInit</name>
         <value>0x6a9</value>
         <object_component_ref idref="oc-2a"/>
      </symbol>
      <symbol id="sm-101">
         <name>gJoystick</name>
         <value>0x20008030</value>
         <object_component_ref idref="oc-95"/>
      </symbol>
      <symbol id="sm-116">
         <name>gSystemClock</name>
         <value>0x20009168</value>
      </symbol>
      <symbol id="sm-117">
         <name>gTime</name>
         <value>0x20008038</value>
         <object_component_ref idref="oc-120"/>
      </symbol>
      <symbol id="sm-118">
         <name>main</name>
         <value>0x1759</value>
         <object_component_ref idref="oc-15a"/>
      </symbol>
      <symbol id="sm-127">
         <name>SysCtlFrequencyGet</name>
         <value>0x1d51</value>
         <object_component_ref idref="oc-e7"/>
      </symbol>
      <symbol id="sm-143">
         <name>ResetISR</name>
         <value>0x2119</value>
         <object_component_ref idref="oc-24"/>
      </symbol>
      <symbol id="sm-144">
         <name>g_pfnVectors</name>
         <value>0x0</value>
         <object_component_ref idref="oc-f"/>
      </symbol>
      <symbol id="sm-153">
         <name>roundf</name>
         <value>0x1aa1</value>
         <object_component_ref idref="oc-82"/>
      </symbol>
      <symbol id="sm-15e">
         <name>__aeabi_f2d</name>
         <value>0x1f5d</value>
         <object_component_ref idref="oc-7d"/>
      </symbol>
      <symbol id="sm-175">
         <name>__TI_zero_init</name>
         <value>0x2279</value>
         <object_component_ref idref="oc-50"/>
      </symbol>
      <symbol id="sm-18c">
         <name>__TI_decompress_none</name>
         <value>0x2253</value>
         <object_component_ref idref="oc-18"/>
      </symbol>
      <symbol id="sm-1af">
         <name>__TI_decompress_lzss</name>
         <value>0x1be1</value>
         <object_component_ref idref="oc-12"/>
      </symbol>
      <symbol id="sm-1c2">
         <name>__stack</name>
         <value>0x20009190</value>
         <object_component_ref idref="oc-21"/>
      </symbol>
      <symbol id="sm-1c3">
         <name>_c_int00_noargs</name>
         <value>0x1f25</value>
         <object_component_ref idref="oc-5c"/>
      </symbol>
      <symbol id="sm-1ce">
         <name>C$$EXIT</name>
         <value>0x1d4d</value>
         <object_component_ref idref="oc-20c"/>
      </symbol>
      <symbol id="sm-1cf">
         <name>abort</name>
         <value>0x1d4d</value>
         <object_component_ref idref="oc-20c"/>
      </symbol>
      <symbol id="sm-1f3">
         <name>floorf</name>
         <value>0x192d</value>
         <object_component_ref idref="oc-178"/>
      </symbol>
      <symbol id="sm-202">
         <name>__aeabi_memset</name>
         <value>0x1a29</value>
         <object_component_ref idref="oc-14e"/>
      </symbol>
      <symbol id="sm-203">
         <name>memset</name>
         <value>0x1a2f</value>
         <object_component_ref idref="oc-14e"/>
      </symbol>
      <symbol id="sm-204">
         <name>__aeabi_memset8</name>
         <value>0x1a29</value>
         <object_component_ref idref="oc-14e"/>
      </symbol>
      <symbol id="sm-205">
         <name>__aeabi_memset4</name>
         <value>0x1a29</value>
         <object_component_ref idref="oc-14e"/>
      </symbol>
      <symbol id="sm-206">
         <name>__aeabi_memclr8</name>
         <value>0x1a27</value>
         <object_component_ref idref="oc-14e"/>
      </symbol>
      <symbol id="sm-207">
         <name>__aeabi_memclr4</name>
         <value>0x1a27</value>
         <object_component_ref idref="oc-14e"/>
      </symbol>
      <symbol id="sm-208">
         <name>__aeabi_memclr</name>
         <value>0x1a27</value>
         <object_component_ref idref="oc-14e"/>
      </symbol>
      <symbol id="sm-223">
         <name>memcpy</name>
         <value>0x180b</value>
         <object_component_ref idref="oc-3e"/>
      </symbol>
      <symbol id="sm-224">
         <name>__aeabi_memcpy</name>
         <value>0x180b</value>
         <object_component_ref idref="oc-3e"/>
      </symbol>
      <symbol id="sm-225">
         <name>__aeabi_memcpy8</name>
         <value>0x180b</value>
         <object_component_ref idref="oc-3e"/>
      </symbol>
      <symbol id="sm-226">
         <name>__aeabi_memcpy4</name>
         <value>0x180b</value>
         <object_component_ref idref="oc-3e"/>
      </symbol>
      <symbol id="sm-24e">
         <name>__TI_auto_init_nobinit_nopinit</name>
         <value>0x1e2d</value>
         <object_component_ref idref="oc-218"/>
      </symbol>
      <symbol id="sm-258">
         <name>_system_pre_init</name>
         <value>0x13dd</value>
         <object_component_ref idref="oc-154"/>
      </symbol>
      <symbol id="sm-27e">
         <name>GrContextInit</name>
         <value>0x1b11</value>
         <object_component_ref idref="oc-1f0"/>
      </symbol>
      <symbol id="sm-27f">
         <name>g_psDefaultCodePointMapTable</name>
         <value>0x2a0c</value>
         <object_component_ref idref="oc-2a2"/>
      </symbol>
      <symbol id="sm-28d">
         <name>GrRectFill</name>
         <value>0x18a7</value>
         <object_component_ref idref="oc-205"/>
      </symbol>
      <symbol id="sm-313">
         <name>GrFontInfoGet</name>
         <value>0x204f</value>
         <object_component_ref idref="oc-32d"/>
      </symbol>
      <symbol id="sm-314">
         <name>GrDefaultStringRenderer</name>
         <value>0x168f</value>
         <object_component_ref idref="oc-29c"/>
      </symbol>
      <symbol id="sm-315">
         <name>GrFontGlyphRender</name>
         <value>0xf81</value>
         <object_component_ref idref="oc-33f"/>
      </symbol>
      <symbol id="sm-316">
         <name>GrContextFontSet</name>
         <value>0x22c1</value>
         <object_component_ref idref="oc-1f9"/>
      </symbol>
      <symbol id="sm-317">
         <name>GrFontGlyphDataGet</name>
         <value>0x2099</value>
         <object_component_ref idref="oc-339"/>
      </symbol>
      <symbol id="sm-318">
         <name>GrFontCodepageGet</name>
         <value>0x20d9</value>
         <object_component_ref idref="oc-354"/>
      </symbol>
      <symbol id="sm-319">
         <name>GrStringNextCharGet</name>
         <value>0x1ff7</value>
         <object_component_ref idref="oc-333"/>
      </symbol>
      <symbol id="sm-32b">
         <name>g_sFontFixed6x8</name>
         <value>0x26e4</value>
         <object_component_ref idref="oc-1f6"/>
      </symbol>
      <symbol id="sm-338">
         <name>GrMapISO8859_1_Unicode</name>
         <value>0x22a3</value>
         <object_component_ref idref="oc-346"/>
      </symbol>
      <symbol id="sm-396">
         <name>ADCProcessorTrigger</name>
         <value>0x214b</value>
         <object_component_ref idref="oc-89"/>
      </symbol>
      <symbol id="sm-397">
         <name>ADCSequenceEnable</name>
         <value>0x2237</value>
         <object_component_ref idref="oc-105"/>
      </symbol>
      <symbol id="sm-398">
         <name>ADCSequenceConfigure</name>
         <value>0x1e71</value>
         <object_component_ref idref="oc-f9"/>
      </symbol>
      <symbol id="sm-399">
         <name>ADCIntEnable</name>
         <value>0x21d9</value>
         <object_component_ref idref="oc-10b"/>
      </symbol>
      <symbol id="sm-39a">
         <name>ADCSequenceStepConfigure</name>
         <value>0x19ad</value>
         <object_component_ref idref="oc-ff"/>
      </symbol>
      <symbol id="sm-39b">
         <name>ADCIntClear</name>
         <value>0x2285</value>
         <object_component_ref idref="oc-9e"/>
      </symbol>
      <symbol id="sm-39c">
         <name>ADCIntStatus</name>
         <value>0x1fc9</value>
         <object_component_ref idref="oc-8f"/>
      </symbol>
      <symbol id="sm-39d">
         <name>ADCSequenceDisable</name>
         <value>0x2229</value>
         <object_component_ref idref="oc-f3"/>
      </symbol>
      <symbol id="sm-39e">
         <name>ADCClockConfigSet</name>
         <value>0x2133</value>
         <object_component_ref idref="oc-ed"/>
      </symbol>
      <symbol id="sm-39f">
         <name>ADCSequenceDataGet</name>
         <value>0x20bb</value>
         <object_component_ref idref="oc-98"/>
      </symbol>
      <symbol id="sm-3b5">
         <name>FPULazyStackingEnable</name>
         <value>0x21f9</value>
         <object_component_ref idref="oc-1db"/>
      </symbol>
      <symbol id="sm-3b6">
         <name>FPUEnable</name>
         <value>0x21e9</value>
         <object_component_ref idref="oc-1d5"/>
      </symbol>
      <symbol id="sm-410">
         <name>GPIOPinConfigure</name>
         <value>0x1d9d</value>
         <object_component_ref idref="oc-31d"/>
      </symbol>
      <symbol id="sm-411">
         <name>GPIOPinTypeADC</name>
         <value>0x2191</value>
         <object_component_ref idref="oc-e1"/>
      </symbol>
      <symbol id="sm-412">
         <name>GPIOPinTypeGPIOInput</name>
         <value>0x21a3</value>
         <object_component_ref idref="oc-d5"/>
      </symbol>
      <symbol id="sm-413">
         <name>GPIOPinTypeGPIOOutput</name>
         <value>0x2163</value>
         <object_component_ref idref="oc-323"/>
      </symbol>
      <symbol id="sm-414">
         <name>GPIOPinRead</name>
         <value>0x1753</value>
         <object_component_ref idref="oc-11a"/>
      </symbol>
      <symbol id="sm-415">
         <name>GPIODirModeSet</name>
         <value>0x2025</value>
         <object_component_ref idref="oc-19e"/>
      </symbol>
      <symbol id="sm-416">
         <name>GPIOPinWrite</name>
         <value>0x22bb</value>
         <object_component_ref idref="oc-305"/>
      </symbol>
      <symbol id="sm-417">
         <name>GPIOPadConfigSet</name>
         <value>0x155f</value>
         <object_component_ref idref="oc-db"/>
      </symbol>
      <symbol id="sm-418">
         <name>GPIOPinTypeSSI</name>
         <value>0x21b5</value>
         <object_component_ref idref="oc-317"/>
      </symbol>
      <symbol id="sm-462">
         <name>IntPrioritySet</name>
         <value>0x2075</value>
         <object_component_ref idref="oc-c9"/>
      </symbol>
      <symbol id="sm-463">
         <name>IntEnable</name>
         <value>0x1b79</value>
         <object_component_ref idref="oc-cf"/>
      </symbol>
      <symbol id="sm-464">
         <name>IntMasterDisable</name>
         <value>0x2209</value>
         <object_component_ref idref="oc-1cf"/>
      </symbol>
      <symbol id="sm-465">
         <name>IntMasterEnable</name>
         <value>0x2219</value>
         <object_component_ref idref="oc-1ff"/>
      </symbol>
      <symbol id="sm-48c">
         <name>SSIDataPut</name>
         <value>0x228f</value>
         <object_component_ref idref="oc-2f9"/>
      </symbol>
      <symbol id="sm-48d">
         <name>SSIConfigSetExpClk</name>
         <value>0x1eaf</value>
         <object_component_ref idref="oc-30b"/>
      </symbol>
      <symbol id="sm-48e">
         <name>SSIEnable</name>
         <value>0x2299</value>
         <object_component_ref idref="oc-311"/>
      </symbol>
      <symbol id="sm-48f">
         <name>SSIBusy</name>
         <value>0x22ab</value>
         <object_component_ref idref="oc-2ff"/>
      </symbol>
      <symbol id="sm-4ff">
         <name>SysCtlDelay</name>
         <value>0x22c7</value>
         <object_component_ref idref="oc-292"/>
      </symbol>
      <symbol id="sm-500">
         <name>SysCtlPeripheralEnable</name>
         <value>0x1f95</value>
         <object_component_ref idref="oc-a4"/>
      </symbol>
      <symbol id="sm-501">
         <name>SysCtlClockFreqSet</name>
         <value>0x11d9</value>
         <object_component_ref idref="oc-1e1"/>
      </symbol>
      <symbol id="sm-53f">
         <name>TimerLoadSet</name>
         <value>0x21c7</value>
         <object_component_ref idref="oc-b7"/>
      </symbol>
      <symbol id="sm-540">
         <name>TimerDisable</name>
         <value>0x217d</value>
         <object_component_ref idref="oc-aa"/>
      </symbol>
      <symbol id="sm-541">
         <name>TimerEnable</name>
         <value>0x2245</value>
         <object_component_ref idref="oc-c3"/>
      </symbol>
      <symbol id="sm-542">
         <name>TimerIntEnable</name>
         <value>0x22b3</value>
         <object_component_ref idref="oc-bd"/>
      </symbol>
      <symbol id="sm-543">
         <name>TimerConfigure</name>
         <value>0x1c49</value>
         <object_component_ref idref="oc-b0"/>
      </symbol>
      <symbol id="sm-544">
         <name>TimerIntClear</name>
         <value>0xb8d</value>
         <object_component_ref idref="oc-114"/>
      </symbol>
      <symbol id="sm-556">
         <name>CPUcpsie</name>
         <value>0x226d</value>
         <object_component_ref idref="oc-2b8"/>
      </symbol>
      <symbol id="sm-557">
         <name>CPUcpsid</name>
         <value>0x2261</value>
         <object_component_ref idref="oc-269"/>
      </symbol>
      <symbol id="sm-558">
         <name>__TI_static_base__</name>
         <value>0x0</value>
      </symbol>
      <symbol id="sm-55b">
         <name>__mpu_init</name>
         <value>0x0</value>
      </symbol>
      <symbol id="sm-55c">
         <name>_system_post_cinit</name>
         <value>0x0</value>
      </symbol>
   </symbol_table>
   <title>Link successful</title>
</link_info>
