******************************************************************************
                  TI ARM Linker PC v18.1.2                     
******************************************************************************
>> Linked Sun Mar 24 18:48:24 2019

OUTPUT FILE NAME:   <ece3849_lab1_skalimani_cradlermandile2.out>
ENTRY POINT SYMBOL: "_c_int00_noargs"  address: 00001f25


MEMORY CONFIGURATION

         name            origin    length      used     unused   attr    fill
----------------------  --------  ---------  --------  --------  ----  --------
  FLASH                 00000000   00100000  00002a64  000fd59c  R  X
  SRAM                  20000000   00040000  0000998a  00036676  RW X


SEGMENT ALLOCATION MAP

run origin  load origin   length   init length attrs members
----------  ----------- ---------- ----------- ----- -------
00000000    00000000    00002a68   00002a68    r-x
  00000000    00000000    00000208   00000208    r-- .intvecs
  00000208    00000208    000020c4   000020c4    r-x .text
  000022cc    000022cc    00000758   00000758    r-- .const
  00002a28    00002a28    00000040   00000040    r-- .cinit
20000000    20000000    00009990   00000000    rw-
  20000000    20000000    0000803c   00000000    rw- .data
  2000803c    2000803c    0000114e   00000000    rw- .bss
  20009190    20009190    00000800   00000000    rw- .stack


SECTION ALLOCATION MAP

 output                                  attributes/
section   page    origin      length       input sections
--------  ----  ----------  ----------   ----------------
.intvecs   0    00000000    00000208     
                  00000000    00000208     tm4c1294ncpdt_startup_ccs.obj (.intvecs)

.text      0    00000208    000020c4     
                  00000208    00000984     buttons.obj (.text)
                  00000b8c    00000004     driverlib.lib : timer.obj (.text:TimerIntClear)
                  00000b90    000003f0     Crystalfontz128x128_ST7735.obj (.text)
                  00000f80    00000256     grlib.lib : string.obj (.text:GrFontGlyphRender)
                  000011d6    00000002     --HOLE-- [fill = 0]
                  000011d8    00000204     driverlib.lib : sysctl.obj (.text:SysCtlClockFreqSet)
                  000013dc    00000004     rtsv7M4_T_le_v4SPD16_eabi.lib : pre_init.c.obj (.text:_system_pre_init)
                  000013e0    0000017e     HAL_EK_TM4C1294XL_Crystalfontz128x128_ST7735.obj (.text)
                  0000155e    00000130     driverlib.lib : gpio.obj (.text:GPIOPadConfigSet)
                  0000168e    000000c4     grlib.lib : string.obj (.text:GrDefaultStringRenderer)
                  00001752    00000006     driverlib.lib : gpio.obj (.text:GPIOPinRead)
                  00001758    000000b2     main.obj (.text)
                  0000180a    0000009c     rtsv7M4_T_le_v4SPD16_eabi.lib : memcpy_t2.asm.obj (.text)
                  000018a6    00000086     grlib.lib : rectangle.obj (.text:GrRectFill)
                  0000192c    00000080     rtsv7M4_T_le_v4SPD16_eabi.lib : s_floorf.c.obj (.text:floorf)
                  000019ac    0000007a     driverlib.lib : adc.obj (.text:ADCSequenceStepConfigure)
                  00001a26    0000007a     rtsv7M4_T_le_v4SPD16_eabi.lib : memset_t2.asm.obj (.text)
                  00001aa0    0000006e                                   : s_roundf.c.obj (.text:roundf)
                  00001b0e    00000002     --HOLE-- [fill = 0]
                  00001b10    00000068     grlib.lib : context.obj (.text:GrContextInit)
                  00001b78    00000068     driverlib.lib : interrupt.obj (.text:IntEnable)
                  00001be0    00000068     rtsv7M4_T_le_v4SPD16_eabi.lib : copy_decompress_lzss.c.obj (.text:decompress:lzss:__TI_decompress_lzss)
                  00001c48    00000060     driverlib.lib : timer.obj (.text:TimerConfigure)
                  00001ca8    0000005a     grlib.lib : string.obj (.text:FontWideGlyphDataGet)
                  00001d02    0000004a               : string.obj (.text:UpdateContextCharMapping)
                  00001d4c    00000004     rtsv7M4_T_le_v4SPD16_eabi.lib : exit.c.obj (.text:abort:abort)
                  00001d50    0000004a     sysctl_pll.obj (.text)
                  00001d9a    00000002     --HOLE-- [fill = 0]
                  00001d9c    00000048     driverlib.lib : gpio.obj (.text:GPIOPinConfigure)
                  00001de4    00000048                   : sysctl.obj (.text:_SysCtlFrequencyGet)
                  00001e2c    00000044     rtsv7M4_T_le_v4SPD16_eabi.lib : autoinit.c.obj (.text:__TI_auto_init_nobinit_nopinit:__TI_auto_init_nobinit_nopinit)
                  00001e70    0000003e     driverlib.lib : adc.obj (.text:ADCSequenceConfigure)
                  00001eae    0000003c                   : ssi.obj (.text:SSIConfigSetExpClk)
                  00001eea    0000003a     grlib.lib : string.obj (.text:FontGlyphDataGet)
                  00001f24    00000038     rtsv7M4_T_le_v4SPD16_eabi.lib : boot_cortex_m.c.obj (.text:_c_int00_noargs:_c_int00_noargs)
                  00001f5c    00000038                                   : fs_tod_t2.asm.obj (.text)
                  00001f94    00000034     driverlib.lib : sysctl.obj (.text:SysCtlPeripheralEnable)
                  00001fc8    0000002e                   : adc.obj (.text:ADCIntStatus)
                  00001ff6    0000002e     grlib.lib : string.obj (.text:GrStringNextCharGet)
                  00002024    0000002a     driverlib.lib : gpio.obj (.text:GPIODirModeSet)
                  0000204e    00000026     grlib.lib : string.obj (.text:GrFontInfoGet)
                  00002074    00000024     driverlib.lib : interrupt.obj (.text:IntPrioritySet)
                  00002098    00000022     grlib.lib : string.obj (.text:GrFontGlyphDataGet)
                  000020ba    0000001e     driverlib.lib : adc.obj (.text:ADCSequenceDataGet)
                  000020d8    0000001e     grlib.lib : string.obj (.text:GrFontCodepageGet)
                  000020f6    00000002     --HOLE-- [fill = 0]
                  000020f8    0000001c     driverlib.lib : sysctl.obj (.text:_SysCtlMemTimingGet)
                  00002114    00000004     --HOLE-- [fill = 0]
                  00002118    0000001a     tm4c1294ncpdt_startup_ccs.obj (.text)
                  00002132    00000018     driverlib.lib : adc.obj (.text:ADCClockConfigSet)
                  0000214a    00000018                   : adc.obj (.text:ADCProcessorTrigger)
                  00002162    00000018                   : gpio.obj (.text:GPIOPinTypeGPIOOutput)
                  0000217a    00000002     --HOLE-- [fill = 0]
                  0000217c    00000014                   : timer.obj (.text:TimerDisable)
                  00002190    00000012                   : gpio.obj (.text:GPIOPinTypeADC)
                  000021a2    00000012                   : gpio.obj (.text:GPIOPinTypeGPIOInput)
                  000021b4    00000012                   : gpio.obj (.text:GPIOPinTypeSSI)
                  000021c6    00000012                   : timer.obj (.text:TimerLoadSet)
                  000021d8    00000010                   : adc.obj (.text:ADCIntEnable)
                  000021e8    00000010                   : fpu.obj (.text:FPUEnable)
                  000021f8    00000010                   : fpu.obj (.text:FPULazyStackingEnable)
                  00002208    00000010                   : interrupt.obj (.text:IntMasterDisable)
                  00002218    00000010                   : interrupt.obj (.text:IntMasterEnable)
                  00002228    0000000e                   : adc.obj (.text:ADCSequenceDisable)
                  00002236    0000000e                   : adc.obj (.text:ADCSequenceEnable)
                  00002244    0000000e                   : timer.obj (.text:TimerEnable)
                  00002252    0000000e     rtsv7M4_T_le_v4SPD16_eabi.lib : copy_decompress_none.c.obj (.text:decompress:none:__TI_decompress_none)
                  00002260    0000000c     driverlib.lib : cpu.obj (.text:CPUcpsid)
                  0000226c    0000000c                   : cpu.obj (.text:CPUcpsie)
                  00002278    0000000c     rtsv7M4_T_le_v4SPD16_eabi.lib : copy_zero_init.c.obj (.text:decompress:ZI:__TI_zero_init)
                  00002284    0000000a     driverlib.lib : adc.obj (.text:ADCIntClear)
                  0000228e    0000000a                   : ssi.obj (.text:SSIDataPut)
                  00002298    0000000a                   : ssi.obj (.text:SSIEnable)
                  000022a2    00000008     grlib.lib : charmap.obj (.text:GrMapISO8859_1_Unicode)
                  000022aa    00000008     driverlib.lib : ssi.obj (.text:SSIBusy)
                  000022b2    00000008                   : timer.obj (.text:TimerIntEnable)
                  000022ba    00000006                   : gpio.obj (.text:GPIOPinWrite)
                  000022c0    00000006     grlib.lib : string.obj (.text:GrContextFontSet)
                  000022c6    00000006     driverlib.lib : sysctl.obj (.text:SysCtlDelay)

.const     0    000022cc    00000758     
                  000022cc    000002f8     grlib.lib : fontfixed6x8.obj (.const:.string:g_pui8FontFixed6x8Data)
                  000025c4    00000120     driverlib.lib : sysctl.obj (.const:g_pppui32XTALtoVCO)
                  000026e4    000000c8     grlib.lib : fontfixed6x8.obj (.const:g_sFontFixed6x8)
                  000027ac    0000009c     driverlib.lib : interrupt.obj (.const:g_pui32Regs)
                  00002848    00000090                   : gpio.obj (.const:g_pui32GPIOBaseAddrs)
                  000028d8    00000070                   : interrupt.obj (.const)
                  00002948    0000006c                   : sysctl.obj (.const:g_pui32Xtals)
                  000029b4    00000030                   : sysctl.obj (.const:g_sXTALtoMEMTIM)
                  000029e4    00000028     Crystalfontz128x128_ST7735.obj (.const:g_sCrystalfontz128x128)
                  00002a0c    00000010     grlib.lib : context.obj (.const)
                  00002a1c    00000008     driverlib.lib : sysctl.obj (.const)

.cinit     0    00002a28    00000040     
                  00002a28    00000018     (.cinit..data.load) [load image, compression = lzss]
                  00002a40    0000000c     (__TI_handler_table)
                  00002a4c    00000004     --HOLE-- [fill = 0]
                  00002a50    00000008     (.cinit..bss.load) [load image, compression = zero_init]
                  00002a58    00000010     (__TI_cinit_table)

.init_array 
*          0    00000000    00000000     UNINITIALIZED

.data      0    20000000    0000803c     UNINITIALIZED
                  20000000    00008000     Crystalfontz128x128_ST7735.obj (.data:Lcd_buffer)
                  20008000    00000024     buttons.obj (.data:count$2)
                  20008024    0000000a     buttons.obj (.data)
                  2000802e    00000002     --HOLE--
                  20008030    00000008     buttons.obj (.data:gJoystick)
                  20008038    00000004     main.obj (.data)

.bss       0    2000803c    0000114e     UNINITIALIZED
                  2000803c    00001000     (.common:gADCBuffer)
                  2000903c    00000100     (.common:gWaveformBuffer)
                  2000913c    00000014     buttons.obj (.bss:state$1)
                  20009150    0000000c     (.common:triggerBuffer)
                  2000915c    00000004     (.common:fScale)
                  20009160    00000004     (.common:gADCErrors)
                  20009164    00000004     (.common:gADCSamplingRate)
                  20009168    00000004     (.common:gSystemClock)
                  2000916c    00000004     (.common:g_psGrLibDefaults)
                  20009170    00000004     (.common:temp0)
                  20009174    00000004     (.common:temp1)
                  20009178    00000004     (.common:y)
                  2000917c    00000002     (.common:Lcd_ScreenHeigth)
                  2000917e    00000002     (.common:Lcd_ScreenWidth)
                  20009180    00000002     (.common:Lcd_TouchTrim)
                  20009182    00000002     (.common:fVoltsPerDiv)
                  20009184    00000002     (.common:sample)
                  20009186    00000001     (.common:Lcd_FlagRead)
                  20009187    00000001     (.common:Lcd_FontSolid)
                  20009188    00000001     (.common:Lcd_Orientation)
                  20009189    00000001     (.common:Lcd_PenSolid)

.stack     0    20009190    00000800     UNINITIALIZED
                  20009190    00000004     rtsv7M4_T_le_v4SPD16_eabi.lib : boot_cortex_m.c.obj (.stack)
                  20009194    000007fc     --HOLE--

MODULE SUMMARY

       Module                                             code   ro data   rw data
       ------                                             ----   -------   -------
    .\
       Crystalfontz128x128_ST7735.obj                     1008   40        32778  
       buttons.obj                                        2436   0         4466   
       tm4c1294ncpdt_startup_ccs.obj                      26     520       0      
       HAL_EK_TM4C1294XL_Crystalfontz128x128_ST7735.obj   382    0         0      
       main.obj                                           178    0         8      
       sysctl_pll.obj                                     74     0         0      
    +--+--------------------------------------------------+------+---------+---------+
       Total:                                             4104   560       37252  
                                                                                  
    C:/ti/tirtos_tivac_2_16_00_08/products/TivaWare_C_Series-2.1.1.71b/driverlib/ccs/Debug/driverlib.lib
       sysctl.obj                                         674    452       0      
       gpio.obj                                           508    144       0      
       interrupt.obj                                      172    268       0      
       adc.obj                                            362    0         0      
       timer.obj                                          160    0         0      
       ssi.obj                                            88     0         0      
       fpu.obj                                            32     0         0      
       cpu.obj                                            24     0         0      
    +--+--------------------------------------------------+------+---------+---------+
       Total:                                             2020   864       0      
                                                                                  
    C:/ti/tirtos_tivac_2_16_00_08/products/TivaWare_C_Series-2.1.1.71b/grlib/ccs/Debug/grlib.lib
       string.obj                                         1170   0         0      
       fontfixed6x8.obj                                   0      960       0      
       rectangle.obj                                      134    0         0      
       context.obj                                        104    16        4      
       charmap.obj                                        8      0         0      
    +--+--------------------------------------------------+------+---------+---------+
       Total:                                             1416   976       4      
                                                                                  
    C:\ti\ccsv8\tools\compiler\ti-cgt-arm_18.1.2.LTS\lib\rtsv7M4_T_le_v4SPD16_eabi.lib
       memcpy_t2.asm.obj                                  156    0         0      
       s_floorf.c.obj                                     128    0         0      
       memset_t2.asm.obj                                  122    0         0      
       s_roundf.c.obj                                     110    0         0      
       copy_decompress_lzss.c.obj                         104    0         0      
       autoinit.c.obj                                     68     0         0      
       boot_cortex_m.c.obj                                56     0         0      
       fs_tod_t2.asm.obj                                  56     0         0      
       copy_decompress_none.c.obj                         14     0         0      
       copy_zero_init.c.obj                               12     0         0      
       exit.c.obj                                         4      0         0      
       pre_init.c.obj                                     4      0         0      
    +--+--------------------------------------------------+------+---------+---------+
       Total:                                             834    0         0      
                                                                                  
       Stack:                                             0      0         2048   
       Linker Generated:                                  0      60        0      
    +--+--------------------------------------------------+------+---------+---------+
       Grand Total:                                       8374   2460      39304  


LINKER GENERATED COPY TABLES

__TI_cinit_table @ 00002a58 records: 2, size/record: 8, table size: 16
	.data: load addr=00002a28, load size=00000018 bytes, run addr=20000000, run size=0000803c bytes, compression=lzss
	.bss: load addr=00002a50, load size=00000008 bytes, run addr=2000803c, run size=0000114e bytes, compression=zero_init


LINKER GENERATED HANDLER TABLE

__TI_handler_table @ 00002a40 records: 3, size/record: 4, table size: 12
	index: 0, handler: __TI_decompress_lzss
	index: 1, handler: __TI_decompress_none
	index: 2, handler: __TI_zero_init


GLOBAL SYMBOLS: SORTED ALPHABETICALLY BY Name 

address   name                              
-------   ----                              
00002133  ADCClockConfigSet                 
00002285  ADCIntClear                       
000021d9  ADCIntEnable                      
00001fc9  ADCIntStatus                      
0000214b  ADCProcessorTrigger               
00001e71  ADCSequenceConfigure              
000020bb  ADCSequenceDataGet                
00002229  ADCSequenceDisable                
00002237  ADCSequenceEnable                 
000019ad  ADCSequenceStepConfigure          
00000af9  ADC_ISR                           
00000969  ButtonAutoRepeat                  
000008f9  ButtonDebounce                    
000009e9  ButtonISR                         
000006a9  ButtonInit                        
000005c9  ButtonReadJoystick                
00001d4d  C$$EXIT                           
00002261  CPUcpsid                          
0000226d  CPUcpsie                          
00000eb9  Crystalfontz128x128_Init          
00000bd9  Crystalfontz128x128_SetDrawFrame  
00000b91  Crystalfontz128x128_SetOrientation
000021e9  FPUEnable                         
000021f9  FPULazyStackingEnable             
00002025  GPIODirModeSet                    
0000155f  GPIOPadConfigSet                  
00001d9d  GPIOPinConfigure                  
00001753  GPIOPinRead                       
00002191  GPIOPinTypeADC                    
000021a3  GPIOPinTypeGPIOInput              
00002163  GPIOPinTypeGPIOOutput             
000021b5  GPIOPinTypeSSI                    
000022bb  GPIOPinWrite                      
000022c1  GrContextFontSet                  
00001b11  GrContextInit                     
0000168f  GrDefaultStringRenderer           
000020d9  GrFontCodepageGet                 
00002099  GrFontGlyphDataGet                
00000f81  GrFontGlyphRender                 
0000204f  GrFontInfoGet                     
000022a3  GrMapISO8859_1_Unicode            
000018a7  GrRectFill                        
00001ff7  GrStringNextCharGet               
000014d1  HAL_LCD_PortInit                  
00001441  HAL_LCD_SpiInit                   
000013f1  HAL_LCD_writeCommand              
000013e1  HAL_LCD_writeData                 
00001b79  IntEnable                         
00002209  IntMasterDisable                  
00002219  IntMasterEnable                   
00002075  IntPrioritySet                    
20009186  Lcd_FlagRead                      
20009187  Lcd_FontSolid                     
20009188  Lcd_Orientation                   
20009189  Lcd_PenSolid                      
2000917c  Lcd_ScreenHeigth                  
2000917e  Lcd_ScreenWidth                   
20009180  Lcd_TouchTrim                     
20000000  Lcd_buffer                        
00002119  ResetISR                          
000022ab  SSIBusy                           
00001eaf  SSIConfigSetExpClk                
0000228f  SSIDataPut                        
00002299  SSIEnable                         
000011d9  SysCtlClockFreqSet                
000022c7  SysCtlDelay                       
00001d51  SysCtlFrequencyGet                
00001f95  SysCtlPeripheralEnable            
00001c49  TimerConfigure                    
0000217d  TimerDisable                      
00002245  TimerEnable                       
00000b8d  TimerIntClear                     
000022b3  TimerIntEnable                    
000021c7  TimerLoadSet                      
00000209  WAVEFORM_ISR                      
20009990  __STACK_END                       
00000800  __STACK_SIZE                      
20009390  __STACK_TOP                       
00002a58  __TI_CINIT_Base                   
00002a68  __TI_CINIT_Limit                  
00002a40  __TI_Handler_Table_Base           
00002a4c  __TI_Handler_Table_Limit          
00001e2d  __TI_auto_init_nobinit_nopinit    
00001be1  __TI_decompress_lzss              
00002253  __TI_decompress_none              
ffffffff  __TI_pprof_out_hndl               
ffffffff  __TI_prof_data_size               
ffffffff  __TI_prof_data_start              
00000000  __TI_static_base__                
00002279  __TI_zero_init                    
00001f5d  __aeabi_f2d                       
00001a27  __aeabi_memclr                    
00001a27  __aeabi_memclr4                   
00001a27  __aeabi_memclr8                   
0000180b  __aeabi_memcpy                    
0000180b  __aeabi_memcpy4                   
0000180b  __aeabi_memcpy8                   
00001a29  __aeabi_memset                    
00001a29  __aeabi_memset4                   
00001a29  __aeabi_memset8                   
ffffffff  __binit__                         
ffffffff  __c_args__                        
UNDEFED   __mpu_init                        
20009190  __stack                           
00001f25  _c_int00_noargs                   
UNDEFED   _system_post_cinit                
000013dd  _system_pre_init                  
00001d4d  abort                             
ffffffff  binit                             
2000915c  fScale                            
20009182  fVoltsPerDiv                      
0000192d  floorf                            
2000803c  gADCBuffer                        
20008028  gADCBufferIndex                   
20009160  gADCErrors                        
20009164  gADCSamplingRate                  
20008024  gButtons                          
20008030  gJoystick                         
20009168  gSystemClock                      
20008038  gTime                             
2000903c  gWaveformBuffer                   
00000000  g_pfnVectors                      
00002a0c  g_psDefaultCodePointMapTable      
000029e4  g_sCrystalfontz128x128            
000026e4  g_sFontFixed6x8                   
00001759  main                              
0000180b  memcpy                            
00001a2f  memset                            
00001aa1  roundf                            
20009184  sample                            
20009170  temp0                             
20009174  temp1                             
20009150  triggerBuffer                     
20009178  y                                 


GLOBAL SYMBOLS: SORTED BY Symbol Address 

address   name                              
-------   ----                              
00000000  __TI_static_base__                
00000000  g_pfnVectors                      
00000209  WAVEFORM_ISR                      
000005c9  ButtonReadJoystick                
000006a9  ButtonInit                        
00000800  __STACK_SIZE                      
000008f9  ButtonDebounce                    
00000969  ButtonAutoRepeat                  
000009e9  ButtonISR                         
00000af9  ADC_ISR                           
00000b8d  TimerIntClear                     
00000b91  Crystalfontz128x128_SetOrientation
00000bd9  Crystalfontz128x128_SetDrawFrame  
00000eb9  Crystalfontz128x128_Init          
00000f81  GrFontGlyphRender                 
000011d9  SysCtlClockFreqSet                
000013dd  _system_pre_init                  
000013e1  HAL_LCD_writeData                 
000013f1  HAL_LCD_writeCommand              
00001441  HAL_LCD_SpiInit                   
000014d1  HAL_LCD_PortInit                  
0000155f  GPIOPadConfigSet                  
0000168f  GrDefaultStringRenderer           
00001753  GPIOPinRead                       
00001759  main                              
0000180b  __aeabi_memcpy                    
0000180b  __aeabi_memcpy4                   
0000180b  __aeabi_memcpy8                   
0000180b  memcpy                            
000018a7  GrRectFill                        
0000192d  floorf                            
000019ad  ADCSequenceStepConfigure          
00001a27  __aeabi_memclr                    
00001a27  __aeabi_memclr4                   
00001a27  __aeabi_memclr8                   
00001a29  __aeabi_memset                    
00001a29  __aeabi_memset4                   
00001a29  __aeabi_memset8                   
00001a2f  memset                            
00001aa1  roundf                            
00001b11  GrContextInit                     
00001b79  IntEnable                         
00001be1  __TI_decompress_lzss              
00001c49  TimerConfigure                    
00001d4d  C$$EXIT                           
00001d4d  abort                             
00001d51  SysCtlFrequencyGet                
00001d9d  GPIOPinConfigure                  
00001e2d  __TI_auto_init_nobinit_nopinit    
00001e71  ADCSequenceConfigure              
00001eaf  SSIConfigSetExpClk                
00001f25  _c_int00_noargs                   
00001f5d  __aeabi_f2d                       
00001f95  SysCtlPeripheralEnable            
00001fc9  ADCIntStatus                      
00001ff7  GrStringNextCharGet               
00002025  GPIODirModeSet                    
0000204f  GrFontInfoGet                     
00002075  IntPrioritySet                    
00002099  GrFontGlyphDataGet                
000020bb  ADCSequenceDataGet                
000020d9  GrFontCodepageGet                 
00002119  ResetISR                          
00002133  ADCClockConfigSet                 
0000214b  ADCProcessorTrigger               
00002163  GPIOPinTypeGPIOOutput             
0000217d  TimerDisable                      
00002191  GPIOPinTypeADC                    
000021a3  GPIOPinTypeGPIOInput              
000021b5  GPIOPinTypeSSI                    
000021c7  TimerLoadSet                      
000021d9  ADCIntEnable                      
000021e9  FPUEnable                         
000021f9  FPULazyStackingEnable             
00002209  IntMasterDisable                  
00002219  IntMasterEnable                   
00002229  ADCSequenceDisable                
00002237  ADCSequenceEnable                 
00002245  TimerEnable                       
00002253  __TI_decompress_none              
00002261  CPUcpsid                          
0000226d  CPUcpsie                          
00002279  __TI_zero_init                    
00002285  ADCIntClear                       
0000228f  SSIDataPut                        
00002299  SSIEnable                         
000022a3  GrMapISO8859_1_Unicode            
000022ab  SSIBusy                           
000022b3  TimerIntEnable                    
000022bb  GPIOPinWrite                      
000022c1  GrContextFontSet                  
000022c7  SysCtlDelay                       
000026e4  g_sFontFixed6x8                   
000029e4  g_sCrystalfontz128x128            
00002a0c  g_psDefaultCodePointMapTable      
00002a40  __TI_Handler_Table_Base           
00002a4c  __TI_Handler_Table_Limit          
00002a58  __TI_CINIT_Base                   
00002a68  __TI_CINIT_Limit                  
20000000  Lcd_buffer                        
20008024  gButtons                          
20008028  gADCBufferIndex                   
20008030  gJoystick                         
20008038  gTime                             
2000803c  gADCBuffer                        
2000903c  gWaveformBuffer                   
20009150  triggerBuffer                     
2000915c  fScale                            
20009160  gADCErrors                        
20009164  gADCSamplingRate                  
20009168  gSystemClock                      
20009170  temp0                             
20009174  temp1                             
20009178  y                                 
2000917c  Lcd_ScreenHeigth                  
2000917e  Lcd_ScreenWidth                   
20009180  Lcd_TouchTrim                     
20009182  fVoltsPerDiv                      
20009184  sample                            
20009186  Lcd_FlagRead                      
20009187  Lcd_FontSolid                     
20009188  Lcd_Orientation                   
20009189  Lcd_PenSolid                      
20009190  __stack                           
20009390  __STACK_TOP                       
20009990  __STACK_END                       
ffffffff  __TI_pprof_out_hndl               
ffffffff  __TI_prof_data_size               
ffffffff  __TI_prof_data_start              
ffffffff  __binit__                         
ffffffff  __c_args__                        
ffffffff  binit                             
UNDEFED   __mpu_init                        
UNDEFED   _system_post_cinit                

[134 symbols]
