******************************************************************************
                  TI ARM Linker PC v18.12.1                    
******************************************************************************
>> Linked Thu Mar 28 01:13:18 2019

OUTPUT FILE NAME:   <ece3849_lab1_skalimani_cradlermandile2.out>
ENTRY POINT SYMBOL: "_c_int00_noargs"  address: 000021c9


MEMORY CONFIGURATION

         name            origin    length      used     unused   attr    fill
----------------------  --------  ---------  --------  --------  ----  --------
  FLASH                 00000000   00100000  00002ca2  000fd35e  R  X
  SRAM                  20000000   00040000  0000a8b9  00035747  RW X


SEGMENT ALLOCATION MAP

run origin  load origin   length   init length attrs members
----------  ----------- ---------- ----------- ----- -------
00000000    00000000    00002ca8   00002ca8    r-x
  00000000    00000000    00000208   00000208    r-- .intvecs
  00000208    00000208    00002302   00002302    r-x .text
  0000250c    0000250c    00000758   00000758    r-- .const
  00002c68    00002c68    00000040   00000040    r-- .cinit
20000000    20000000    0000a8c0   00000000    rw-
  20000000    20000000    0000804c   00000000    rw- .data
  2000804c    2000804c    0000206d   00000000    rw- .bss
  2000a0c0    2000a0c0    00000800   00000000    rw- .stack


SECTION ALLOCATION MAP

 output                                  attributes/
section   page    origin      length       input sections
--------  ----  ----------  ----------   ----------------
.intvecs   0    00000000    00000208     
                  00000000    00000208     tm4c1294ncpdt_startup_ccs.obj (.intvecs)

.text      0    00000208    00002302     
                  00000208    0000061e     buttons.obj (.text)
                  00000826    00000002     --HOLE-- [fill = 0]
                  00000828    000004e6     main.obj (.text)
                  00000d0e    00000002     --HOLE-- [fill = 0]
                  00000d10    000003f0     Crystalfontz128x128_ST7735.obj (.text)
                  00001100    00000256     grlib.lib : string.obj (.text:GrFontGlyphRender)
                  00001356    00000002     --HOLE-- [fill = 0]
                  00001358    00000204     driverlib.lib : sysctl.obj (.text:SysCtlClockFreqSet)
                  0000155c    00000004                   : timer.obj (.text:TimerIntClear)
                  00001560    0000017e     HAL_EK_TM4C1294XL_Crystalfontz128x128_ST7735.obj (.text)
                  000016de    00000130     driverlib.lib : gpio.obj (.text:GPIOPadConfigSet)
                  0000180e    00000106     grlib.lib : line.obj (.text:GrLineDraw)
                  00001914    000000c4               : string.obj (.text:GrDefaultStringRenderer)
                  000019d8    000000c0               : line.obj (.text:GrLineClip)
                  00001a98    0000009c     rtsv7M4_T_le_v4SPD16_eabi.lib : memcpy_t2.asm.obj (.text)
                  00001b34    00000086     grlib.lib : rectangle.obj (.text:GrRectFill)
                  00001bba    0000007a     driverlib.lib : adc.obj (.text:ADCSequenceStepConfigure)
                  00001c34    0000007a     rtsv7M4_T_le_v4SPD16_eabi.lib : memset_t2.asm.obj (.text)
                  00001cae    00000002     --HOLE-- [fill = 0]
                  00001cb0    00000068     grlib.lib : context.obj (.text:GrContextInit)
                  00001d18    00000068     driverlib.lib : interrupt.obj (.text:IntEnable)
                  00001d80    00000068     rtsv7M4_T_le_v4SPD16_eabi.lib : copy_decompress_lzss.c.obj (.text:decompress:lzss:__TI_decompress_lzss)
                  00001de8    00000060     driverlib.lib : timer.obj (.text:TimerConfigure)
                  00001e48    0000005a     grlib.lib : string.obj (.text:FontWideGlyphDataGet)
                  00001ea2    00000002     --HOLE-- [fill = 0]
                  00001ea4    00000058     driverlib.lib : timer.obj (.text:TimerControlTrigger)
                  00001efc    0000004a     grlib.lib : string.obj (.text:UpdateContextCharMapping)
                  00001f46    00000002     --HOLE-- [fill = 0]
                  00001f48    00000048     driverlib.lib : gpio.obj (.text:GPIOPinConfigure)
                  00001f90    00000048                   : sysctl.obj (.text:_SysCtlFrequencyGet)
                  00001fd8    00000046     grlib.lib : line.obj (.text:GrLineDrawH)
                  0000201e    00000046               : line.obj (.text:GrLineDrawV)
                  00002064    00000044     rtsv7M4_T_le_v4SPD16_eabi.lib : autoinit.c.obj (.text:__TI_auto_init_nobinit_nopinit:__TI_auto_init_nobinit_nopinit)
                  000020a8    0000003e     driverlib.lib : adc.obj (.text:ADCSequenceConfigure)
                  000020e6    0000003c                   : ssi.obj (.text:SSIConfigSetExpClk)
                  00002122    0000003a     grlib.lib : string.obj (.text:FontGlyphDataGet)
                  0000215c    00000036               : line.obj (.text:GrClipCodeGet)
                  00002192    00000002     --HOLE-- [fill = 0]
                  00002194    00000034     driverlib.lib : sysctl.obj (.text:SysCtlPeripheralEnable)
                  000021c8    00000034     rtsv7M4_T_le_v4SPD16_eabi.lib : boot_cortex_m.c.obj (.text:_c_int00_noargs:_c_int00_noargs)
                  000021fc    0000002e     driverlib.lib : adc.obj (.text:ADCIntStatus)
                  0000222a    0000002e     grlib.lib : string.obj (.text:GrStringNextCharGet)
                  00002258    0000002a     driverlib.lib : gpio.obj (.text:GPIODirModeSet)
                  00002282    00000026     grlib.lib : string.obj (.text:GrFontInfoGet)
                  000022a8    00000024     driverlib.lib : interrupt.obj (.text:IntPrioritySet)
                  000022cc    00000022     grlib.lib : string.obj (.text:GrFontGlyphDataGet)
                  000022ee    0000001e     driverlib.lib : adc.obj (.text:ADCSequenceDataGet)
                  0000230c    0000001e     grlib.lib : string.obj (.text:GrFontCodepageGet)
                  0000232a    00000002     --HOLE-- [fill = 0]
                  0000232c    0000001c     driverlib.lib : sysctl.obj (.text:_SysCtlMemTimingGet)
                  00002348    0000001a     tm4c1294ncpdt_startup_ccs.obj (.text)
                  00002362    00000018     driverlib.lib : adc.obj (.text:ADCClockConfigSet)
                  0000237a    00000018                   : adc.obj (.text:ADCProcessorTrigger)
                  00002392    00000018                   : gpio.obj (.text:GPIOPinTypeGPIOOutput)
                  000023aa    00000002     --HOLE-- [fill = 0]
                  000023ac    00000014                   : timer.obj (.text:TimerDisable)
                  000023c0    00000012                   : gpio.obj (.text:GPIOPinTypeADC)
                  000023d2    00000012                   : gpio.obj (.text:GPIOPinTypeGPIOInput)
                  000023e4    00000012                   : gpio.obj (.text:GPIOPinTypeSSI)
                  000023f6    00000012                   : timer.obj (.text:TimerLoadSet)
                  00002408    00000010                   : adc.obj (.text:ADCIntEnable)
                  00002418    00000010                   : fpu.obj (.text:FPUEnable)
                  00002428    00000010                   : fpu.obj (.text:FPULazyStackingEnable)
                  00002438    00000010                   : interrupt.obj (.text:IntMasterDisable)
                  00002448    00000010                   : interrupt.obj (.text:IntMasterEnable)
                  00002458    0000000e                   : adc.obj (.text:ADCSequenceDisable)
                  00002466    0000000e                   : adc.obj (.text:ADCSequenceEnable)
                  00002474    0000000e                   : timer.obj (.text:TimerEnable)
                  00002482    0000000e     rtsv7M4_T_le_v4SPD16_eabi.lib : copy_decompress_none.c.obj (.text:decompress:none:__TI_decompress_none)
                  00002490    0000000c     driverlib.lib : cpu.obj (.text:CPUcpsid)
                  0000249c    0000000c                   : cpu.obj (.text:CPUcpsie)
                  000024a8    0000000c     rtsv7M4_T_le_v4SPD16_eabi.lib : copy_zero_init.c.obj (.text:decompress:ZI:__TI_zero_init)
                  000024b4    0000000a     driverlib.lib : adc.obj (.text:ADCIntClear)
                  000024be    0000000a                   : ssi.obj (.text:SSIDataPut)
                  000024c8    0000000a                   : ssi.obj (.text:SSIEnable)
                  000024d2    00000008     grlib.lib : charmap.obj (.text:GrMapISO8859_1_Unicode)
                  000024da    00000008     driverlib.lib : ssi.obj (.text:SSIBusy)
                  000024e2    00000008                   : timer.obj (.text:TimerIntEnable)
                  000024ea    00000006                   : gpio.obj (.text:GPIOPinRead)
                  000024f0    00000006                   : gpio.obj (.text:GPIOPinWrite)
                  000024f6    00000006     grlib.lib : string.obj (.text:GrContextFontSet)
                  000024fc    00000006     driverlib.lib : sysctl.obj (.text:SysCtlDelay)
                  00002502    00000004     rtsv7M4_T_le_v4SPD16_eabi.lib : pre_init.c.obj (.text:_system_pre_init)
                  00002506    00000004                                   : exit.c.obj (.text:abort:abort)

.const     0    0000250c    00000758     
                  0000250c    000002f8     grlib.lib : fontfixed6x8.obj (.const:.string:g_pui8FontFixed6x8Data)
                  00002804    00000120     driverlib.lib : sysctl.obj (.const:g_pppui32XTALtoVCO)
                  00002924    000000c8     grlib.lib : fontfixed6x8.obj (.const:g_sFontFixed6x8)
                  000029ec    0000009c     driverlib.lib : interrupt.obj (.const:g_pui32Regs)
                  00002a88    00000090                   : gpio.obj (.const:g_pui32GPIOBaseAddrs)
                  00002b18    00000070                   : interrupt.obj (.const)
                  00002b88    0000006c                   : sysctl.obj (.const:g_pui32Xtals)
                  00002bf4    00000030                   : sysctl.obj (.const:g_sXTALtoMEMTIM)
                  00002c24    00000028     Crystalfontz128x128_ST7735.obj (.const:g_sCrystalfontz128x128)
                  00002c4c    00000010     grlib.lib : context.obj (.const)
                  00002c5c    00000008     driverlib.lib : sysctl.obj (.const)

.cinit     0    00002c68    00000040     
                  00002c68    0000001c     (.cinit..data.load) [load image, compression = lzss]
                  00002c84    0000000c     (__TI_handler_table)
                  00002c90    00000008     (.cinit..bss.load) [load image, compression = zero_init]
                  00002c98    00000010     (__TI_cinit_table)

.init_array 
*          0    00000000    00000000     UNINITIALIZED

.data      0    20000000    0000804c     UNINITIALIZED
                  20000000    00008000     Crystalfontz128x128_ST7735.obj (.data:Lcd_buffer)
                  20008000    00000024     buttons.obj (.data:count$2)
                  20008024    00000012     buttons.obj (.data)
                  20008036    00000002     --HOLE--
                  20008038    0000000c     main.obj (.data)
                  20008044    00000008     buttons.obj (.data:gJoystick)

.bss       0    2000804c    0000206d     UNINITIALIZED
                  2000804c    00001000     (.common:gADCBuffer)
                  2000904c    00001000     (.common:gWaveformBuffer)
                  2000a04c    00000014     buttons.obj (.bss:state$1)
                  2000a060    0000000c     (.common:fifo)
                  2000a06c    0000000c     (.common:triggerBuffer)
                  2000a078    00000004     (.common:buttons)
                  2000a07c    00000004     (.common:fScale)
                  2000a080    00000004     (.common:gADCErrors)
                  2000a084    00000004     (.common:gADCSamplingRate)
                  2000a088    00000004     (.common:gSystemClock)
                  2000a08c    00000004     (.common:gTriggerIndex)
                  2000a090    00000004     (.common:g_psGrLibDefaults)
                  2000a094    00000004     (.common:i)
                  2000a098    00000004     (.common:j)
                  2000a09c    00000004     (.common:temp0)
                  2000a0a0    00000004     (.common:temp1)
                  2000a0a4    00000004     (.common:y)
                  2000a0a8    00000004     (.common:y_old)
                  2000a0ac    00000002     (.common:Lcd_ScreenHeigth)
                  2000a0ae    00000002     (.common:Lcd_ScreenWidth)
                  2000a0b0    00000002     (.common:Lcd_TouchTrim)
                  2000a0b2    00000002     (.common:sample)
                  2000a0b4    00000001     (.common:Lcd_FlagRead)
                  2000a0b5    00000001     (.common:Lcd_FontSolid)
                  2000a0b6    00000001     (.common:Lcd_Orientation)
                  2000a0b7    00000001     (.common:Lcd_PenSolid)
                  2000a0b8    00000001     (.common:buttonRead)

.stack     0    2000a0c0    00000800     UNINITIALIZED
                  2000a0c0    00000004     rtsv7M4_T_le_v4SPD16_eabi.lib : boot_cortex_m.c.obj (.stack)
                  2000a0c4    000007fc     --HOLE--

MODULE SUMMARY

       Module                                             code   ro data   rw data
       ------                                             ----   -------   -------
    .\
       Crystalfontz128x128_ST7735.obj                     1008   40        32778  
       buttons.obj                                        1566   0         8306   
       main.obj                                           1254   0         55     
       tm4c1294ncpdt_startup_ccs.obj                      26     520       0      
       HAL_EK_TM4C1294XL_Crystalfontz128x128_ST7735.obj   382    0         0      
    +--+--------------------------------------------------+------+---------+---------+
       Total:                                             4236   560       41139  
                                                                                  
    C:/ti/tirtos_tivac_2_16_00_08/products/TivaWare_C_Series-2.1.1.71b/driverlib/ccs/Debug/driverlib.lib
       sysctl.obj                                         674    452       0      
       gpio.obj                                           508    144       0      
       interrupt.obj                                      172    268       0      
       adc.obj                                            362    0         0      
       timer.obj                                          248    0         0      
       ssi.obj                                            88     0         0      
       fpu.obj                                            32     0         0      
       cpu.obj                                            24     0         0      
    +--+--------------------------------------------------+------+---------+---------+
       Total:                                             2108   864       0      
                                                                                  
    C:/ti/tirtos_tivac_2_16_00_08/products/TivaWare_C_Series-2.1.1.71b/grlib/ccs/Debug/grlib.lib
       string.obj                                         1170   0         0      
       fontfixed6x8.obj                                   0      960       0      
       line.obj                                           648    0         0      
       rectangle.obj                                      134    0         0      
       context.obj                                        104    16        4      
       charmap.obj                                        8      0         0      
    +--+--------------------------------------------------+------+---------+---------+
       Total:                                             2064   976       4      
                                                                                  
    C:\ti\ccs900\ccs\tools\compiler\ti-cgt-arm_18.12.1.LTS\lib\rtsv7M4_T_le_v4SPD16_eabi.lib
       memcpy_t2.asm.obj                                  156    0         0      
       memset_t2.asm.obj                                  122    0         0      
       copy_decompress_lzss.c.obj                         104    0         0      
       autoinit.c.obj                                     68     0         0      
       boot_cortex_m.c.obj                                52     0         0      
       copy_decompress_none.c.obj                         14     0         0      
       copy_zero_init.c.obj                               12     0         0      
       exit.c.obj                                         4      0         0      
       pre_init.c.obj                                     4      0         0      
    +--+--------------------------------------------------+------+---------+---------+
       Total:                                             536    0         0      
                                                                                  
       Stack:                                             0      0         2048   
       Linker Generated:                                  0      64        0      
    +--+--------------------------------------------------+------+---------+---------+
       Grand Total:                                       8944   2464      43191  


LINKER GENERATED COPY TABLES

__TI_cinit_table @ 00002c98 records: 2, size/record: 8, table size: 16
	.data: load addr=00002c68, load size=0000001c bytes, run addr=20000000, run size=0000804c bytes, compression=lzss
	.bss: load addr=00002c90, load size=00000008 bytes, run addr=2000804c, run size=0000206d bytes, compression=zero_init


LINKER GENERATED HANDLER TABLE

__TI_handler_table @ 00002c84 records: 3, size/record: 4, table size: 12
	index: 0, handler: __TI_decompress_lzss
	index: 1, handler: __TI_decompress_none
	index: 2, handler: __TI_zero_init


GLOBAL SYMBOLS: SORTED ALPHABETICALLY BY Name 

address   name                              
-------   ----                              
00002363  ADCClockConfigSet                 
000024b5  ADCIntClear                       
00002409  ADCIntEnable                      
000021fd  ADCIntStatus                      
0000237b  ADCProcessorTrigger               
000020a9  ADCSequenceConfigure              
000022ef  ADCSequenceDataGet                
00002459  ADCSequenceDisable                
00002467  ADCSequenceEnable                 
00001bbb  ADCSequenceStepConfigure          
000007d9  ADC_ISR                           
00000649  ButtonAutoRepeat                  
000005d9  ButtonDebounce                    
000006c9  ButtonISR                         
00000369  ButtonInit                        
00000289  ButtonReadJoystick                
00002507  C$$EXIT                           
00002491  CPUcpsid                          
0000249d  CPUcpsie                          
00001039  Crystalfontz128x128_Init          
00000d59  Crystalfontz128x128_SetDrawFrame  
00000d11  Crystalfontz128x128_SetOrientation
00002419  FPUEnable                         
00002429  FPULazyStackingEnable             
00002259  GPIODirModeSet                    
000016df  GPIOPadConfigSet                  
00001f49  GPIOPinConfigure                  
000024eb  GPIOPinRead                       
000023c1  GPIOPinTypeADC                    
000023d3  GPIOPinTypeGPIOInput              
00002393  GPIOPinTypeGPIOOutput             
000023e5  GPIOPinTypeSSI                    
000024f1  GPIOPinWrite                      
000024f7  GrContextFontSet                  
00001cb1  GrContextInit                     
00001915  GrDefaultStringRenderer           
0000230d  GrFontCodepageGet                 
000022cd  GrFontGlyphDataGet                
00001101  GrFontGlyphRender                 
00002283  GrFontInfoGet                     
0000180f  GrLineDraw                        
00001fd9  GrLineDrawH                       
0000201f  GrLineDrawV                       
000024d3  GrMapISO8859_1_Unicode            
00001b35  GrRectFill                        
0000222b  GrStringNextCharGet               
00001651  HAL_LCD_PortInit                  
000015c1  HAL_LCD_SpiInit                   
00001571  HAL_LCD_writeCommand              
00001561  HAL_LCD_writeData                 
00001d19  IntEnable                         
00002439  IntMasterDisable                  
00002449  IntMasterEnable                   
000022a9  IntPrioritySet                    
2000a0b4  Lcd_FlagRead                      
2000a0b5  Lcd_FontSolid                     
2000a0b6  Lcd_Orientation                   
2000a0b7  Lcd_PenSolid                      
2000a0ac  Lcd_ScreenHeigth                  
2000a0ae  Lcd_ScreenWidth                   
2000a0b0  Lcd_TouchTrim                     
20000000  Lcd_buffer                        
00002349  ResetISR                          
000024db  SSIBusy                           
000020e7  SSIConfigSetExpClk                
000024bf  SSIDataPut                        
000024c9  SSIEnable                         
00001359  SysCtlClockFreqSet                
000024fd  SysCtlDelay                       
00002195  SysCtlPeripheralEnable            
00001de9  TimerConfigure                    
00001ea5  TimerControlTrigger               
000023ad  TimerDisable                      
00002475  TimerEnable                       
0000155d  TimerIntClear                     
000024e3  TimerIntEnable                    
000023f7  TimerLoadSet                      
2000a8c0  __STACK_END                       
00000800  __STACK_SIZE                      
2000a2c0  __STACK_TOP                       
00002c98  __TI_CINIT_Base                   
00002ca8  __TI_CINIT_Limit                  
00002c84  __TI_Handler_Table_Base           
00002c90  __TI_Handler_Table_Limit          
00002065  __TI_auto_init_nobinit_nopinit    
00001d81  __TI_decompress_lzss              
00002483  __TI_decompress_none              
ffffffff  __TI_pprof_out_hndl               
ffffffff  __TI_prof_data_size               
ffffffff  __TI_prof_data_start              
00000000  __TI_static_base__                
000024a9  __TI_zero_init                    
00001c35  __aeabi_memclr                    
00001c35  __aeabi_memclr4                   
00001c35  __aeabi_memclr8                   
00001a99  __aeabi_memcpy                    
00001a99  __aeabi_memcpy4                   
00001a99  __aeabi_memcpy8                   
00001c37  __aeabi_memset                    
00001c37  __aeabi_memset4                   
00001c37  __aeabi_memset8                   
ffffffff  __binit__                         
ffffffff  __c_args__                        
UNDEFED   __mpu_init                        
2000a0c0  __stack                           
000021c9  _c_int00_noargs                   
UNDEFED   _system_post_cinit                
00002503  _system_pre_init                  
00002507  abort                             
ffffffff  binit                             
00000829  buttonChar                        
2000a0b8  buttonRead                        
2000a078  buttons                           
2000a07c  fScale                            
2000803c  fVoltsPerDiv                      
2000a060  fifo                              
00000241  fifo_get                          
20008024  fifo_head                         
00000209  fifo_put                          
20008028  fifo_tail                         
2000804c  gADCBuffer                        
20008030  gADCBufferIndex                   
2000a080  gADCErrors                        
2000a084  gADCSamplingRate                  
2000802c  gButtons                          
20008044  gJoystick                         
2000a088  gSystemClock                      
20008038  gTime                             
2000a08c  gTriggerIndex                     
2000904c  gWaveformBuffer                   
00000000  g_pfnVectors                      
00002c4c  g_psDefaultCodePointMapTable      
00002c24  g_sCrystalfontz128x128            
00002924  g_sFontFixed6x8                   
2000a094  i                                 
2000a098  j                                 
00000879  main                              
00001a99  memcpy                            
00001c3d  memset                            
2000a0b2  sample                            
2000a09c  temp0                             
2000a0a0  temp1                             
2000a06c  triggerBuffer                     
20008040  triggerSlope                      
2000a0a4  y                                 
2000a0a8  y_old                             


GLOBAL SYMBOLS: SORTED BY Symbol Address 

address   name                              
-------   ----                              
00000000  __TI_static_base__                
00000000  g_pfnVectors                      
00000209  fifo_put                          
00000241  fifo_get                          
00000289  ButtonReadJoystick                
00000369  ButtonInit                        
000005d9  ButtonDebounce                    
00000649  ButtonAutoRepeat                  
000006c9  ButtonISR                         
000007d9  ADC_ISR                           
00000800  __STACK_SIZE                      
00000829  buttonChar                        
00000879  main                              
00000d11  Crystalfontz128x128_SetOrientation
00000d59  Crystalfontz128x128_SetDrawFrame  
00001039  Crystalfontz128x128_Init          
00001101  GrFontGlyphRender                 
00001359  SysCtlClockFreqSet                
0000155d  TimerIntClear                     
00001561  HAL_LCD_writeData                 
00001571  HAL_LCD_writeCommand              
000015c1  HAL_LCD_SpiInit                   
00001651  HAL_LCD_PortInit                  
000016df  GPIOPadConfigSet                  
0000180f  GrLineDraw                        
00001915  GrDefaultStringRenderer           
00001a99  __aeabi_memcpy                    
00001a99  __aeabi_memcpy4                   
00001a99  __aeabi_memcpy8                   
00001a99  memcpy                            
00001b35  GrRectFill                        
00001bbb  ADCSequenceStepConfigure          
00001c35  __aeabi_memclr                    
00001c35  __aeabi_memclr4                   
00001c35  __aeabi_memclr8                   
00001c37  __aeabi_memset                    
00001c37  __aeabi_memset4                   
00001c37  __aeabi_memset8                   
00001c3d  memset                            
00001cb1  GrContextInit                     
00001d19  IntEnable                         
00001d81  __TI_decompress_lzss              
00001de9  TimerConfigure                    
00001ea5  TimerControlTrigger               
00001f49  GPIOPinConfigure                  
00001fd9  GrLineDrawH                       
0000201f  GrLineDrawV                       
00002065  __TI_auto_init_nobinit_nopinit    
000020a9  ADCSequenceConfigure              
000020e7  SSIConfigSetExpClk                
00002195  SysCtlPeripheralEnable            
000021c9  _c_int00_noargs                   
000021fd  ADCIntStatus                      
0000222b  GrStringNextCharGet               
00002259  GPIODirModeSet                    
00002283  GrFontInfoGet                     
000022a9  IntPrioritySet                    
000022cd  GrFontGlyphDataGet                
000022ef  ADCSequenceDataGet                
0000230d  GrFontCodepageGet                 
00002349  ResetISR                          
00002363  ADCClockConfigSet                 
0000237b  ADCProcessorTrigger               
00002393  GPIOPinTypeGPIOOutput             
000023ad  TimerDisable                      
000023c1  GPIOPinTypeADC                    
000023d3  GPIOPinTypeGPIOInput              
000023e5  GPIOPinTypeSSI                    
000023f7  TimerLoadSet                      
00002409  ADCIntEnable                      
00002419  FPUEnable                         
00002429  FPULazyStackingEnable             
00002439  IntMasterDisable                  
00002449  IntMasterEnable                   
00002459  ADCSequenceDisable                
00002467  ADCSequenceEnable                 
00002475  TimerEnable                       
00002483  __TI_decompress_none              
00002491  CPUcpsid                          
0000249d  CPUcpsie                          
000024a9  __TI_zero_init                    
000024b5  ADCIntClear                       
000024bf  SSIDataPut                        
000024c9  SSIEnable                         
000024d3  GrMapISO8859_1_Unicode            
000024db  SSIBusy                           
000024e3  TimerIntEnable                    
000024eb  GPIOPinRead                       
000024f1  GPIOPinWrite                      
000024f7  GrContextFontSet                  
000024fd  SysCtlDelay                       
00002503  _system_pre_init                  
00002507  C$$EXIT                           
00002507  abort                             
00002924  g_sFontFixed6x8                   
00002c24  g_sCrystalfontz128x128            
00002c4c  g_psDefaultCodePointMapTable      
00002c84  __TI_Handler_Table_Base           
00002c90  __TI_Handler_Table_Limit          
00002c98  __TI_CINIT_Base                   
00002ca8  __TI_CINIT_Limit                  
20000000  Lcd_buffer                        
20008024  fifo_head                         
20008028  fifo_tail                         
2000802c  gButtons                          
20008030  gADCBufferIndex                   
20008038  gTime                             
2000803c  fVoltsPerDiv                      
20008040  triggerSlope                      
20008044  gJoystick                         
2000804c  gADCBuffer                        
2000904c  gWaveformBuffer                   
2000a060  fifo                              
2000a06c  triggerBuffer                     
2000a078  buttons                           
2000a07c  fScale                            
2000a080  gADCErrors                        
2000a084  gADCSamplingRate                  
2000a088  gSystemClock                      
2000a08c  gTriggerIndex                     
2000a094  i                                 
2000a098  j                                 
2000a09c  temp0                             
2000a0a0  temp1                             
2000a0a4  y                                 
2000a0a8  y_old                             
2000a0ac  Lcd_ScreenHeigth                  
2000a0ae  Lcd_ScreenWidth                   
2000a0b0  Lcd_TouchTrim                     
2000a0b2  sample                            
2000a0b4  Lcd_FlagRead                      
2000a0b5  Lcd_FontSolid                     
2000a0b6  Lcd_Orientation                   
2000a0b7  Lcd_PenSolid                      
2000a0b8  buttonRead                        
2000a0c0  __stack                           
2000a2c0  __STACK_TOP                       
2000a8c0  __STACK_END                       
ffffffff  __TI_pprof_out_hndl               
ffffffff  __TI_prof_data_size               
ffffffff  __TI_prof_data_start              
ffffffff  __binit__                         
ffffffff  __c_args__                        
ffffffff  binit                             
UNDEFED   __mpu_init                        
UNDEFED   _system_post_cinit                

[146 symbols]
