******************************************************************************
                  TI ARM Linker PC v18.12.1                    
******************************************************************************
>> Linked Thu Mar 28 11:53:16 2019

OUTPUT FILE NAME:   <ece3849_lab1_skalimani_cradlermandile2.out>
ENTRY POINT SYMBOL: "_c_int00_noargs"  address: 000022d9


MEMORY CONFIGURATION

         name            origin    length      used     unused   attr    fill
----------------------  --------  ---------  --------  --------  ----  --------
  FLASH                 00000000   00100000  00002dc2  000fd23e  R  X
  SRAM                  20000000   00040000  0000a8c4  0003573c  RW X


SEGMENT ALLOCATION MAP

run origin  load origin   length   init length attrs members
----------  ----------- ---------- ----------- ----- -------
00000000    00000000    00002dc8   00002dc8    r-x
  00000000    00000000    00000208   00000208    r-- .intvecs
  00000208    00000208    00002412   00002412    r-x .text
  0000261c    0000261c    00000758   00000758    r-- .const
  00002d78    00002d78    00000050   00000050    r-- .cinit
20000000    20000000    0000a8c8   00000000    rw-
  20000000    20000000    00008054   00000000    rw- .data
  20008054    20008054    00002070   00000000    rw- .bss
  2000a0c8    2000a0c8    00000800   00000000    rw- .stack


SECTION ALLOCATION MAP

 output                                  attributes/
section   page    origin      length       input sections
--------  ----  ----------  ----------   ----------------
.intvecs   0    00000000    00000208     
                  00000000    00000208     tm4c1294ncpdt_startup_ccs.obj (.intvecs)

.text      0    00000208    00002412     
                  00000208    0000073e     buttons.obj (.text)
                  00000946    00000002     --HOLE-- [fill = 0]
                  00000948    000004d8     main.obj (.text)
                  00000e20    000003f0     Crystalfontz128x128_ST7735.obj (.text)
                  00001210    00000256     grlib.lib : string.obj (.text:GrFontGlyphRender)
                  00001466    00000002     --HOLE-- [fill = 0]
                  00001468    00000204     driverlib.lib : sysctl.obj (.text:SysCtlClockFreqSet)
                  0000166c    00000004                   : timer.obj (.text:TimerIntClear)
                  00001670    0000017e     HAL_EK_TM4C1294XL_Crystalfontz128x128_ST7735.obj (.text)
                  000017ee    00000130     driverlib.lib : gpio.obj (.text:GPIOPadConfigSet)
                  0000191e    00000106     grlib.lib : line.obj (.text:GrLineDraw)
                  00001a24    000000c4               : string.obj (.text:GrDefaultStringRenderer)
                  00001ae8    000000c0               : line.obj (.text:GrLineClip)
                  00001ba8    0000009c     rtsv7M4_T_le_v4SPD16_eabi.lib : memcpy_t2.asm.obj (.text)
                  00001c44    00000086     grlib.lib : rectangle.obj (.text:GrRectFill)
                  00001cca    0000007a     driverlib.lib : adc.obj (.text:ADCSequenceStepConfigure)
                  00001d44    0000007a     rtsv7M4_T_le_v4SPD16_eabi.lib : memset_t2.asm.obj (.text)
                  00001dbe    00000002     --HOLE-- [fill = 0]
                  00001dc0    00000068     grlib.lib : context.obj (.text:GrContextInit)
                  00001e28    00000068     driverlib.lib : interrupt.obj (.text:IntEnable)
                  00001e90    00000068     rtsv7M4_T_le_v4SPD16_eabi.lib : copy_decompress_lzss.c.obj (.text:decompress:lzss:__TI_decompress_lzss)
                  00001ef8    00000060     driverlib.lib : timer.obj (.text:TimerConfigure)
                  00001f58    0000005a     grlib.lib : string.obj (.text:FontWideGlyphDataGet)
                  00001fb2    00000002     --HOLE-- [fill = 0]
                  00001fb4    00000058     driverlib.lib : timer.obj (.text:TimerControlTrigger)
                  0000200c    0000004a     grlib.lib : string.obj (.text:UpdateContextCharMapping)
                  00002056    00000002     --HOLE-- [fill = 0]
                  00002058    00000048     driverlib.lib : gpio.obj (.text:GPIOPinConfigure)
                  000020a0    00000048                   : sysctl.obj (.text:_SysCtlFrequencyGet)
                  000020e8    00000046     grlib.lib : line.obj (.text:GrLineDrawH)
                  0000212e    00000046               : line.obj (.text:GrLineDrawV)
                  00002174    00000044     rtsv7M4_T_le_v4SPD16_eabi.lib : autoinit.c.obj (.text:__TI_auto_init_nobinit_nopinit:__TI_auto_init_nobinit_nopinit)
                  000021b8    0000003e     driverlib.lib : adc.obj (.text:ADCSequenceConfigure)
                  000021f6    0000003c                   : ssi.obj (.text:SSIConfigSetExpClk)
                  00002232    0000003a     grlib.lib : string.obj (.text:FontGlyphDataGet)
                  0000226c    00000036               : line.obj (.text:GrClipCodeGet)
                  000022a2    00000002     --HOLE-- [fill = 0]
                  000022a4    00000034     driverlib.lib : sysctl.obj (.text:SysCtlPeripheralEnable)
                  000022d8    00000034     rtsv7M4_T_le_v4SPD16_eabi.lib : boot_cortex_m.c.obj (.text:_c_int00_noargs:_c_int00_noargs)
                  0000230c    0000002e     driverlib.lib : adc.obj (.text:ADCIntStatus)
                  0000233a    0000002e     grlib.lib : string.obj (.text:GrStringNextCharGet)
                  00002368    0000002a     driverlib.lib : gpio.obj (.text:GPIODirModeSet)
                  00002392    00000026     grlib.lib : string.obj (.text:GrFontInfoGet)
                  000023b8    00000024     driverlib.lib : interrupt.obj (.text:IntPrioritySet)
                  000023dc    00000022     grlib.lib : string.obj (.text:GrFontGlyphDataGet)
                  000023fe    0000001e     driverlib.lib : adc.obj (.text:ADCSequenceDataGet)
                  0000241c    0000001e     grlib.lib : string.obj (.text:GrFontCodepageGet)
                  0000243a    00000002     --HOLE-- [fill = 0]
                  0000243c    0000001c     driverlib.lib : sysctl.obj (.text:_SysCtlMemTimingGet)
                  00002458    0000001a     tm4c1294ncpdt_startup_ccs.obj (.text)
                  00002472    00000018     driverlib.lib : adc.obj (.text:ADCClockConfigSet)
                  0000248a    00000018                   : adc.obj (.text:ADCProcessorTrigger)
                  000024a2    00000018                   : gpio.obj (.text:GPIOPinTypeGPIOOutput)
                  000024ba    00000002     --HOLE-- [fill = 0]
                  000024bc    00000014                   : timer.obj (.text:TimerDisable)
                  000024d0    00000012                   : gpio.obj (.text:GPIOPinTypeADC)
                  000024e2    00000012                   : gpio.obj (.text:GPIOPinTypeGPIOInput)
                  000024f4    00000012                   : gpio.obj (.text:GPIOPinTypeSSI)
                  00002506    00000012                   : timer.obj (.text:TimerLoadSet)
                  00002518    00000010                   : adc.obj (.text:ADCIntEnable)
                  00002528    00000010                   : fpu.obj (.text:FPUEnable)
                  00002538    00000010                   : fpu.obj (.text:FPULazyStackingEnable)
                  00002548    00000010                   : interrupt.obj (.text:IntMasterDisable)
                  00002558    00000010                   : interrupt.obj (.text:IntMasterEnable)
                  00002568    0000000e                   : adc.obj (.text:ADCSequenceDisable)
                  00002576    0000000e                   : adc.obj (.text:ADCSequenceEnable)
                  00002584    0000000e                   : timer.obj (.text:TimerEnable)
                  00002592    0000000e     rtsv7M4_T_le_v4SPD16_eabi.lib : copy_decompress_none.c.obj (.text:decompress:none:__TI_decompress_none)
                  000025a0    0000000c     driverlib.lib : cpu.obj (.text:CPUcpsid)
                  000025ac    0000000c                   : cpu.obj (.text:CPUcpsie)
                  000025b8    0000000c     rtsv7M4_T_le_v4SPD16_eabi.lib : copy_zero_init.c.obj (.text:decompress:ZI:__TI_zero_init)
                  000025c4    0000000a     driverlib.lib : adc.obj (.text:ADCIntClear)
                  000025ce    0000000a                   : ssi.obj (.text:SSIDataPut)
                  000025d8    0000000a                   : ssi.obj (.text:SSIEnable)
                  000025e2    00000008     grlib.lib : charmap.obj (.text:GrMapISO8859_1_Unicode)
                  000025ea    00000008     driverlib.lib : ssi.obj (.text:SSIBusy)
                  000025f2    00000008                   : timer.obj (.text:TimerIntEnable)
                  000025fa    00000006                   : gpio.obj (.text:GPIOPinRead)
                  00002600    00000006                   : gpio.obj (.text:GPIOPinWrite)
                  00002606    00000006     grlib.lib : string.obj (.text:GrContextFontSet)
                  0000260c    00000006     driverlib.lib : sysctl.obj (.text:SysCtlDelay)
                  00002612    00000004     rtsv7M4_T_le_v4SPD16_eabi.lib : pre_init.c.obj (.text:_system_pre_init)
                  00002616    00000004                                   : exit.c.obj (.text:abort:abort)

.const     0    0000261c    00000758     
                  0000261c    000002f8     grlib.lib : fontfixed6x8.obj (.const:.string:g_pui8FontFixed6x8Data)
                  00002914    00000120     driverlib.lib : sysctl.obj (.const:g_pppui32XTALtoVCO)
                  00002a34    000000c8     grlib.lib : fontfixed6x8.obj (.const:g_sFontFixed6x8)
                  00002afc    0000009c     driverlib.lib : interrupt.obj (.const:g_pui32Regs)
                  00002b98    00000090                   : gpio.obj (.const:g_pui32GPIOBaseAddrs)
                  00002c28    00000070                   : interrupt.obj (.const)
                  00002c98    0000006c                   : sysctl.obj (.const:g_pui32Xtals)
                  00002d04    00000030                   : sysctl.obj (.const:g_sXTALtoMEMTIM)
                  00002d34    00000028     Crystalfontz128x128_ST7735.obj (.const:g_sCrystalfontz128x128)
                  00002d5c    00000010     grlib.lib : context.obj (.const)
                  00002d6c    00000008     driverlib.lib : sysctl.obj (.const)

.cinit     0    00002d78    00000050     
                  00002d78    00000028     (.cinit..data.load) [load image, compression = lzss]
                  00002da0    0000000c     (__TI_handler_table)
                  00002dac    00000004     --HOLE-- [fill = 0]
                  00002db0    00000008     (.cinit..bss.load) [load image, compression = zero_init]
                  00002db8    00000010     (__TI_cinit_table)

.init_array 
*          0    00000000    00000000     UNINITIALIZED

.data      0    20000000    00008054     UNINITIALIZED
                  20000000    00008000     Crystalfontz128x128_ST7735.obj (.data:Lcd_buffer)
                  20008000    00000024     buttons.obj (.data:count$2)
                  20008024    00000012     buttons.obj (.data)
                  20008036    00000002     --HOLE--
                  20008038    0000000c     main.obj (.data)
                  20008044    00000008     buttons.obj (.data:buttonArray)
                  2000804c    00000008     buttons.obj (.data:gJoystick)

.bss       0    20008054    00002070     UNINITIALIZED
                  20008054    00001000     (.common:gADCBuffer)
                  20009054    00001000     (.common:gWaveformBuffer)
                  2000a054    00000014     buttons.obj (.bss:state$1)
                  2000a068    0000000c     (.common:fifo)
                  2000a074    0000000c     (.common:triggerBuffer)
                  2000a080    00000004     (.common:buttons)
                  2000a084    00000004     (.common:c)
                  2000a088    00000004     (.common:fScale)
                  2000a08c    00000004     (.common:gADCErrors)
                  2000a090    00000004     (.common:gADCSamplingRate)
                  2000a094    00000004     (.common:gSystemClock)
                  2000a098    00000004     (.common:gTriggerIndex)
                  2000a09c    00000004     (.common:g_psGrLibDefaults)
                  2000a0a0    00000004     (.common:i)
                  2000a0a4    00000004     (.common:j)
                  2000a0a8    00000004     (.common:temp0)
                  2000a0ac    00000004     (.common:temp1)
                  2000a0b0    00000004     (.common:y)
                  2000a0b4    00000004     (.common:y_old)
                  2000a0b8    00000002     (.common:Lcd_ScreenHeigth)
                  2000a0ba    00000002     (.common:Lcd_ScreenWidth)
                  2000a0bc    00000002     (.common:Lcd_TouchTrim)
                  2000a0be    00000002     (.common:sample)
                  2000a0c0    00000001     (.common:Lcd_FlagRead)
                  2000a0c1    00000001     (.common:Lcd_FontSolid)
                  2000a0c2    00000001     (.common:Lcd_Orientation)
                  2000a0c3    00000001     (.common:Lcd_PenSolid)

.stack     0    2000a0c8    00000800     UNINITIALIZED
                  2000a0c8    00000004     rtsv7M4_T_le_v4SPD16_eabi.lib : boot_cortex_m.c.obj (.stack)
                  2000a0cc    000007fc     --HOLE--

MODULE SUMMARY

       Module                                             code   ro data   rw data
       ------                                             ----   -------   -------
    .\
       Crystalfontz128x128_ST7735.obj                     1008   40        32778  
       buttons.obj                                        1854   0         8318   
       main.obj                                           1240   0         54     
       tm4c1294ncpdt_startup_ccs.obj                      26     520       0      
       HAL_EK_TM4C1294XL_Crystalfontz128x128_ST7735.obj   382    0         0      
    +--+--------------------------------------------------+------+---------+---------+
       Total:                                             4510   560       41150  
                                                                                  
    C:/ti/tirtos_tivac_2_16_00_08/products/TivaWare_C_Series-2.1.1.71b/driverlib/ccs/Debug/driverlib.lib
       sysctl.obj                                         674    452       0      
       gpio.obj                                           508    144       0      
       interrupt.obj                                      172    268       0      
       adc.obj                                            362    0         0      
       timer.obj                                          248    0         0      
       ssi.obj                                            88     0         0      
       fpu.obj                                            32     0         0      
       cpu.obj                                            24     0         0      
    +--+--------------------------------------------------+------+---------+---------+
       Total:                                             2108   864       0      
                                                                                  
    C:/ti/tirtos_tivac_2_16_00_08/products/TivaWare_C_Series-2.1.1.71b/grlib/ccs/Debug/grlib.lib
       string.obj                                         1170   0         0      
       fontfixed6x8.obj                                   0      960       0      
       line.obj                                           648    0         0      
       rectangle.obj                                      134    0         0      
       context.obj                                        104    16        4      
       charmap.obj                                        8      0         0      
    +--+--------------------------------------------------+------+---------+---------+
       Total:                                             2064   976       4      
                                                                                  
    C:\ti\ccs900\ccs\tools\compiler\ti-cgt-arm_18.12.1.LTS\lib\rtsv7M4_T_le_v4SPD16_eabi.lib
       memcpy_t2.asm.obj                                  156    0         0      
       memset_t2.asm.obj                                  122    0         0      
       copy_decompress_lzss.c.obj                         104    0         0      
       autoinit.c.obj                                     68     0         0      
       boot_cortex_m.c.obj                                52     0         0      
       copy_decompress_none.c.obj                         14     0         0      
       copy_zero_init.c.obj                               12     0         0      
       exit.c.obj                                         4      0         0      
       pre_init.c.obj                                     4      0         0      
    +--+--------------------------------------------------+------+---------+---------+
       Total:                                             536    0         0      
                                                                                  
       Stack:                                             0      0         2048   
       Linker Generated:                                  0      76        0      
    +--+--------------------------------------------------+------+---------+---------+
       Grand Total:                                       9218   2476      43202  


LINKER GENERATED COPY TABLES

__TI_cinit_table @ 00002db8 records: 2, size/record: 8, table size: 16
	.data: load addr=00002d78, load size=00000028 bytes, run addr=20000000, run size=00008054 bytes, compression=lzss
	.bss: load addr=00002db0, load size=00000008 bytes, run addr=20008054, run size=00002070 bytes, compression=zero_init


LINKER GENERATED HANDLER TABLE

__TI_handler_table @ 00002da0 records: 3, size/record: 4, table size: 12
	index: 0, handler: __TI_decompress_lzss
	index: 1, handler: __TI_decompress_none
	index: 2, handler: __TI_zero_init


GLOBAL SYMBOLS: SORTED ALPHABETICALLY BY Name 

address   name                              
-------   ----                              
00002473  ADCClockConfigSet                 
000025c5  ADCIntClear                       
00002519  ADCIntEnable                      
0000230d  ADCIntStatus                      
0000248b  ADCProcessorTrigger               
000021b9  ADCSequenceConfigure              
000023ff  ADCSequenceDataGet                
00002569  ADCSequenceDisable                
00002577  ADCSequenceEnable                 
00001ccb  ADCSequenceStepConfigure          
000008f9  ADC_ISR                           
00000659  ButtonAutoRepeat                  
000005e9  ButtonDebounce                    
000006d9  ButtonISR                         
00000379  ButtonInit                        
00000299  ButtonReadJoystick                
00002617  C$$EXIT                           
000025a1  CPUcpsid                          
000025ad  CPUcpsie                          
00001149  Crystalfontz128x128_Init          
00000e69  Crystalfontz128x128_SetDrawFrame  
00000e21  Crystalfontz128x128_SetOrientation
00002529  FPUEnable                         
00002539  FPULazyStackingEnable             
00002369  GPIODirModeSet                    
000017ef  GPIOPadConfigSet                  
00002059  GPIOPinConfigure                  
000025fb  GPIOPinRead                       
000024d1  GPIOPinTypeADC                    
000024e3  GPIOPinTypeGPIOInput              
000024a3  GPIOPinTypeGPIOOutput             
000024f5  GPIOPinTypeSSI                    
00002601  GPIOPinWrite                      
00002607  GrContextFontSet                  
00001dc1  GrContextInit                     
00001a25  GrDefaultStringRenderer           
0000241d  GrFontCodepageGet                 
000023dd  GrFontGlyphDataGet                
00001211  GrFontGlyphRender                 
00002393  GrFontInfoGet                     
0000191f  GrLineDraw                        
000020e9  GrLineDrawH                       
0000212f  GrLineDrawV                       
000025e3  GrMapISO8859_1_Unicode            
00001c45  GrRectFill                        
0000233b  GrStringNextCharGet               
00001761  HAL_LCD_PortInit                  
000016d1  HAL_LCD_SpiInit                   
00001681  HAL_LCD_writeCommand              
00001671  HAL_LCD_writeData                 
00001e29  IntEnable                         
00002549  IntMasterDisable                  
00002559  IntMasterEnable                   
000023b9  IntPrioritySet                    
2000a0c0  Lcd_FlagRead                      
2000a0c1  Lcd_FontSolid                     
2000a0c2  Lcd_Orientation                   
2000a0c3  Lcd_PenSolid                      
2000a0b8  Lcd_ScreenHeigth                  
2000a0ba  Lcd_ScreenWidth                   
2000a0bc  Lcd_TouchTrim                     
20000000  Lcd_buffer                        
00002459  ResetISR                          
000025eb  SSIBusy                           
000021f7  SSIConfigSetExpClk                
000025cf  SSIDataPut                        
000025d9  SSIEnable                         
00001469  SysCtlClockFreqSet                
0000260d  SysCtlDelay                       
000022a5  SysCtlPeripheralEnable            
00001ef9  TimerConfigure                    
00001fb5  TimerControlTrigger               
000024bd  TimerDisable                      
00002585  TimerEnable                       
0000166d  TimerIntClear                     
000025f3  TimerIntEnable                    
00002507  TimerLoadSet                      
2000a8c8  __STACK_END                       
00000800  __STACK_SIZE                      
2000a2c8  __STACK_TOP                       
00002db8  __TI_CINIT_Base                   
00002dc8  __TI_CINIT_Limit                  
00002da0  __TI_Handler_Table_Base           
00002dac  __TI_Handler_Table_Limit          
00002175  __TI_auto_init_nobinit_nopinit    
00001e91  __TI_decompress_lzss              
00002593  __TI_decompress_none              
ffffffff  __TI_pprof_out_hndl               
ffffffff  __TI_prof_data_size               
ffffffff  __TI_prof_data_start              
00000000  __TI_static_base__                
000025b9  __TI_zero_init                    
00001d45  __aeabi_memclr                    
00001d45  __aeabi_memclr4                   
00001d45  __aeabi_memclr8                   
00001ba9  __aeabi_memcpy                    
00001ba9  __aeabi_memcpy4                   
00001ba9  __aeabi_memcpy8                   
00001d47  __aeabi_memset                    
00001d47  __aeabi_memset4                   
00001d47  __aeabi_memset8                   
ffffffff  __binit__                         
ffffffff  __c_args__                        
UNDEFED   __mpu_init                        
2000a0c8  __stack                           
000022d9  _c_int00_noargs                   
UNDEFED   _system_post_cinit                
00002613  _system_pre_init                  
00002617  abort                             
ffffffff  binit                             
20008044  buttonArray                       
00000dc1  buttonChar                        
2000a080  buttons                           
2000a084  c                                 
2000a088  fScale                            
2000803c  fVoltsPerDiv                      
2000a068  fifo                              
00000249  fifo_get                          
20008024  fifo_head                         
00000209  fifo_put                          
20008028  fifo_tail                         
20008054  gADCBuffer                        
20008030  gADCBufferIndex                   
2000a08c  gADCErrors                        
2000a090  gADCSamplingRate                  
2000802c  gButtons                          
2000804c  gJoystick                         
2000a094  gSystemClock                      
20008038  gTime                             
2000a098  gTriggerIndex                     
20009054  gWaveformBuffer                   
00000000  g_pfnVectors                      
00002d5c  g_psDefaultCodePointMapTable      
00002d34  g_sCrystalfontz128x128            
00002a34  g_sFontFixed6x8                   
2000a0a0  i                                 
2000a0a4  j                                 
00000949  main                              
00001ba9  memcpy                            
00001d4d  memset                            
2000a0be  sample                            
2000a0a8  temp0                             
2000a0ac  temp1                             
2000a074  triggerBuffer                     
20008040  triggerSlope                      
2000a0b0  y                                 
2000a0b4  y_old                             


GLOBAL SYMBOLS: SORTED BY Symbol Address 

address   name                              
-------   ----                              
00000000  __TI_static_base__                
00000000  g_pfnVectors                      
00000209  fifo_put                          
00000249  fifo_get                          
00000299  ButtonReadJoystick                
00000379  ButtonInit                        
000005e9  ButtonDebounce                    
00000659  ButtonAutoRepeat                  
000006d9  ButtonISR                         
00000800  __STACK_SIZE                      
000008f9  ADC_ISR                           
00000949  main                              
00000dc1  buttonChar                        
00000e21  Crystalfontz128x128_SetOrientation
00000e69  Crystalfontz128x128_SetDrawFrame  
00001149  Crystalfontz128x128_Init          
00001211  GrFontGlyphRender                 
00001469  SysCtlClockFreqSet                
0000166d  TimerIntClear                     
00001671  HAL_LCD_writeData                 
00001681  HAL_LCD_writeCommand              
000016d1  HAL_LCD_SpiInit                   
00001761  HAL_LCD_PortInit                  
000017ef  GPIOPadConfigSet                  
0000191f  GrLineDraw                        
00001a25  GrDefaultStringRenderer           
00001ba9  __aeabi_memcpy                    
00001ba9  __aeabi_memcpy4                   
00001ba9  __aeabi_memcpy8                   
00001ba9  memcpy                            
00001c45  GrRectFill                        
00001ccb  ADCSequenceStepConfigure          
00001d45  __aeabi_memclr                    
00001d45  __aeabi_memclr4                   
00001d45  __aeabi_memclr8                   
00001d47  __aeabi_memset                    
00001d47  __aeabi_memset4                   
00001d47  __aeabi_memset8                   
00001d4d  memset                            
00001dc1  GrContextInit                     
00001e29  IntEnable                         
00001e91  __TI_decompress_lzss              
00001ef9  TimerConfigure                    
00001fb5  TimerControlTrigger               
00002059  GPIOPinConfigure                  
000020e9  GrLineDrawH                       
0000212f  GrLineDrawV                       
00002175  __TI_auto_init_nobinit_nopinit    
000021b9  ADCSequenceConfigure              
000021f7  SSIConfigSetExpClk                
000022a5  SysCtlPeripheralEnable            
000022d9  _c_int00_noargs                   
0000230d  ADCIntStatus                      
0000233b  GrStringNextCharGet               
00002369  GPIODirModeSet                    
00002393  GrFontInfoGet                     
000023b9  IntPrioritySet                    
000023dd  GrFontGlyphDataGet                
000023ff  ADCSequenceDataGet                
0000241d  GrFontCodepageGet                 
00002459  ResetISR                          
00002473  ADCClockConfigSet                 
0000248b  ADCProcessorTrigger               
000024a3  GPIOPinTypeGPIOOutput             
000024bd  TimerDisable                      
000024d1  GPIOPinTypeADC                    
000024e3  GPIOPinTypeGPIOInput              
000024f5  GPIOPinTypeSSI                    
00002507  TimerLoadSet                      
00002519  ADCIntEnable                      
00002529  FPUEnable                         
00002539  FPULazyStackingEnable             
00002549  IntMasterDisable                  
00002559  IntMasterEnable                   
00002569  ADCSequenceDisable                
00002577  ADCSequenceEnable                 
00002585  TimerEnable                       
00002593  __TI_decompress_none              
000025a1  CPUcpsid                          
000025ad  CPUcpsie                          
000025b9  __TI_zero_init                    
000025c5  ADCIntClear                       
000025cf  SSIDataPut                        
000025d9  SSIEnable                         
000025e3  GrMapISO8859_1_Unicode            
000025eb  SSIBusy                           
000025f3  TimerIntEnable                    
000025fb  GPIOPinRead                       
00002601  GPIOPinWrite                      
00002607  GrContextFontSet                  
0000260d  SysCtlDelay                       
00002613  _system_pre_init                  
00002617  C$$EXIT                           
00002617  abort                             
00002a34  g_sFontFixed6x8                   
00002d34  g_sCrystalfontz128x128            
00002d5c  g_psDefaultCodePointMapTable      
00002da0  __TI_Handler_Table_Base           
00002dac  __TI_Handler_Table_Limit          
00002db8  __TI_CINIT_Base                   
00002dc8  __TI_CINIT_Limit                  
20000000  Lcd_buffer                        
20008024  fifo_head                         
20008028  fifo_tail                         
2000802c  gButtons                          
20008030  gADCBufferIndex                   
20008038  gTime                             
2000803c  fVoltsPerDiv                      
20008040  triggerSlope                      
20008044  buttonArray                       
2000804c  gJoystick                         
20008054  gADCBuffer                        
20009054  gWaveformBuffer                   
2000a068  fifo                              
2000a074  triggerBuffer                     
2000a080  buttons                           
2000a084  c                                 
2000a088  fScale                            
2000a08c  gADCErrors                        
2000a090  gADCSamplingRate                  
2000a094  gSystemClock                      
2000a098  gTriggerIndex                     
2000a0a0  i                                 
2000a0a4  j                                 
2000a0a8  temp0                             
2000a0ac  temp1                             
2000a0b0  y                                 
2000a0b4  y_old                             
2000a0b8  Lcd_ScreenHeigth                  
2000a0ba  Lcd_ScreenWidth                   
2000a0bc  Lcd_TouchTrim                     
2000a0be  sample                            
2000a0c0  Lcd_FlagRead                      
2000a0c1  Lcd_FontSolid                     
2000a0c2  Lcd_Orientation                   
2000a0c3  Lcd_PenSolid                      
2000a0c8  __stack                           
2000a2c8  __STACK_TOP                       
2000a8c8  __STACK_END                       
ffffffff  __TI_pprof_out_hndl               
ffffffff  __TI_prof_data_size               
ffffffff  __TI_prof_data_start              
ffffffff  __binit__                         
ffffffff  __c_args__                        
ffffffff  binit                             
UNDEFED   __mpu_init                        
UNDEFED   _system_post_cinit                

[147 symbols]
