<?xml version="1.0" encoding="ISO-8859-1" ?>
<link_info>
   <banner>TI ARM Linker PC v18.12.1.LTS</banner>
   <copyright>Copyright (c) 1996-2018 Texas Instruments Incorporated</copyright>
   <link_time>0x5c9c57ee</link_time>
   <link_errors>0x0</link_errors>
   <output_file>ece3849_lab1_skalimani_cradlermandile2.out</output_file>
   <entry_point>
      <name>_c_int00_noargs</name>
      <address>0x21c9</address>
   </entry_point>
   <input_file_list>
      <input_file id="fl-2">
         <path>.\</path>
         <kind>object</kind>
         <file>Crystalfontz128x128_ST7735.obj</file>
         <name>Crystalfontz128x128_ST7735.obj</name>
      </input_file>
      <input_file id="fl-3">
         <path>.\</path>
         <kind>object</kind>
         <file>HAL_EK_TM4C1294XL_Crystalfontz128x128_ST7735.obj</file>
         <name>HAL_EK_TM4C1294XL_Crystalfontz128x128_ST7735.obj</name>
      </input_file>
      <input_file id="fl-4">
         <path>.\</path>
         <kind>object</kind>
         <file>buttons.obj</file>
         <name>buttons.obj</name>
      </input_file>
      <input_file id="fl-5">
         <path>.\</path>
         <kind>object</kind>
         <file>main.obj</file>
         <name>main.obj</name>
      </input_file>
      <input_file id="fl-6">
         <path>.\</path>
         <kind>object</kind>
         <file>sysctl_pll.obj</file>
         <name>sysctl_pll.obj</name>
      </input_file>
      <input_file id="fl-7">
         <path>.\</path>
         <kind>object</kind>
         <file>tm4c1294ncpdt_startup_ccs.obj</file>
         <name>tm4c1294ncpdt_startup_ccs.obj</name>
      </input_file>
      <input_file id="fl-d">
         <kind>object</kind>
         <file>&lt;internal&gt;</file>
         <name>&lt;internal&gt;</name>
      </input_file>
      <input_file id="fl-c3">
         <path>C:\ti\ccs900\ccs\tools\compiler\ti-cgt-arm_18.12.1.LTS\lib\</path>
         <kind>archive</kind>
         <file>rtsv7M4_T_le_v4SPD16_eabi.lib</file>
         <name>copy_zero_init.c.obj</name>
      </input_file>
      <input_file id="fl-c4">
         <path>C:\ti\ccs900\ccs\tools\compiler\ti-cgt-arm_18.12.1.LTS\lib\</path>
         <kind>archive</kind>
         <file>rtsv7M4_T_le_v4SPD16_eabi.lib</file>
         <name>copy_decompress_none.c.obj</name>
      </input_file>
      <input_file id="fl-c5">
         <path>C:\ti\ccs900\ccs\tools\compiler\ti-cgt-arm_18.12.1.LTS\lib\</path>
         <kind>archive</kind>
         <file>rtsv7M4_T_le_v4SPD16_eabi.lib</file>
         <name>copy_decompress_lzss.c.obj</name>
      </input_file>
      <input_file id="fl-c6">
         <path>C:\ti\ccs900\ccs\tools\compiler\ti-cgt-arm_18.12.1.LTS\lib\</path>
         <kind>archive</kind>
         <file>rtsv7M4_T_le_v4SPD16_eabi.lib</file>
         <name>boot_cortex_m.c.obj</name>
      </input_file>
      <input_file id="fl-c7">
         <path>C:\ti\ccs900\ccs\tools\compiler\ti-cgt-arm_18.12.1.LTS\lib\</path>
         <kind>archive</kind>
         <file>rtsv7M4_T_le_v4SPD16_eabi.lib</file>
         <name>memcpy_t2.asm.obj</name>
      </input_file>
      <input_file id="fl-c8">
         <path>C:\ti\ccs900\ccs\tools\compiler\ti-cgt-arm_18.12.1.LTS\lib\</path>
         <kind>archive</kind>
         <file>rtsv7M4_T_le_v4SPD16_eabi.lib</file>
         <name>memset_t2.asm.obj</name>
      </input_file>
      <input_file id="fl-c9">
         <path>C:\ti\ccs900\ccs\tools\compiler\ti-cgt-arm_18.12.1.LTS\lib\</path>
         <kind>archive</kind>
         <file>rtsv7M4_T_le_v4SPD16_eabi.lib</file>
         <name>autoinit.c.obj</name>
      </input_file>
      <input_file id="fl-ca">
         <path>C:\ti\ccs900\ccs\tools\compiler\ti-cgt-arm_18.12.1.LTS\lib\</path>
         <kind>archive</kind>
         <file>rtsv7M4_T_le_v4SPD16_eabi.lib</file>
         <name>pre_init.c.obj</name>
      </input_file>
      <input_file id="fl-cb">
         <path>C:\ti\ccs900\ccs\tools\compiler\ti-cgt-arm_18.12.1.LTS\lib\</path>
         <kind>archive</kind>
         <file>rtsv7M4_T_le_v4SPD16_eabi.lib</file>
         <name>cpy_tbl.c.obj</name>
      </input_file>
      <input_file id="fl-cc">
         <path>C:\ti\ccs900\ccs\tools\compiler\ti-cgt-arm_18.12.1.LTS\lib\</path>
         <kind>archive</kind>
         <file>rtsv7M4_T_le_v4SPD16_eabi.lib</file>
         <name>exit.c.obj</name>
      </input_file>
      <input_file id="fl-cd">
         <path>C:\ti\ccs900\ccs\tools\compiler\ti-cgt-arm_18.12.1.LTS\lib\</path>
         <kind>archive</kind>
         <file>rtsv7M4_T_le_v4SPD16_eabi.lib</file>
         <name>_lock.c.obj</name>
      </input_file>
      <input_file id="fl-ce">
         <path>C:\ti\ccs900\ccs\tools\compiler\ti-cgt-arm_18.12.1.LTS\lib\</path>
         <kind>archive</kind>
         <file>rtsv7M4_T_le_v4SPD16_eabi.lib</file>
         <name>args_main.c.obj</name>
      </input_file>
      <input_file id="fl-cf">
         <path>C:\ti\tirtos_tivac_2_16_00_08\products\TivaWare_C_Series-2.1.1.71b\grlib\ccs\Debug\</path>
         <kind>archive</kind>
         <file>grlib.lib</file>
         <name>context.obj</name>
      </input_file>
      <input_file id="fl-d0">
         <path>C:\ti\tirtos_tivac_2_16_00_08\products\TivaWare_C_Series-2.1.1.71b\grlib\ccs\Debug\</path>
         <kind>archive</kind>
         <file>grlib.lib</file>
         <name>line.obj</name>
      </input_file>
      <input_file id="fl-d1">
         <path>C:\ti\tirtos_tivac_2_16_00_08\products\TivaWare_C_Series-2.1.1.71b\grlib\ccs\Debug\</path>
         <kind>archive</kind>
         <file>grlib.lib</file>
         <name>rectangle.obj</name>
      </input_file>
      <input_file id="fl-d2">
         <path>C:\ti\tirtos_tivac_2_16_00_08\products\TivaWare_C_Series-2.1.1.71b\grlib\ccs\Debug\</path>
         <kind>archive</kind>
         <file>grlib.lib</file>
         <name>string.obj</name>
      </input_file>
      <input_file id="fl-d3">
         <path>C:\ti\tirtos_tivac_2_16_00_08\products\TivaWare_C_Series-2.1.1.71b\grlib\ccs\Debug\</path>
         <kind>archive</kind>
         <file>grlib.lib</file>
         <name>fontfixed6x8.obj</name>
      </input_file>
      <input_file id="fl-d4">
         <path>C:\ti\tirtos_tivac_2_16_00_08\products\TivaWare_C_Series-2.1.1.71b\grlib\ccs\Debug\</path>
         <kind>archive</kind>
         <file>grlib.lib</file>
         <name>charmap.obj</name>
      </input_file>
      <input_file id="fl-d5">
         <path>C:\ti\tirtos_tivac_2_16_00_08\products\TivaWare_C_Series-2.1.1.71b\driverlib\ccs\Debug\</path>
         <kind>archive</kind>
         <file>driverlib.lib</file>
         <name>adc.obj</name>
      </input_file>
      <input_file id="fl-d6">
         <path>C:\ti\tirtos_tivac_2_16_00_08\products\TivaWare_C_Series-2.1.1.71b\driverlib\ccs\Debug\</path>
         <kind>archive</kind>
         <file>driverlib.lib</file>
         <name>fpu.obj</name>
      </input_file>
      <input_file id="fl-d7">
         <path>C:\ti\tirtos_tivac_2_16_00_08\products\TivaWare_C_Series-2.1.1.71b\driverlib\ccs\Debug\</path>
         <kind>archive</kind>
         <file>driverlib.lib</file>
         <name>gpio.obj</name>
      </input_file>
      <input_file id="fl-d8">
         <path>C:\ti\tirtos_tivac_2_16_00_08\products\TivaWare_C_Series-2.1.1.71b\driverlib\ccs\Debug\</path>
         <kind>archive</kind>
         <file>driverlib.lib</file>
         <name>interrupt.obj</name>
      </input_file>
      <input_file id="fl-d9">
         <path>C:\ti\tirtos_tivac_2_16_00_08\products\TivaWare_C_Series-2.1.1.71b\driverlib\ccs\Debug\</path>
         <kind>archive</kind>
         <file>driverlib.lib</file>
         <name>ssi.obj</name>
      </input_file>
      <input_file id="fl-da">
         <path>C:\ti\tirtos_tivac_2_16_00_08\products\TivaWare_C_Series-2.1.1.71b\driverlib\ccs\Debug\</path>
         <kind>archive</kind>
         <file>driverlib.lib</file>
         <name>sysctl.obj</name>
      </input_file>
      <input_file id="fl-db">
         <path>C:\ti\tirtos_tivac_2_16_00_08\products\TivaWare_C_Series-2.1.1.71b\driverlib\ccs\Debug\</path>
         <kind>archive</kind>
         <file>driverlib.lib</file>
         <name>timer.obj</name>
      </input_file>
      <input_file id="fl-dc">
         <path>C:\ti\tirtos_tivac_2_16_00_08\products\TivaWare_C_Series-2.1.1.71b\driverlib\ccs\Debug\</path>
         <kind>archive</kind>
         <file>driverlib.lib</file>
         <name>cpu.obj</name>
      </input_file>
   </input_file_list>
   <object_component_list>
      <object_component id="oc-f">
         <name>.intvecs</name>
         <load_address>0x0</load_address>
         <run_address>0x0</run_address>
         <size>0x208</size>
         <input_file_ref idref="fl-7"/>
      </object_component>
      <object_component id="oc-2a">
         <name>.text</name>
         <load_address>0x208</load_address>
         <run_address>0x208</run_address>
         <size>0x61e</size>
         <input_file_ref idref="fl-4"/>
      </object_component>
      <object_component id="oc-148">
         <name>.text</name>
         <load_address>0x828</load_address>
         <run_address>0x828</run_address>
         <size>0x4e6</size>
         <input_file_ref idref="fl-5"/>
      </object_component>
      <object_component id="oc-1c7">
         <name>.text</name>
         <load_address>0xd10</load_address>
         <run_address>0xd10</run_address>
         <size>0x3f0</size>
         <input_file_ref idref="fl-2"/>
      </object_component>
      <object_component id="oc-336">
         <name>.text:GrFontGlyphRender</name>
         <load_address>0x1100</load_address>
         <run_address>0x1100</run_address>
         <size>0x256</size>
         <input_file_ref idref="fl-d2"/>
      </object_component>
      <object_component id="oc-1c1">
         <name>.text:SysCtlClockFreqSet</name>
         <load_address>0x1358</load_address>
         <run_address>0x1358</run_address>
         <size>0x204</size>
         <input_file_ref idref="fl-da"/>
      </object_component>
      <object_component id="oc-104">
         <name>.text:TimerIntClear</name>
         <load_address>0x155c</load_address>
         <run_address>0x155c</run_address>
         <size>0x4</size>
         <input_file_ref idref="fl-db"/>
      </object_component>
      <object_component id="oc-273">
         <name>.text</name>
         <load_address>0x1560</load_address>
         <run_address>0x1560</run_address>
         <size>0x17e</size>
         <input_file_ref idref="fl-3"/>
      </object_component>
      <object_component id="oc-cb">
         <name>.text:GPIOPadConfigSet</name>
         <load_address>0x16de</load_address>
         <run_address>0x16de</run_address>
         <size>0x130</size>
         <input_file_ref idref="fl-d7"/>
      </object_component>
      <object_component id="oc-1f8">
         <name>.text:GrLineDraw</name>
         <load_address>0x180e</load_address>
         <run_address>0x180e</run_address>
         <size>0x106</size>
         <input_file_ref idref="fl-d0"/>
      </object_component>
      <object_component id="oc-286">
         <name>.text:GrDefaultStringRenderer</name>
         <load_address>0x1914</load_address>
         <run_address>0x1914</run_address>
         <size>0xc4</size>
         <input_file_ref idref="fl-d2"/>
      </object_component>
      <object_component id="oc-2b0">
         <name>.text:GrLineClip</name>
         <load_address>0x19d8</load_address>
         <run_address>0x19d8</run_address>
         <size>0xc0</size>
         <input_file_ref idref="fl-d0"/>
      </object_component>
      <object_component id="oc-3e">
         <name>.text</name>
         <load_address>0x1a98</load_address>
         <run_address>0x1a98</run_address>
         <size>0x9c</size>
         <input_file_ref idref="fl-c7"/>
      </object_component>
      <object_component id="oc-1ef">
         <name>.text:GrRectFill</name>
         <load_address>0x1b34</load_address>
         <run_address>0x1b34</run_address>
         <size>0x86</size>
         <input_file_ref idref="fl-d1"/>
      </object_component>
      <object_component id="oc-e9">
         <name>.text:ADCSequenceStepConfigure</name>
         <load_address>0x1bba</load_address>
         <run_address>0x1bba</run_address>
         <size>0x7a</size>
         <input_file_ref idref="fl-d5"/>
      </object_component>
      <object_component id="oc-13c">
         <name>.text</name>
         <load_address>0x1c34</load_address>
         <run_address>0x1c34</run_address>
         <size>0x7a</size>
         <input_file_ref idref="fl-c8"/>
      </object_component>
      <object_component id="oc-1d0">
         <name>.text:GrContextInit</name>
         <load_address>0x1cb0</load_address>
         <run_address>0x1cb0</run_address>
         <size>0x68</size>
         <input_file_ref idref="fl-cf"/>
      </object_component>
      <object_component id="oc-bf">
         <name>.text:IntEnable</name>
         <load_address>0x1d18</load_address>
         <run_address>0x1d18</run_address>
         <size>0x68</size>
         <input_file_ref idref="fl-d8"/>
      </object_component>
      <object_component id="oc-12">
         <name>.text:decompress:lzss:__TI_decompress_lzss</name>
         <load_address>0x1d80</load_address>
         <run_address>0x1d80</run_address>
         <size>0x68</size>
         <input_file_ref idref="fl-c5"/>
      </object_component>
      <object_component id="oc-9e">
         <name>.text:TimerConfigure</name>
         <load_address>0x1de8</load_address>
         <run_address>0x1de8</run_address>
         <size>0x60</size>
         <input_file_ref idref="fl-db"/>
      </object_component>
      <object_component id="oc-395">
         <name>.text:FontWideGlyphDataGet</name>
         <load_address>0x1e48</load_address>
         <run_address>0x1e48</run_address>
         <size>0x5a</size>
         <input_file_ref idref="fl-d2"/>
      </object_component>
      <object_component id="oc-fb">
         <name>.text:TimerControlTrigger</name>
         <load_address>0x1ea4</load_address>
         <run_address>0x1ea4</run_address>
         <size>0x58</size>
         <input_file_ref idref="fl-db"/>
      </object_component>
      <object_component id="oc-299">
         <name>.text:UpdateContextCharMapping</name>
         <load_address>0x1efc</load_address>
         <run_address>0x1efc</run_address>
         <size>0x4a</size>
         <input_file_ref idref="fl-d2"/>
      </object_component>
      <object_component id="oc-314">
         <name>.text:GPIOPinConfigure</name>
         <load_address>0x1f48</load_address>
         <run_address>0x1f48</run_address>
         <size>0x48</size>
         <input_file_ref idref="fl-d7"/>
      </object_component>
      <object_component id="oc-262">
         <name>.text:_SysCtlFrequencyGet</name>
         <load_address>0x1f90</load_address>
         <run_address>0x1f90</run_address>
         <size>0x48</size>
         <input_file_ref idref="fl-da"/>
      </object_component>
      <object_component id="oc-2b6">
         <name>.text:GrLineDrawH</name>
         <load_address>0x1fd8</load_address>
         <run_address>0x1fd8</run_address>
         <size>0x46</size>
         <input_file_ref idref="fl-d0"/>
      </object_component>
      <object_component id="oc-2bc">
         <name>.text:GrLineDrawV</name>
         <load_address>0x201e</load_address>
         <run_address>0x201e</run_address>
         <size>0x46</size>
         <input_file_ref idref="fl-d0"/>
      </object_component>
      <object_component id="oc-20b">
         <name>.text:__TI_auto_init_nobinit_nopinit:__TI_auto_init_nobinit_nopinit</name>
         <load_address>0x2064</load_address>
         <run_address>0x2064</run_address>
         <size>0x44</size>
         <input_file_ref idref="fl-c9"/>
      </object_component>
      <object_component id="oc-e3">
         <name>.text:ADCSequenceConfigure</name>
         <load_address>0x20a8</load_address>
         <run_address>0x20a8</run_address>
         <size>0x3e</size>
         <input_file_ref idref="fl-d5"/>
      </object_component>
      <object_component id="oc-302">
         <name>.text:SSIConfigSetExpClk</name>
         <load_address>0x20e6</load_address>
         <run_address>0x20e6</run_address>
         <size>0x3c</size>
         <input_file_ref idref="fl-d9"/>
      </object_component>
      <object_component id="oc-39b">
         <name>.text:FontGlyphDataGet</name>
         <load_address>0x2122</load_address>
         <run_address>0x2122</run_address>
         <size>0x3a</size>
         <input_file_ref idref="fl-d2"/>
      </object_component>
      <object_component id="oc-357">
         <name>.text:GrClipCodeGet</name>
         <load_address>0x215c</load_address>
         <run_address>0x215c</run_address>
         <size>0x36</size>
         <input_file_ref idref="fl-d0"/>
      </object_component>
      <object_component id="oc-92">
         <name>.text:SysCtlPeripheralEnable</name>
         <load_address>0x2194</load_address>
         <run_address>0x2194</run_address>
         <size>0x34</size>
         <input_file_ref idref="fl-da"/>
      </object_component>
      <object_component id="oc-5c">
         <name>.text:_c_int00_noargs:_c_int00_noargs</name>
         <load_address>0x21c8</load_address>
         <run_address>0x21c8</run_address>
         <size>0x34</size>
         <input_file_ref idref="fl-c6"/>
      </object_component>
      <object_component id="oc-7d">
         <name>.text:ADCIntStatus</name>
         <load_address>0x21fc</load_address>
         <run_address>0x21fc</run_address>
         <size>0x2e</size>
         <input_file_ref idref="fl-d5"/>
      </object_component>
      <object_component id="oc-32a">
         <name>.text:GrStringNextCharGet</name>
         <load_address>0x222a</load_address>
         <run_address>0x222a</run_address>
         <size>0x2e</size>
         <input_file_ref idref="fl-d2"/>
      </object_component>
      <object_component id="oc-183">
         <name>.text:GPIODirModeSet</name>
         <load_address>0x2258</load_address>
         <run_address>0x2258</run_address>
         <size>0x2a</size>
         <input_file_ref idref="fl-d7"/>
      </object_component>
      <object_component id="oc-324">
         <name>.text:GrFontInfoGet</name>
         <load_address>0x2282</load_address>
         <run_address>0x2282</run_address>
         <size>0x26</size>
         <input_file_ref idref="fl-d2"/>
      </object_component>
      <object_component id="oc-b9">
         <name>.text:IntPrioritySet</name>
         <load_address>0x22a8</load_address>
         <run_address>0x22a8</run_address>
         <size>0x24</size>
         <input_file_ref idref="fl-d8"/>
      </object_component>
      <object_component id="oc-330">
         <name>.text:GrFontGlyphDataGet</name>
         <load_address>0x22cc</load_address>
         <run_address>0x22cc</run_address>
         <size>0x22</size>
         <input_file_ref idref="fl-d2"/>
      </object_component>
      <object_component id="oc-86">
         <name>.text:ADCSequenceDataGet</name>
         <load_address>0x22ee</load_address>
         <run_address>0x22ee</run_address>
         <size>0x1e</size>
         <input_file_ref idref="fl-d5"/>
      </object_component>
      <object_component id="oc-34b">
         <name>.text:GrFontCodepageGet</name>
         <load_address>0x230c</load_address>
         <run_address>0x230c</run_address>
         <size>0x1e</size>
         <input_file_ref idref="fl-d2"/>
      </object_component>
      <object_component id="oc-25c">
         <name>.text:_SysCtlMemTimingGet</name>
         <load_address>0x232c</load_address>
         <run_address>0x232c</run_address>
         <size>0x1c</size>
         <input_file_ref idref="fl-da"/>
      </object_component>
      <object_component id="oc-24">
         <name>.text</name>
         <load_address>0x2348</load_address>
         <run_address>0x2348</run_address>
         <size>0x1a</size>
         <input_file_ref idref="fl-7"/>
      </object_component>
      <object_component id="oc-d7">
         <name>.text:ADCClockConfigSet</name>
         <load_address>0x2362</load_address>
         <run_address>0x2362</run_address>
         <size>0x18</size>
         <input_file_ref idref="fl-d5"/>
      </object_component>
      <object_component id="oc-77">
         <name>.text:ADCProcessorTrigger</name>
         <load_address>0x237a</load_address>
         <run_address>0x237a</run_address>
         <size>0x18</size>
         <input_file_ref idref="fl-d5"/>
      </object_component>
      <object_component id="oc-31a">
         <name>.text:GPIOPinTypeGPIOOutput</name>
         <load_address>0x2392</load_address>
         <run_address>0x2392</run_address>
         <size>0x18</size>
         <input_file_ref idref="fl-d7"/>
      </object_component>
      <object_component id="oc-98">
         <name>.text:TimerDisable</name>
         <load_address>0x23ac</load_address>
         <run_address>0x23ac</run_address>
         <size>0x14</size>
         <input_file_ref idref="fl-db"/>
      </object_component>
      <object_component id="oc-d1">
         <name>.text:GPIOPinTypeADC</name>
         <load_address>0x23c0</load_address>
         <run_address>0x23c0</run_address>
         <size>0x12</size>
         <input_file_ref idref="fl-d7"/>
      </object_component>
      <object_component id="oc-c5">
         <name>.text:GPIOPinTypeGPIOInput</name>
         <load_address>0x23d2</load_address>
         <run_address>0x23d2</run_address>
         <size>0x12</size>
         <input_file_ref idref="fl-d7"/>
      </object_component>
      <object_component id="oc-30e">
         <name>.text:GPIOPinTypeSSI</name>
         <load_address>0x23e4</load_address>
         <run_address>0x23e4</run_address>
         <size>0x12</size>
         <input_file_ref idref="fl-d7"/>
      </object_component>
      <object_component id="oc-a7">
         <name>.text:TimerLoadSet</name>
         <load_address>0x23f6</load_address>
         <run_address>0x23f6</run_address>
         <size>0x12</size>
         <input_file_ref idref="fl-db"/>
      </object_component>
      <object_component id="oc-f5">
         <name>.text:ADCIntEnable</name>
         <load_address>0x2408</load_address>
         <run_address>0x2408</run_address>
         <size>0x10</size>
         <input_file_ref idref="fl-d5"/>
      </object_component>
      <object_component id="oc-1b5">
         <name>.text:FPUEnable</name>
         <load_address>0x2418</load_address>
         <run_address>0x2418</run_address>
         <size>0x10</size>
         <input_file_ref idref="fl-d6"/>
      </object_component>
      <object_component id="oc-1bb">
         <name>.text:FPULazyStackingEnable</name>
         <load_address>0x2428</load_address>
         <run_address>0x2428</run_address>
         <size>0x10</size>
         <input_file_ref idref="fl-d6"/>
      </object_component>
      <object_component id="oc-1af">
         <name>.text:IntMasterDisable</name>
         <load_address>0x2438</load_address>
         <run_address>0x2438</run_address>
         <size>0x10</size>
         <input_file_ref idref="fl-d8"/>
      </object_component>
      <object_component id="oc-1df">
         <name>.text:IntMasterEnable</name>
         <load_address>0x2448</load_address>
         <run_address>0x2448</run_address>
         <size>0x10</size>
         <input_file_ref idref="fl-d8"/>
      </object_component>
      <object_component id="oc-dd">
         <name>.text:ADCSequenceDisable</name>
         <load_address>0x2458</load_address>
         <run_address>0x2458</run_address>
         <size>0xe</size>
         <input_file_ref idref="fl-d5"/>
      </object_component>
      <object_component id="oc-ef">
         <name>.text:ADCSequenceEnable</name>
         <load_address>0x2466</load_address>
         <run_address>0x2466</run_address>
         <size>0xe</size>
         <input_file_ref idref="fl-d5"/>
      </object_component>
      <object_component id="oc-b3">
         <name>.text:TimerEnable</name>
         <load_address>0x2474</load_address>
         <run_address>0x2474</run_address>
         <size>0xe</size>
         <input_file_ref idref="fl-db"/>
      </object_component>
      <object_component id="oc-18">
         <name>.text:decompress:none:__TI_decompress_none</name>
         <load_address>0x2482</load_address>
         <run_address>0x2482</run_address>
         <size>0xe</size>
         <input_file_ref idref="fl-c4"/>
      </object_component>
      <object_component id="oc-253">
         <name>.text:CPUcpsid</name>
         <load_address>0x2490</load_address>
         <run_address>0x2490</run_address>
         <size>0xc</size>
         <input_file_ref idref="fl-dc"/>
      </object_component>
      <object_component id="oc-2a2">
         <name>.text:CPUcpsie</name>
         <load_address>0x249c</load_address>
         <run_address>0x249c</run_address>
         <size>0xc</size>
         <input_file_ref idref="fl-dc"/>
      </object_component>
      <object_component id="oc-50">
         <name>.text:decompress:ZI:__TI_zero_init</name>
         <load_address>0x24a8</load_address>
         <run_address>0x24a8</run_address>
         <size>0xc</size>
         <input_file_ref idref="fl-c3"/>
      </object_component>
      <object_component id="oc-8c">
         <name>.text:ADCIntClear</name>
         <load_address>0x24b4</load_address>
         <run_address>0x24b4</run_address>
         <size>0xa</size>
         <input_file_ref idref="fl-d5"/>
      </object_component>
      <object_component id="oc-2f0">
         <name>.text:SSIDataPut</name>
         <load_address>0x24be</load_address>
         <run_address>0x24be</run_address>
         <size>0xa</size>
         <input_file_ref idref="fl-d9"/>
      </object_component>
      <object_component id="oc-308">
         <name>.text:SSIEnable</name>
         <load_address>0x24c8</load_address>
         <run_address>0x24c8</run_address>
         <size>0xa</size>
         <input_file_ref idref="fl-d9"/>
      </object_component>
      <object_component id="oc-33d">
         <name>.text:GrMapISO8859_1_Unicode</name>
         <load_address>0x24d2</load_address>
         <run_address>0x24d2</run_address>
         <size>0x8</size>
         <input_file_ref idref="fl-d4"/>
      </object_component>
      <object_component id="oc-2f6">
         <name>.text:SSIBusy</name>
         <load_address>0x24da</load_address>
         <run_address>0x24da</run_address>
         <size>0x8</size>
         <input_file_ref idref="fl-d9"/>
      </object_component>
      <object_component id="oc-ad">
         <name>.text:TimerIntEnable</name>
         <load_address>0x24e2</load_address>
         <run_address>0x24e2</run_address>
         <size>0x8</size>
         <input_file_ref idref="fl-db"/>
      </object_component>
      <object_component id="oc-10a">
         <name>.text:GPIOPinRead</name>
         <load_address>0x24ea</load_address>
         <run_address>0x24ea</run_address>
         <size>0x6</size>
         <input_file_ref idref="fl-d7"/>
      </object_component>
      <object_component id="oc-2fc">
         <name>.text:GPIOPinWrite</name>
         <load_address>0x24f0</load_address>
         <run_address>0x24f0</run_address>
         <size>0x6</size>
         <input_file_ref idref="fl-d7"/>
      </object_component>
      <object_component id="oc-1d9">
         <name>.text:GrContextFontSet</name>
         <load_address>0x24f6</load_address>
         <run_address>0x24f6</run_address>
         <size>0x6</size>
         <input_file_ref idref="fl-d2"/>
      </object_component>
      <object_component id="oc-27c">
         <name>.text:SysCtlDelay</name>
         <load_address>0x24fc</load_address>
         <run_address>0x24fc</run_address>
         <size>0x6</size>
         <input_file_ref idref="fl-da"/>
      </object_component>
      <object_component id="oc-142">
         <name>.text:_system_pre_init</name>
         <load_address>0x2502</load_address>
         <run_address>0x2502</run_address>
         <size>0x4</size>
         <input_file_ref idref="fl-ca"/>
      </object_component>
      <object_component id="oc-1ff">
         <name>.text:abort:abort</name>
         <load_address>0x2506</load_address>
         <run_address>0x2506</run_address>
         <size>0x4</size>
         <input_file_ref idref="fl-cc"/>
      </object_component>
      <object_component id="oc-293">
         <name>.const:.string:g_pui8FontFixed6x8Data</name>
         <load_address>0x250c</load_address>
         <run_address>0x250c</run_address>
         <size>0x2f8</size>
         <input_file_ref idref="fl-d3"/>
      </object_component>
      <object_component id="oc-26b">
         <name>.const:g_pppui32XTALtoVCO</name>
         <load_address>0x2804</load_address>
         <run_address>0x2804</run_address>
         <size>0x120</size>
         <input_file_ref idref="fl-da"/>
      </object_component>
      <object_component id="oc-1d6">
         <name>.const:g_sFontFixed6x8</name>
         <load_address>0x2924</load_address>
         <run_address>0x2924</run_address>
         <size>0xc8</size>
         <input_file_ref idref="fl-d3"/>
      </object_component>
      <object_component id="oc-17a">
         <name>.const:g_pui32Regs</name>
         <load_address>0x29ec</load_address>
         <run_address>0x29ec</run_address>
         <size>0x9c</size>
         <input_file_ref idref="fl-d8"/>
      </object_component>
      <object_component id="oc-38c">
         <name>.const:g_pui32GPIOBaseAddrs</name>
         <load_address>0x2a88</load_address>
         <run_address>0x2a88</run_address>
         <size>0x90</size>
         <input_file_ref idref="fl-d7"/>
      </object_component>
      <object_component id="oc-17f">
         <name>.const</name>
         <load_address>0x2b18</load_address>
         <run_address>0x2b18</run_address>
         <size>0x70</size>
         <input_file_ref idref="fl-d8"/>
      </object_component>
      <object_component id="oc-268">
         <name>.const:g_pui32Xtals</name>
         <load_address>0x2b88</load_address>
         <run_address>0x2b88</run_address>
         <size>0x6c</size>
         <input_file_ref idref="fl-da"/>
      </object_component>
      <object_component id="oc-2e5">
         <name>.const:g_sXTALtoMEMTIM</name>
         <load_address>0x2bf4</load_address>
         <run_address>0x2bf4</run_address>
         <size>0x30</size>
         <input_file_ref idref="fl-da"/>
      </object_component>
      <object_component id="oc-1cd">
         <name>.const:g_sCrystalfontz128x128</name>
         <load_address>0x2c24</load_address>
         <run_address>0x2c24</run_address>
         <size>0x28</size>
         <input_file_ref idref="fl-2"/>
      </object_component>
      <object_component id="oc-28c">
         <name>.const</name>
         <load_address>0x2c4c</load_address>
         <run_address>0x2c4c</run_address>
         <size>0x10</size>
         <input_file_ref idref="fl-cf"/>
      </object_component>
      <object_component id="oc-26e">
         <name>.const</name>
         <load_address>0x2c5c</load_address>
         <run_address>0x2c5c</run_address>
         <size>0x8</size>
         <input_file_ref idref="fl-da"/>
      </object_component>
      <object_component id="oc-3e7">
         <name>.cinit..data.load</name>
         <load_address>0x2c68</load_address>
         <run_address>0x2c68</run_address>
         <size>0x1c</size>
      </object_component>
      <object_component id="oc-3e5">
         <name>__TI_handler_table</name>
         <load_address>0x2c84</load_address>
         <run_address>0x2c84</run_address>
         <size>0xc</size>
      </object_component>
      <object_component id="oc-3e8">
         <name>.cinit..bss.load</name>
         <load_address>0x2c90</load_address>
         <run_address>0x2c90</run_address>
         <size>0x8</size>
      </object_component>
      <object_component id="oc-3e6">
         <name>__TI_cinit_table</name>
         <load_address>0x2c98</load_address>
         <run_address>0x2c98</run_address>
         <size>0x10</size>
      </object_component>
      <object_component id="oc-279">
         <name>.data:Lcd_buffer</name>
         <load_address>0x20000000</load_address>
         <run_address>0x20000000</run_address>
         <size>0x8000</size>
         <input_file_ref idref="fl-2"/>
      </object_component>
      <object_component id="oc-71">
         <name>.data</name>
         <load_address>0x20008024</load_address>
         <run_address>0x20008024</run_address>
         <size>0x12</size>
         <input_file_ref idref="fl-4"/>
      </object_component>
      <object_component id="oc-83">
         <name>.data:gJoystick</name>
         <load_address>0x20008044</load_address>
         <run_address>0x20008044</run_address>
         <size>0x8</size>
         <input_file_ref idref="fl-4"/>
      </object_component>
      <object_component id="oc-103">
         <name>.data:count$2</name>
         <load_address>0x20008000</load_address>
         <run_address>0x20008000</run_address>
         <size>0x24</size>
         <input_file_ref idref="fl-4"/>
      </object_component>
      <object_component id="oc-110">
         <name>.data</name>
         <load_address>0x20008038</load_address>
         <run_address>0x20008038</run_address>
         <size>0xc</size>
         <input_file_ref idref="fl-5"/>
      </object_component>
      <object_component id="oc-102">
         <name>.bss:state$1</name>
         <uninitialized>true</uninitialized>
         <run_address>0x2000a04c</run_address>
         <size>0x14</size>
         <input_file_ref idref="fl-4"/>
      </object_component>
      <object_component id="oc-272">
         <name>.common:Lcd_Orientation</name>
         <uninitialized>true</uninitialized>
         <run_address>0x2000a0b6</run_address>
         <size>0x1</size>
      </object_component>
      <object_component id="oc-27e">
         <name>.common:Lcd_ScreenWidth</name>
         <uninitialized>true</uninitialized>
         <run_address>0x2000a0ae</run_address>
         <size>0x2</size>
      </object_component>
      <object_component id="oc-27d">
         <name>.common:Lcd_ScreenHeigth</name>
         <uninitialized>true</uninitialized>
         <run_address>0x2000a0ac</run_address>
         <size>0x2</size>
      </object_component>
      <object_component id="oc-27f">
         <name>.common:Lcd_PenSolid</name>
         <uninitialized>true</uninitialized>
         <run_address>0x2000a0b7</run_address>
         <size>0x1</size>
      </object_component>
      <object_component id="oc-280">
         <name>.common:Lcd_FontSolid</name>
         <uninitialized>true</uninitialized>
         <run_address>0x2000a0b5</run_address>
         <size>0x1</size>
      </object_component>
      <object_component id="oc-281">
         <name>.common:Lcd_FlagRead</name>
         <uninitialized>true</uninitialized>
         <run_address>0x2000a0b4</run_address>
         <size>0x1</size>
      </object_component>
      <object_component id="oc-282">
         <name>.common:Lcd_TouchTrim</name>
         <uninitialized>true</uninitialized>
         <run_address>0x2000a0b0</run_address>
         <size>0x2</size>
      </object_component>
      <object_component id="oc-114">
         <name>.common:gADCBuffer</name>
         <uninitialized>true</uninitialized>
         <run_address>0x2000804c</run_address>
         <size>0x1000</size>
      </object_component>
      <object_component id="oc-1e7">
         <name>.common:gWaveformBuffer</name>
         <uninitialized>true</uninitialized>
         <run_address>0x2000904c</run_address>
         <size>0x1000</size>
      </object_component>
      <object_component id="oc-1e8">
         <name>.common:triggerBuffer</name>
         <uninitialized>true</uninitialized>
         <run_address>0x2000a06c</run_address>
         <size>0xc</size>
      </object_component>
      <object_component id="oc-113">
         <name>.common:gADCErrors</name>
         <uninitialized>true</uninitialized>
         <run_address>0x2000a080</run_address>
         <size>0x4</size>
      </object_component>
      <object_component id="oc-74">
         <name>.common:fifo</name>
         <uninitialized>true</uninitialized>
         <run_address>0x2000a060</run_address>
         <size>0xc</size>
      </object_component>
      <object_component id="oc-101">
         <name>.common:gADCSamplingRate</name>
         <uninitialized>true</uninitialized>
         <run_address>0x2000a084</run_address>
         <size>0x4</size>
      </object_component>
      <object_component id="oc-a4">
         <name>.common:gSystemClock</name>
         <uninitialized>true</uninitialized>
         <run_address>0x2000a088</run_address>
         <size>0x4</size>
      </object_component>
      <object_component id="oc-1e9">
         <name>.common:temp0</name>
         <uninitialized>true</uninitialized>
         <run_address>0x2000a09c</run_address>
         <size>0x4</size>
      </object_component>
      <object_component id="oc-1ee">
         <name>.common:temp1</name>
         <uninitialized>true</uninitialized>
         <run_address>0x2000a0a0</run_address>
         <size>0x4</size>
      </object_component>
      <object_component id="oc-1ed">
         <name>.common:gTriggerIndex</name>
         <uninitialized>true</uninitialized>
         <run_address>0x2000a08c</run_address>
         <size>0x4</size>
      </object_component>
      <object_component id="oc-1e5">
         <name>.common:i</name>
         <uninitialized>true</uninitialized>
         <run_address>0x2000a094</run_address>
         <size>0x4</size>
      </object_component>
      <object_component id="oc-1e6">
         <name>.common:j</name>
         <uninitialized>true</uninitialized>
         <run_address>0x2000a098</run_address>
         <size>0x4</size>
      </object_component>
      <object_component id="oc-1f5">
         <name>.common:sample</name>
         <uninitialized>true</uninitialized>
         <run_address>0x2000a0b2</run_address>
         <size>0x2</size>
      </object_component>
      <object_component id="oc-1ec">
         <name>.common:fScale</name>
         <uninitialized>true</uninitialized>
         <run_address>0x2000a07c</run_address>
         <size>0x4</size>
      </object_component>
      <object_component id="oc-1f6">
         <name>.common:y</name>
         <uninitialized>true</uninitialized>
         <run_address>0x2000a0a4</run_address>
         <size>0x4</size>
      </object_component>
      <object_component id="oc-1f7">
         <name>.common:y_old</name>
         <uninitialized>true</uninitialized>
         <run_address>0x2000a0a8</run_address>
         <size>0x4</size>
      </object_component>
      <object_component id="oc-1eb">
         <name>.common:buttonRead</name>
         <uninitialized>true</uninitialized>
         <run_address>0x2000a0b8</run_address>
         <size>0x1</size>
      </object_component>
      <object_component id="oc-1ea">
         <name>.common:buttons</name>
         <uninitialized>true</uninitialized>
         <run_address>0x2000a078</run_address>
         <size>0x4</size>
      </object_component>
      <object_component id="oc-28f">
         <name>.common:g_psGrLibDefaults</name>
         <uninitialized>true</uninitialized>
         <run_address>0x2000a090</run_address>
         <size>0x4</size>
      </object_component>
      <object_component id="oc-21">
         <name>.stack</name>
         <uninitialized>true</uninitialized>
         <run_address>0x2000a0c0</run_address>
         <size>0x4</size>
         <input_file_ref idref="fl-c6"/>
      </object_component>
      <object_component id="oc-3e9">
         <name>.stack</name>
         <uninitialized>true</uninitialized>
         <run_address>0x2000a0c0</run_address>
         <size>0x0</size>
      </object_component>
      <object_component id="oc-19d">
         <name>.debug_info</name>
         <load_address>0x0</load_address>
         <run_address>0x0</run_address>
         <size>0x6d2</size>
         <input_file_ref idref="fl-2"/>
      </object_component>
      <object_component id="oc-27a">
         <name>.debug_info</name>
         <load_address>0x6d2</load_address>
         <run_address>0x6d2</run_address>
         <size>0xd8</size>
         <input_file_ref idref="fl-2"/>
      </object_component>
      <object_component id="oc-1ce">
         <name>.debug_info</name>
         <load_address>0x7aa</load_address>
         <run_address>0x7aa</run_address>
         <size>0xf1</size>
         <input_file_ref idref="fl-2"/>
      </object_component>
      <object_component id="oc-1c8">
         <name>.debug_info</name>
         <load_address>0x89b</load_address>
         <run_address>0x89b</run_address>
         <size>0x10cd</size>
         <input_file_ref idref="fl-2"/>
      </object_component>
      <object_component id="oc-15e">
         <name>.debug_info</name>
         <load_address>0x1968</load_address>
         <run_address>0x1968</run_address>
         <size>0x6bd</size>
         <input_file_ref idref="fl-2"/>
      </object_component>
      <object_component id="oc-122">
         <name>.debug_info</name>
         <load_address>0x2025</load_address>
         <run_address>0x2025</run_address>
         <size>0x26b</size>
         <input_file_ref idref="fl-2"/>
      </object_component>
      <object_component id="oc-116">
         <name>.debug_info</name>
         <load_address>0x2290</load_address>
         <run_address>0x2290</run_address>
         <size>0x8b</size>
         <input_file_ref idref="fl-2"/>
      </object_component>
      <object_component id="oc-198">
         <name>.debug_info</name>
         <load_address>0x231b</load_address>
         <run_address>0x231b</run_address>
         <size>0x297</size>
         <input_file_ref idref="fl-2"/>
      </object_component>
      <object_component id="oc-11b">
         <name>.debug_info</name>
         <load_address>0x25b2</load_address>
         <run_address>0x25b2</run_address>
         <size>0xbb</size>
         <input_file_ref idref="fl-2"/>
      </object_component>
      <object_component id="oc-321">
         <name>.debug_info</name>
         <load_address>0x266d</load_address>
         <run_address>0x266d</run_address>
         <size>0x692</size>
         <input_file_ref idref="fl-3"/>
      </object_component>
      <object_component id="oc-275">
         <name>.debug_info</name>
         <load_address>0x2cff</load_address>
         <run_address>0x2cff</run_address>
         <size>0x5f2</size>
         <input_file_ref idref="fl-3"/>
      </object_component>
      <object_component id="oc-75">
         <name>.debug_info</name>
         <load_address>0x32f1</load_address>
         <run_address>0x32f1</run_address>
         <size>0xb7d</size>
         <input_file_ref idref="fl-4"/>
      </object_component>
      <object_component id="oc-72">
         <name>.debug_info</name>
         <load_address>0x3e6e</load_address>
         <run_address>0x3e6e</run_address>
         <size>0x144</size>
         <input_file_ref idref="fl-4"/>
      </object_component>
      <object_component id="oc-84">
         <name>.debug_info</name>
         <load_address>0x3fb2</load_address>
         <run_address>0x3fb2</run_address>
         <size>0xd1</size>
         <input_file_ref idref="fl-4"/>
      </object_component>
      <object_component id="oc-2c">
         <name>.debug_info</name>
         <load_address>0x4083</load_address>
         <run_address>0x4083</run_address>
         <size>0xa77</size>
         <input_file_ref idref="fl-4"/>
      </object_component>
      <object_component id="oc-a5">
         <name>.debug_info</name>
         <load_address>0x4afa</load_address>
         <run_address>0x4afa</run_address>
         <size>0xa29</size>
         <input_file_ref idref="fl-5"/>
      </object_component>
      <object_component id="oc-111">
         <name>.debug_info</name>
         <load_address>0x5523</load_address>
         <run_address>0x5523</run_address>
         <size>0x118</size>
         <input_file_ref idref="fl-5"/>
      </object_component>
      <object_component id="oc-149">
         <name>.debug_info</name>
         <load_address>0x563b</load_address>
         <run_address>0x563b</run_address>
         <size>0x322</size>
         <input_file_ref idref="fl-5"/>
      </object_component>
      <object_component id="oc-39">
         <name>.debug_info</name>
         <load_address>0x595d</load_address>
         <run_address>0x595d</run_address>
         <size>0x84</size>
         <input_file_ref idref="fl-6"/>
      </object_component>
      <object_component id="oc-32">
         <name>.debug_info</name>
         <load_address>0x59e1</load_address>
         <run_address>0x59e1</run_address>
         <size>0x2cc</size>
         <input_file_ref idref="fl-7"/>
      </object_component>
      <object_component id="oc-10">
         <name>.debug_info</name>
         <load_address>0x5cad</load_address>
         <run_address>0x5cad</run_address>
         <size>0xdb</size>
         <input_file_ref idref="fl-7"/>
      </object_component>
      <object_component id="oc-25">
         <name>.debug_info</name>
         <load_address>0x5d88</load_address>
         <run_address>0x5d88</run_address>
         <size>0x25a</size>
         <input_file_ref idref="fl-7"/>
      </object_component>
      <object_component id="oc-13b">
         <name>.debug_info</name>
         <load_address>0x5fe2</load_address>
         <run_address>0x5fe2</run_address>
         <size>0x2d8</size>
         <input_file_ref idref="fl-c3"/>
      </object_component>
      <object_component id="oc-52">
         <name>.debug_info</name>
         <load_address>0x62ba</load_address>
         <run_address>0x62ba</run_address>
         <size>0x1b9</size>
         <input_file_ref idref="fl-c3"/>
      </object_component>
      <object_component id="oc-136">
         <name>.debug_info</name>
         <load_address>0x6473</load_address>
         <run_address>0x6473</run_address>
         <size>0x46</size>
         <input_file_ref idref="fl-c3"/>
      </object_component>
      <object_component id="oc-1a6">
         <name>.debug_info</name>
         <load_address>0x64b9</load_address>
         <run_address>0x64b9</run_address>
         <size>0x2c</size>
         <input_file_ref idref="fl-c3"/>
      </object_component>
      <object_component id="oc-49">
         <name>.debug_info</name>
         <load_address>0x64e5</load_address>
         <run_address>0x64e5</run_address>
         <size>0x2ac</size>
         <input_file_ref idref="fl-c4"/>
      </object_component>
      <object_component id="oc-1b">
         <name>.debug_info</name>
         <load_address>0x6791</load_address>
         <run_address>0x6791</run_address>
         <size>0x1ee</size>
         <input_file_ref idref="fl-c4"/>
      </object_component>
      <object_component id="oc-44">
         <name>.debug_info</name>
         <load_address>0x697f</load_address>
         <run_address>0x697f</run_address>
         <size>0x46</size>
         <input_file_ref idref="fl-c4"/>
      </object_component>
      <object_component id="oc-12e">
         <name>.debug_info</name>
         <load_address>0x69c5</load_address>
         <run_address>0x69c5</run_address>
         <size>0x2c</size>
         <input_file_ref idref="fl-c4"/>
      </object_component>
      <object_component id="oc-12c">
         <name>.debug_info</name>
         <load_address>0x69f1</load_address>
         <run_address>0x69f1</run_address>
         <size>0x2a2</size>
         <input_file_ref idref="fl-c5"/>
      </object_component>
      <object_component id="oc-13">
         <name>.debug_info</name>
         <load_address>0x6c93</load_address>
         <run_address>0x6c93</run_address>
         <size>0x254</size>
         <input_file_ref idref="fl-c5"/>
      </object_component>
      <object_component id="oc-34">
         <name>.debug_info</name>
         <load_address>0x6ee7</load_address>
         <run_address>0x6ee7</run_address>
         <size>0x60</size>
         <input_file_ref idref="fl-c5"/>
      </object_component>
      <object_component id="oc-19f">
         <name>.debug_info</name>
         <load_address>0x6f47</load_address>
         <run_address>0x6f47</run_address>
         <size>0x46</size>
         <input_file_ref idref="fl-c5"/>
      </object_component>
      <object_component id="oc-127">
         <name>.debug_info</name>
         <load_address>0x6f8d</load_address>
         <run_address>0x6f8d</run_address>
         <size>0x39</size>
         <input_file_ref idref="fl-c5"/>
      </object_component>
      <object_component id="oc-22">
         <name>.debug_info</name>
         <load_address>0x6fc6</load_address>
         <run_address>0x6fc6</run_address>
         <size>0x10f</size>
         <input_file_ref idref="fl-c6"/>
      </object_component>
      <object_component id="oc-60">
         <name>.debug_info</name>
         <load_address>0x70d5</load_address>
         <run_address>0x70d5</run_address>
         <size>0x1ad</size>
         <input_file_ref idref="fl-c6"/>
      </object_component>
      <object_component id="oc-40">
         <name>.debug_info</name>
         <load_address>0x7282</load_address>
         <run_address>0x7282</run_address>
         <size>0x11d</size>
         <input_file_ref idref="fl-c7"/>
      </object_component>
      <object_component id="oc-13e">
         <name>.debug_info</name>
         <load_address>0x739f</load_address>
         <run_address>0x739f</run_address>
         <size>0x14b</size>
         <input_file_ref idref="fl-c8"/>
      </object_component>
      <object_component id="oc-2cf">
         <name>.debug_info</name>
         <load_address>0x74ea</load_address>
         <run_address>0x74ea</run_address>
         <size>0x4b7</size>
         <input_file_ref idref="fl-c9"/>
      </object_component>
      <object_component id="oc-20d">
         <name>.debug_info</name>
         <load_address>0x79a1</load_address>
         <run_address>0x79a1</run_address>
         <size>0x1aa</size>
         <input_file_ref idref="fl-c9"/>
      </object_component>
      <object_component id="oc-372">
         <name>.debug_info</name>
         <load_address>0x7b4b</load_address>
         <run_address>0x7b4b</run_address>
         <size>0x39</size>
         <input_file_ref idref="fl-c9"/>
      </object_component>
      <object_component id="oc-3aa">
         <name>.debug_info</name>
         <load_address>0x7b84</load_address>
         <run_address>0x7b84</run_address>
         <size>0x39</size>
         <input_file_ref idref="fl-c9"/>
      </object_component>
      <object_component id="oc-377">
         <name>.debug_info</name>
         <load_address>0x7bbd</load_address>
         <run_address>0x7bbd</run_address>
         <size>0x39</size>
         <input_file_ref idref="fl-c9"/>
      </object_component>
      <object_component id="oc-37c">
         <name>.debug_info</name>
         <load_address>0x7bf6</load_address>
         <run_address>0x7bf6</run_address>
         <size>0xcd</size>
         <input_file_ref idref="fl-c9"/>
      </object_component>
      <object_component id="oc-146">
         <name>.debug_info</name>
         <load_address>0x7cc3</load_address>
         <run_address>0x7cc3</run_address>
         <size>0x157</size>
         <input_file_ref idref="fl-ca"/>
      </object_component>
      <object_component id="oc-201">
         <name>.debug_info</name>
         <load_address>0x7e1a</load_address>
         <run_address>0x7e1a</run_address>
         <size>0x126</size>
         <input_file_ref idref="fl-cc"/>
      </object_component>
      <object_component id="oc-290">
         <name>.debug_info</name>
         <load_address>0x7f40</load_address>
         <run_address>0x7f40</run_address>
         <size>0x464</size>
         <input_file_ref idref="fl-cf"/>
      </object_component>
      <object_component id="oc-28d">
         <name>.debug_info</name>
         <load_address>0x83a4</load_address>
         <run_address>0x83a4</run_address>
         <size>0x167</size>
         <input_file_ref idref="fl-cf"/>
      </object_component>
      <object_component id="oc-1d1">
         <name>.debug_info</name>
         <load_address>0x850b</load_address>
         <run_address>0x850b</run_address>
         <size>0x27d</size>
         <input_file_ref idref="fl-cf"/>
      </object_component>
      <object_component id="oc-2ab">
         <name>.debug_info</name>
         <load_address>0x8788</load_address>
         <run_address>0x8788</run_address>
         <size>0x6bd</size>
         <input_file_ref idref="fl-cf"/>
      </object_component>
      <object_component id="oc-164">
         <name>.debug_info</name>
         <load_address>0x8e45</load_address>
         <run_address>0x8e45</run_address>
         <size>0x18b</size>
         <input_file_ref idref="fl-cf"/>
      </object_component>
      <object_component id="oc-2c3">
         <name>.debug_info</name>
         <load_address>0x8fd0</load_address>
         <run_address>0x8fd0</run_address>
         <size>0x364</size>
         <input_file_ref idref="fl-d0"/>
      </object_component>
      <object_component id="oc-2bd">
         <name>.debug_info</name>
         <load_address>0x9334</load_address>
         <run_address>0x9334</run_address>
         <size>0x2c2</size>
         <input_file_ref idref="fl-d0"/>
      </object_component>
      <object_component id="oc-2b7">
         <name>.debug_info</name>
         <load_address>0x95f6</load_address>
         <run_address>0x95f6</run_address>
         <size>0x2c2</size>
         <input_file_ref idref="fl-d0"/>
      </object_component>
      <object_component id="oc-358">
         <name>.debug_info</name>
         <load_address>0x98b8</load_address>
         <run_address>0x98b8</run_address>
         <size>0x299</size>
         <input_file_ref idref="fl-d0"/>
      </object_component>
      <object_component id="oc-2b1">
         <name>.debug_info</name>
         <load_address>0x9b51</load_address>
         <run_address>0x9b51</run_address>
         <size>0x39f</size>
         <input_file_ref idref="fl-d0"/>
      </object_component>
      <object_component id="oc-1f9">
         <name>.debug_info</name>
         <load_address>0x9ef0</load_address>
         <run_address>0x9ef0</run_address>
         <size>0x3dd</size>
         <input_file_ref idref="fl-d0"/>
      </object_component>
      <object_component id="oc-2aa">
         <name>.debug_info</name>
         <load_address>0xa2cd</load_address>
         <run_address>0xa2cd</run_address>
         <size>0x3d9</size>
         <input_file_ref idref="fl-d1"/>
      </object_component>
      <object_component id="oc-1f1">
         <name>.debug_info</name>
         <load_address>0xa6a6</load_address>
         <run_address>0xa6a6</run_address>
         <size>0x284</size>
         <input_file_ref idref="fl-d1"/>
      </object_component>
      <object_component id="oc-2a0">
         <name>.debug_info</name>
         <load_address>0xa92a</load_address>
         <run_address>0xa92a</run_address>
         <size>0x51c</size>
         <input_file_ref idref="fl-d2"/>
      </object_component>
      <object_component id="oc-32b">
         <name>.debug_info</name>
         <load_address>0xae46</load_address>
         <run_address>0xae46</run_address>
         <size>0x2fe</size>
         <input_file_ref idref="fl-d2"/>
      </object_component>
      <object_component id="oc-396">
         <name>.debug_info</name>
         <load_address>0xb144</load_address>
         <run_address>0xb144</run_address>
         <size>0x315</size>
         <input_file_ref idref="fl-d2"/>
      </object_component>
      <object_component id="oc-39c">
         <name>.debug_info</name>
         <load_address>0xb459</load_address>
         <run_address>0xb459</run_address>
         <size>0x34b</size>
         <input_file_ref idref="fl-d2"/>
      </object_component>
      <object_component id="oc-331">
         <name>.debug_info</name>
         <load_address>0xb7a4</load_address>
         <run_address>0xb7a4</run_address>
         <size>0x30a</size>
         <input_file_ref idref="fl-d2"/>
      </object_component>
      <object_component id="oc-325">
         <name>.debug_info</name>
         <load_address>0xbaae</load_address>
         <run_address>0xbaae</run_address>
         <size>0x341</size>
         <input_file_ref idref="fl-d2"/>
      </object_component>
      <object_component id="oc-34c">
         <name>.debug_info</name>
         <load_address>0xbdef</load_address>
         <run_address>0xbdef</run_address>
         <size>0x254</size>
         <input_file_ref idref="fl-d2"/>
      </object_component>
      <object_component id="oc-29a">
         <name>.debug_info</name>
         <load_address>0xc043</load_address>
         <run_address>0xc043</run_address>
         <size>0x2b6</size>
         <input_file_ref idref="fl-d2"/>
      </object_component>
      <object_component id="oc-337">
         <name>.debug_info</name>
         <load_address>0xc2f9</load_address>
         <run_address>0xc2f9</run_address>
         <size>0x49a</size>
         <input_file_ref idref="fl-d2"/>
      </object_component>
      <object_component id="oc-287">
         <name>.debug_info</name>
         <load_address>0xc793</load_address>
         <run_address>0xc793</run_address>
         <size>0x4bd</size>
         <input_file_ref idref="fl-d2"/>
      </object_component>
      <object_component id="oc-1da">
         <name>.debug_info</name>
         <load_address>0xcc50</load_address>
         <run_address>0xcc50</run_address>
         <size>0x28d</size>
         <input_file_ref idref="fl-d2"/>
      </object_component>
      <object_component id="oc-298">
         <name>.debug_info</name>
         <load_address>0xcedd</load_address>
         <run_address>0xcedd</run_address>
         <size>0x362</size>
         <input_file_ref idref="fl-d3"/>
      </object_component>
      <object_component id="oc-294">
         <name>.debug_info</name>
         <load_address>0xd23f</load_address>
         <run_address>0xd23f</run_address>
         <size>0x165</size>
         <input_file_ref idref="fl-d3"/>
      </object_component>
      <object_component id="oc-1d7">
         <name>.debug_info</name>
         <load_address>0xd3a4</load_address>
         <run_address>0xd3a4</run_address>
         <size>0x158</size>
         <input_file_ref idref="fl-d3"/>
      </object_component>
      <object_component id="oc-3a4">
         <name>.debug_info</name>
         <load_address>0xd4fc</load_address>
         <run_address>0xd4fc</run_address>
         <size>0x3cd</size>
         <input_file_ref idref="fl-d4"/>
      </object_component>
      <object_component id="oc-33f">
         <name>.debug_info</name>
         <load_address>0xd8c9</load_address>
         <run_address>0xd8c9</run_address>
         <size>0x2b1</size>
         <input_file_ref idref="fl-d4"/>
      </object_component>
      <object_component id="oc-169">
         <name>.debug_info</name>
         <load_address>0xdb7a</load_address>
         <run_address>0xdb7a</run_address>
         <size>0x23d</size>
         <input_file_ref idref="fl-d5"/>
      </object_component>
      <object_component id="oc-eb">
         <name>.debug_info</name>
         <load_address>0xddb7</load_address>
         <run_address>0xddb7</run_address>
         <size>0x333</size>
         <input_file_ref idref="fl-d5"/>
      </object_component>
      <object_component id="oc-f1">
         <name>.debug_info</name>
         <load_address>0xe0ea</load_address>
         <run_address>0xe0ea</run_address>
         <size>0x2a0</size>
         <input_file_ref idref="fl-d5"/>
      </object_component>
      <object_component id="oc-df">
         <name>.debug_info</name>
         <load_address>0xe38a</load_address>
         <run_address>0xe38a</run_address>
         <size>0x2a2</size>
         <input_file_ref idref="fl-d5"/>
      </object_component>
      <object_component id="oc-88">
         <name>.debug_info</name>
         <load_address>0xe62c</load_address>
         <run_address>0xe62c</run_address>
         <size>0x2ff</size>
         <input_file_ref idref="fl-d5"/>
      </object_component>
      <object_component id="oc-e5">
         <name>.debug_info</name>
         <load_address>0xe92b</load_address>
         <run_address>0xe92b</run_address>
         <size>0x326</size>
         <input_file_ref idref="fl-d5"/>
      </object_component>
      <object_component id="oc-79">
         <name>.debug_info</name>
         <load_address>0xec51</load_address>
         <run_address>0xec51</run_address>
         <size>0x2a4</size>
         <input_file_ref idref="fl-d5"/>
      </object_component>
      <object_component id="oc-7f">
         <name>.debug_info</name>
         <load_address>0xeef5</load_address>
         <run_address>0xeef5</run_address>
         <size>0x2e7</size>
         <input_file_ref idref="fl-d5"/>
      </object_component>
      <object_component id="oc-f7">
         <name>.debug_info</name>
         <load_address>0xf1dc</load_address>
         <run_address>0xf1dc</run_address>
         <size>0x296</size>
         <input_file_ref idref="fl-d5"/>
      </object_component>
      <object_component id="oc-8d">
         <name>.debug_info</name>
         <load_address>0xf472</load_address>
         <run_address>0xf472</run_address>
         <size>0x294</size>
         <input_file_ref idref="fl-d5"/>
      </object_component>
      <object_component id="oc-d8">
         <name>.debug_info</name>
         <load_address>0xf706</load_address>
         <run_address>0xf706</run_address>
         <size>0x2ce</size>
         <input_file_ref idref="fl-d5"/>
      </object_component>
      <object_component id="oc-1bc">
         <name>.debug_info</name>
         <load_address>0xf9d4</load_address>
         <run_address>0xf9d4</run_address>
         <size>0x225</size>
         <input_file_ref idref="fl-d6"/>
      </object_component>
      <object_component id="oc-1b6">
         <name>.debug_info</name>
         <load_address>0xfbf9</load_address>
         <run_address>0xfbf9</run_address>
         <size>0x20d</size>
         <input_file_ref idref="fl-d6"/>
      </object_component>
      <object_component id="oc-18a">
         <name>.debug_info</name>
         <load_address>0xfe06</load_address>
         <run_address>0xfe06</run_address>
         <size>0x230</size>
         <input_file_ref idref="fl-d7"/>
      </object_component>
      <object_component id="oc-38d">
         <name>.debug_info</name>
         <load_address>0x10036</load_address>
         <run_address>0x10036</run_address>
         <size>0x15b</size>
         <input_file_ref idref="fl-d7"/>
      </object_component>
      <object_component id="oc-300">
         <name>.debug_info</name>
         <load_address>0x10191</load_address>
         <run_address>0x10191</run_address>
         <size>0x2a3</size>
         <input_file_ref idref="fl-d7"/>
      </object_component>
      <object_component id="oc-187">
         <name>.debug_info</name>
         <load_address>0x10434</load_address>
         <run_address>0x10434</run_address>
         <size>0x2b3</size>
         <input_file_ref idref="fl-d7"/>
      </object_component>
      <object_component id="oc-cf">
         <name>.debug_info</name>
         <load_address>0x106e7</load_address>
         <run_address>0x106e7</run_address>
         <size>0x316</size>
         <input_file_ref idref="fl-d7"/>
      </object_component>
      <object_component id="oc-312">
         <name>.debug_info</name>
         <load_address>0x109fd</load_address>
         <run_address>0x109fd</run_address>
         <size>0x2a9</size>
         <input_file_ref idref="fl-d7"/>
      </object_component>
      <object_component id="oc-31e">
         <name>.debug_info</name>
         <load_address>0x10ca6</load_address>
         <run_address>0x10ca6</run_address>
         <size>0x2b7</size>
         <input_file_ref idref="fl-d7"/>
      </object_component>
      <object_component id="oc-c9">
         <name>.debug_info</name>
         <load_address>0x10f5d</load_address>
         <run_address>0x10f5d</run_address>
         <size>0x2b5</size>
         <input_file_ref idref="fl-d7"/>
      </object_component>
      <object_component id="oc-d5">
         <name>.debug_info</name>
         <load_address>0x11212</load_address>
         <run_address>0x11212</run_address>
         <size>0x2a9</size>
         <input_file_ref idref="fl-d7"/>
      </object_component>
      <object_component id="oc-10c">
         <name>.debug_info</name>
         <load_address>0x114bb</load_address>
         <run_address>0x114bb</run_address>
         <size>0x27b</size>
         <input_file_ref idref="fl-d7"/>
      </object_component>
      <object_component id="oc-316">
         <name>.debug_info</name>
         <load_address>0x11736</load_address>
         <run_address>0x11736</run_address>
         <size>0x280</size>
         <input_file_ref idref="fl-d7"/>
      </object_component>
      <object_component id="oc-17e">
         <name>.debug_info</name>
         <load_address>0x119b6</load_address>
         <run_address>0x119b6</run_address>
         <size>0x20e</size>
         <input_file_ref idref="fl-d8"/>
      </object_component>
      <object_component id="oc-180">
         <name>.debug_info</name>
         <load_address>0x11bc4</load_address>
         <run_address>0x11bc4</run_address>
         <size>0x210</size>
         <input_file_ref idref="fl-d8"/>
      </object_component>
      <object_component id="oc-17b">
         <name>.debug_info</name>
         <load_address>0x11dd4</load_address>
         <run_address>0x11dd4</run_address>
         <size>0x14e</size>
         <input_file_ref idref="fl-d8"/>
      </object_component>
      <object_component id="oc-ba">
         <name>.debug_info</name>
         <load_address>0x11f22</load_address>
         <run_address>0x11f22</run_address>
         <size>0x2c9</size>
         <input_file_ref idref="fl-d8"/>
      </object_component>
      <object_component id="oc-1e2">
         <name>.debug_info</name>
         <load_address>0x121eb</load_address>
         <run_address>0x121eb</run_address>
         <size>0x23e</size>
         <input_file_ref idref="fl-d8"/>
      </object_component>
      <object_component id="oc-1b0">
         <name>.debug_info</name>
         <load_address>0x12429</load_address>
         <run_address>0x12429</run_address>
         <size>0x240</size>
         <input_file_ref idref="fl-d8"/>
      </object_component>
      <object_component id="oc-c2">
         <name>.debug_info</name>
         <load_address>0x12669</load_address>
         <run_address>0x12669</run_address>
         <size>0x268</size>
         <input_file_ref idref="fl-d8"/>
      </object_component>
      <object_component id="oc-386">
         <name>.debug_info</name>
         <load_address>0x128d1</load_address>
         <run_address>0x128d1</run_address>
         <size>0x21c</size>
         <input_file_ref idref="fl-d9"/>
      </object_component>
      <object_component id="oc-309">
         <name>.debug_info</name>
         <load_address>0x12aed</load_address>
         <run_address>0x12aed</run_address>
         <size>0x242</size>
         <input_file_ref idref="fl-d9"/>
      </object_component>
      <object_component id="oc-2f1">
         <name>.debug_info</name>
         <load_address>0x12d2f</load_address>
         <run_address>0x12d2f</run_address>
         <size>0x276</size>
         <input_file_ref idref="fl-d9"/>
      </object_component>
      <object_component id="oc-303">
         <name>.debug_info</name>
         <load_address>0x12fa5</load_address>
         <run_address>0x12fa5</run_address>
         <size>0x3d9</size>
         <input_file_ref idref="fl-d9"/>
      </object_component>
      <object_component id="oc-2f7">
         <name>.debug_info</name>
         <load_address>0x1337e</load_address>
         <run_address>0x1337e</run_address>
         <size>0x242</size>
         <input_file_ref idref="fl-d9"/>
      </object_component>
      <object_component id="oc-171">
         <name>.debug_info</name>
         <load_address>0x135c0</load_address>
         <run_address>0x135c0</run_address>
         <size>0x27f</size>
         <input_file_ref idref="fl-da"/>
      </object_component>
      <object_component id="oc-269">
         <name>.debug_info</name>
         <load_address>0x1383f</load_address>
         <run_address>0x1383f</run_address>
         <size>0x14d</size>
         <input_file_ref idref="fl-da"/>
      </object_component>
      <object_component id="oc-26c">
         <name>.debug_info</name>
         <load_address>0x1398c</load_address>
         <run_address>0x1398c</run_address>
         <size>0x159</size>
         <input_file_ref idref="fl-da"/>
      </object_component>
      <object_component id="oc-2e6">
         <name>.debug_info</name>
         <load_address>0x13ae5</load_address>
         <run_address>0x13ae5</run_address>
         <size>0x153</size>
         <input_file_ref idref="fl-da"/>
      </object_component>
      <object_component id="oc-26f">
         <name>.debug_info</name>
         <load_address>0x13c38</load_address>
         <run_address>0x13c38</run_address>
         <size>0x160</size>
         <input_file_ref idref="fl-da"/>
      </object_component>
      <object_component id="oc-93">
         <name>.debug_info</name>
         <load_address>0x13d98</load_address>
         <run_address>0x13d98</run_address>
         <size>0x27d</size>
         <input_file_ref idref="fl-da"/>
      </object_component>
      <object_component id="oc-25e">
         <name>.debug_info</name>
         <load_address>0x14015</load_address>
         <run_address>0x14015</run_address>
         <size>0x270</size>
         <input_file_ref idref="fl-da"/>
      </object_component>
      <object_component id="oc-264">
         <name>.debug_info</name>
         <load_address>0x14285</load_address>
         <run_address>0x14285</run_address>
         <size>0x2ba</size>
         <input_file_ref idref="fl-da"/>
      </object_component>
      <object_component id="oc-1c3">
         <name>.debug_info</name>
         <load_address>0x1453f</load_address>
         <run_address>0x1453f</run_address>
         <size>0x4ce</size>
         <input_file_ref idref="fl-da"/>
      </object_component>
      <object_component id="oc-241">
         <name>.debug_info</name>
         <load_address>0x14a0d</load_address>
         <run_address>0x14a0d</run_address>
         <size>0x5f</size>
         <input_file_ref idref="fl-da"/>
      </object_component>
      <object_component id="oc-173">
         <name>.debug_info</name>
         <load_address>0x14a6c</load_address>
         <run_address>0x14a6c</run_address>
         <size>0x228</size>
         <input_file_ref idref="fl-db"/>
      </object_component>
      <object_component id="oc-a8">
         <name>.debug_info</name>
         <load_address>0x14c94</load_address>
         <run_address>0x14c94</run_address>
         <size>0x2ba</size>
         <input_file_ref idref="fl-db"/>
      </object_component>
      <object_component id="oc-ae">
         <name>.debug_info</name>
         <load_address>0x14f4e</load_address>
         <run_address>0x14f4e</run_address>
         <size>0x294</size>
         <input_file_ref idref="fl-db"/>
      </object_component>
      <object_component id="oc-105">
         <name>.debug_info</name>
         <load_address>0x151e2</load_address>
         <run_address>0x151e2</run_address>
         <size>0x292</size>
         <input_file_ref idref="fl-db"/>
      </object_component>
      <object_component id="oc-b4">
         <name>.debug_info</name>
         <load_address>0x15474</load_address>
         <run_address>0x15474</run_address>
         <size>0x27f</size>
         <input_file_ref idref="fl-db"/>
      </object_component>
      <object_component id="oc-99">
         <name>.debug_info</name>
         <load_address>0x156f3</load_address>
         <run_address>0x156f3</run_address>
         <size>0x281</size>
         <input_file_ref idref="fl-db"/>
      </object_component>
      <object_component id="oc-fd">
         <name>.debug_info</name>
         <load_address>0x15974</load_address>
         <run_address>0x15974</run_address>
         <size>0x2d7</size>
         <input_file_ref idref="fl-db"/>
      </object_component>
      <object_component id="oc-a0">
         <name>.debug_info</name>
         <load_address>0x15c4b</load_address>
         <run_address>0x15c4b</run_address>
         <size>0x28c</size>
         <input_file_ref idref="fl-db"/>
      </object_component>
      <object_component id="oc-2a5">
         <name>.debug_info</name>
         <load_address>0x15ed7</load_address>
         <run_address>0x15ed7</run_address>
         <size>0x212</size>
         <input_file_ref idref="fl-dc"/>
      </object_component>
      <object_component id="oc-256">
         <name>.debug_info</name>
         <load_address>0x160e9</load_address>
         <run_address>0x160e9</run_address>
         <size>0x20f</size>
         <input_file_ref idref="fl-dc"/>
      </object_component>
      <object_component id="oc-3ea">
         <name>.debug_info</name>
         <load_address>0x162f8</load_address>
         <run_address>0x162f8</run_address>
         <size>0x9b</size>
      </object_component>
      <object_component id="oc-252">
         <name>.debug_line</name>
         <load_address>0x0</load_address>
         <run_address>0x0</run_address>
         <size>0xd1</size>
         <input_file_ref idref="fl-2"/>
      </object_component>
      <object_component id="oc-323">
         <name>.debug_line</name>
         <load_address>0xd1</load_address>
         <run_address>0xd1</run_address>
         <size>0x43</size>
         <input_file_ref idref="fl-2"/>
      </object_component>
      <object_component id="oc-285">
         <name>.debug_line</name>
         <load_address>0x114</load_address>
         <run_address>0x114</run_address>
         <size>0x43</size>
         <input_file_ref idref="fl-2"/>
      </object_component>
      <object_component id="oc-1cb">
         <name>.debug_line</name>
         <load_address>0x157</load_address>
         <run_address>0x157</run_address>
         <size>0x318</size>
         <input_file_ref idref="fl-2"/>
      </object_component>
      <object_component id="oc-161">
         <name>.debug_line</name>
         <load_address>0x46f</load_address>
         <run_address>0x46f</run_address>
         <size>0x74</size>
         <input_file_ref idref="fl-2"/>
      </object_component>
      <object_component id="oc-125">
         <name>.debug_line</name>
         <load_address>0x4e3</load_address>
         <run_address>0x4e3</run_address>
         <size>0x69</size>
         <input_file_ref idref="fl-2"/>
      </object_component>
      <object_component id="oc-119">
         <name>.debug_line</name>
         <load_address>0x54c</load_address>
         <run_address>0x54c</run_address>
         <size>0x20</size>
         <input_file_ref idref="fl-2"/>
      </object_component>
      <object_component id="oc-19b">
         <name>.debug_line</name>
         <load_address>0x56c</load_address>
         <run_address>0x56c</run_address>
         <size>0x6d</size>
         <input_file_ref idref="fl-2"/>
      </object_component>
      <object_component id="oc-11e">
         <name>.debug_line</name>
         <load_address>0x5d9</load_address>
         <run_address>0x5d9</run_address>
         <size>0x6a</size>
         <input_file_ref idref="fl-2"/>
      </object_component>
      <object_component id="oc-392">
         <name>.debug_line</name>
         <load_address>0x643</load_address>
         <run_address>0x643</run_address>
         <size>0x126</size>
         <input_file_ref idref="fl-3"/>
      </object_component>
      <object_component id="oc-274">
         <name>.debug_line</name>
         <load_address>0x769</load_address>
         <run_address>0x769</run_address>
         <size>0xdf</size>
         <input_file_ref idref="fl-3"/>
      </object_component>
      <object_component id="oc-15d">
         <name>.debug_line</name>
         <load_address>0x848</load_address>
         <run_address>0x848</run_address>
         <size>0x1fa</size>
         <input_file_ref idref="fl-4"/>
      </object_component>
      <object_component id="oc-15b">
         <name>.debug_line</name>
         <load_address>0xa42</load_address>
         <run_address>0xa42</run_address>
         <size>0x30</size>
         <input_file_ref idref="fl-4"/>
      </object_component>
      <object_component id="oc-16d">
         <name>.debug_line</name>
         <load_address>0xa72</load_address>
         <run_address>0xa72</run_address>
         <size>0x30</size>
         <input_file_ref idref="fl-4"/>
      </object_component>
      <object_component id="oc-2f">
         <name>.debug_line</name>
         <load_address>0xaa2</load_address>
         <run_address>0xaa2</run_address>
         <size>0x2b4</size>
         <input_file_ref idref="fl-4"/>
      </object_component>
      <object_component id="oc-176">
         <name>.debug_line</name>
         <load_address>0xd56</load_address>
         <run_address>0xd56</run_address>
         <size>0x1bf</size>
         <input_file_ref idref="fl-5"/>
      </object_component>
      <object_component id="oc-197">
         <name>.debug_line</name>
         <load_address>0xf15</load_address>
         <run_address>0xf15</run_address>
         <size>0x2d</size>
         <input_file_ref idref="fl-5"/>
      </object_component>
[...]
         <name>Lcd_FontSolid</name>
         <value>0x2000a0b5</value>
      </symbol>
      <symbol id="sm-8e">
         <name>Lcd_FlagRead</name>
         <value>0x2000a0b4</value>
      </symbol>
      <symbol id="sm-8f">
         <name>Lcd_TouchTrim</name>
         <value>0x2000a0b0</value>
      </symbol>
      <symbol id="sm-90">
         <name>Lcd_buffer</name>
         <value>0x20000000</value>
         <object_component_ref idref="oc-279"/>
      </symbol>
      <symbol id="sm-91">
         <name>Crystalfontz128x128_SetDrawFrame</name>
         <value>0xd59</value>
         <object_component_ref idref="oc-1c7"/>
      </symbol>
      <symbol id="sm-92">
         <name>Crystalfontz128x128_SetOrientation</name>
         <value>0xd11</value>
         <object_component_ref idref="oc-1c7"/>
      </symbol>
      <symbol id="sm-93">
         <name>g_sCrystalfontz128x128</name>
         <value>0x2c24</value>
         <object_component_ref idref="oc-1cd"/>
      </symbol>
      <symbol id="sm-94">
         <name>Crystalfontz128x128_Init</name>
         <value>0x1039</value>
         <object_component_ref idref="oc-1c7"/>
      </symbol>
      <symbol id="sm-a6">
         <name>HAL_LCD_writeData</name>
         <value>0x1561</value>
         <object_component_ref idref="oc-273"/>
      </symbol>
      <symbol id="sm-a7">
         <name>HAL_LCD_SpiInit</name>
         <value>0x15c1</value>
         <object_component_ref idref="oc-273"/>
      </symbol>
      <symbol id="sm-a8">
         <name>HAL_LCD_PortInit</name>
         <value>0x1651</value>
         <object_component_ref idref="oc-273"/>
      </symbol>
      <symbol id="sm-a9">
         <name>HAL_LCD_writeCommand</name>
         <value>0x1571</value>
         <object_component_ref idref="oc-273"/>
      </symbol>
      <symbol id="sm-f0">
         <name>gADCBuffer</name>
         <value>0x2000804c</value>
      </symbol>
      <symbol id="sm-f1">
         <name>gWaveformBuffer</name>
         <value>0x2000904c</value>
      </symbol>
      <symbol id="sm-f2">
         <name>triggerBuffer</name>
         <value>0x2000a06c</value>
      </symbol>
      <symbol id="sm-f3">
         <name>gADCErrors</name>
         <value>0x2000a080</value>
      </symbol>
      <symbol id="sm-f4">
         <name>fifo</name>
         <value>0x2000a060</value>
      </symbol>
      <symbol id="sm-f5">
         <name>gADCSamplingRate</name>
         <value>0x2000a084</value>
      </symbol>
      <symbol id="sm-f6">
         <name>ButtonDebounce</name>
         <value>0x5d9</value>
         <object_component_ref idref="oc-2a"/>
      </symbol>
      <symbol id="sm-f7">
         <name>gADCBufferIndex</name>
         <value>0x20008030</value>
         <object_component_ref idref="oc-71"/>
      </symbol>
      <symbol id="sm-f8">
         <name>ADC_ISR</name>
         <value>0x7d9</value>
         <object_component_ref idref="oc-2a"/>
      </symbol>
      <symbol id="sm-f9">
         <name>fifo_tail</name>
         <value>0x20008028</value>
         <object_component_ref idref="oc-71"/>
      </symbol>
      <symbol id="sm-fa">
         <name>fifo_put</name>
         <value>0x209</value>
         <object_component_ref idref="oc-2a"/>
      </symbol>
      <symbol id="sm-fb">
         <name>ButtonReadJoystick</name>
         <value>0x289</value>
         <object_component_ref idref="oc-2a"/>
      </symbol>
      <symbol id="sm-fc">
         <name>ButtonAutoRepeat</name>
         <value>0x649</value>
         <object_component_ref idref="oc-2a"/>
      </symbol>
      <symbol id="sm-fd">
         <name>fifo_head</name>
         <value>0x20008024</value>
         <object_component_ref idref="oc-71"/>
      </symbol>
      <symbol id="sm-fe">
         <name>gButtons</name>
         <value>0x2000802c</value>
         <object_component_ref idref="oc-71"/>
      </symbol>
      <symbol id="sm-ff">
         <name>fifo_get</name>
         <value>0x241</value>
         <object_component_ref idref="oc-2a"/>
      </symbol>
      <symbol id="sm-100">
         <name>ButtonISR</name>
         <value>0x6c9</value>
         <object_component_ref idref="oc-2a"/>
      </symbol>
      <symbol id="sm-101">
         <name>ButtonInit</name>
         <value>0x369</value>
         <object_component_ref idref="oc-2a"/>
      </symbol>
      <symbol id="sm-102">
         <name>gJoystick</name>
         <value>0x20008044</value>
         <object_component_ref idref="oc-83"/>
      </symbol>
      <symbol id="sm-133">
         <name>gSystemClock</name>
         <value>0x2000a088</value>
      </symbol>
      <symbol id="sm-134">
         <name>temp0</name>
         <value>0x2000a09c</value>
      </symbol>
      <symbol id="sm-135">
         <name>temp1</name>
         <value>0x2000a0a0</value>
      </symbol>
      <symbol id="sm-136">
         <name>gTriggerIndex</name>
         <value>0x2000a08c</value>
      </symbol>
      <symbol id="sm-137">
         <name>i</name>
         <value>0x2000a094</value>
      </symbol>
      <symbol id="sm-138">
         <name>j</name>
         <value>0x2000a098</value>
      </symbol>
      <symbol id="sm-139">
         <name>sample</name>
         <value>0x2000a0b2</value>
      </symbol>
      <symbol id="sm-13a">
         <name>fScale</name>
         <value>0x2000a07c</value>
      </symbol>
      <symbol id="sm-13b">
         <name>y</name>
         <value>0x2000a0a4</value>
      </symbol>
      <symbol id="sm-13c">
         <name>y_old</name>
         <value>0x2000a0a8</value>
      </symbol>
      <symbol id="sm-13d">
         <name>buttonRead</name>
         <value>0x2000a0b8</value>
      </symbol>
      <symbol id="sm-13e">
         <name>buttons</name>
         <value>0x2000a078</value>
      </symbol>
      <symbol id="sm-13f">
         <name>fVoltsPerDiv</name>
         <value>0x2000803c</value>
         <object_component_ref idref="oc-110"/>
      </symbol>
      <symbol id="sm-140">
         <name>gTime</name>
         <value>0x20008038</value>
         <object_component_ref idref="oc-110"/>
      </symbol>
      <symbol id="sm-141">
         <name>buttonChar</name>
         <value>0x829</value>
         <object_component_ref idref="oc-148"/>
      </symbol>
      <symbol id="sm-142">
         <name>main</name>
         <value>0x879</value>
         <object_component_ref idref="oc-148"/>
      </symbol>
      <symbol id="sm-143">
         <name>triggerSlope</name>
         <value>0x20008040</value>
         <object_component_ref idref="oc-110"/>
      </symbol>
      <symbol id="sm-165">
         <name>ResetISR</name>
         <value>0x2349</value>
         <object_component_ref idref="oc-24"/>
      </symbol>
      <symbol id="sm-166">
         <name>g_pfnVectors</name>
         <value>0x0</value>
         <object_component_ref idref="oc-f"/>
      </symbol>
      <symbol id="sm-17d">
         <name>__TI_zero_init</name>
         <value>0x24a9</value>
         <object_component_ref idref="oc-50"/>
      </symbol>
      <symbol id="sm-194">
         <name>__TI_decompress_none</name>
         <value>0x2483</value>
         <object_component_ref idref="oc-18"/>
      </symbol>
      <symbol id="sm-1b7">
         <name>__TI_decompress_lzss</name>
         <value>0x1d81</value>
         <object_component_ref idref="oc-12"/>
      </symbol>
      <symbol id="sm-1ca">
         <name>__stack</name>
         <value>0x2000a0c0</value>
         <object_component_ref idref="oc-21"/>
      </symbol>
      <symbol id="sm-1cb">
         <name>_c_int00_noargs</name>
         <value>0x21c9</value>
         <object_component_ref idref="oc-5c"/>
      </symbol>
      <symbol id="sm-1e6">
         <name>memcpy</name>
         <value>0x1a99</value>
         <object_component_ref idref="oc-3e"/>
      </symbol>
      <symbol id="sm-1e7">
         <name>__aeabi_memcpy</name>
         <value>0x1a99</value>
         <object_component_ref idref="oc-3e"/>
      </symbol>
      <symbol id="sm-1e8">
         <name>__aeabi_memcpy8</name>
         <value>0x1a99</value>
         <object_component_ref idref="oc-3e"/>
      </symbol>
      <symbol id="sm-1e9">
         <name>__aeabi_memcpy4</name>
         <value>0x1a99</value>
         <object_component_ref idref="oc-3e"/>
      </symbol>
      <symbol id="sm-1f8">
         <name>__aeabi_memset</name>
         <value>0x1c37</value>
         <object_component_ref idref="oc-13c"/>
      </symbol>
      <symbol id="sm-1f9">
         <name>memset</name>
         <value>0x1c3d</value>
         <object_component_ref idref="oc-13c"/>
      </symbol>
      <symbol id="sm-1fa">
         <name>__aeabi_memset8</name>
         <value>0x1c37</value>
         <object_component_ref idref="oc-13c"/>
      </symbol>
      <symbol id="sm-1fb">
         <name>__aeabi_memset4</name>
         <value>0x1c37</value>
         <object_component_ref idref="oc-13c"/>
      </symbol>
      <symbol id="sm-1fc">
         <name>__aeabi_memclr8</name>
         <value>0x1c35</value>
         <object_component_ref idref="oc-13c"/>
      </symbol>
      <symbol id="sm-1fd">
         <name>__aeabi_memclr4</name>
         <value>0x1c35</value>
         <object_component_ref idref="oc-13c"/>
      </symbol>
      <symbol id="sm-1fe">
         <name>__aeabi_memclr</name>
         <value>0x1c35</value>
         <object_component_ref idref="oc-13c"/>
      </symbol>
      <symbol id="sm-226">
         <name>__TI_auto_init_nobinit_nopinit</name>
         <value>0x2065</value>
         <object_component_ref idref="oc-20b"/>
      </symbol>
      <symbol id="sm-230">
         <name>_system_pre_init</name>
         <value>0x2503</value>
         <object_component_ref idref="oc-142"/>
      </symbol>
      <symbol id="sm-23c">
         <name>C$$EXIT</name>
         <value>0x2507</value>
         <object_component_ref idref="oc-1ff"/>
      </symbol>
      <symbol id="sm-23d">
         <name>abort</name>
         <value>0x2507</value>
         <object_component_ref idref="oc-1ff"/>
      </symbol>
      <symbol id="sm-264">
         <name>GrContextInit</name>
         <value>0x1cb1</value>
         <object_component_ref idref="oc-1d0"/>
      </symbol>
      <symbol id="sm-265">
         <name>g_psDefaultCodePointMapTable</name>
         <value>0x2c4c</value>
         <object_component_ref idref="oc-28c"/>
      </symbol>
      <symbol id="sm-2a9">
         <name>GrLineDrawH</name>
         <value>0x1fd9</value>
         <object_component_ref idref="oc-2b6"/>
      </symbol>
      <symbol id="sm-2aa">
         <name>GrLineDrawV</name>
         <value>0x201f</value>
         <object_component_ref idref="oc-2bc"/>
      </symbol>
      <symbol id="sm-2ab">
         <name>GrLineDraw</name>
         <value>0x180f</value>
         <object_component_ref idref="oc-1f8"/>
      </symbol>
      <symbol id="sm-2b9">
         <name>GrRectFill</name>
         <value>0x1b35</value>
         <object_component_ref idref="oc-1ef"/>
      </symbol>
      <symbol id="sm-33f">
         <name>GrFontInfoGet</name>
         <value>0x2283</value>
         <object_component_ref idref="oc-324"/>
      </symbol>
      <symbol id="sm-340">
         <name>GrDefaultStringRenderer</name>
         <value>0x1915</value>
         <object_component_ref idref="oc-286"/>
      </symbol>
      <symbol id="sm-341">
         <name>GrFontGlyphRender</name>
         <value>0x1101</value>
         <object_component_ref idref="oc-336"/>
      </symbol>
      <symbol id="sm-342">
         <name>GrContextFontSet</name>
         <value>0x24f7</value>
         <object_component_ref idref="oc-1d9"/>
      </symbol>
      <symbol id="sm-343">
         <name>GrFontGlyphDataGet</name>
         <value>0x22cd</value>
         <object_component_ref idref="oc-330"/>
      </symbol>
      <symbol id="sm-344">
         <name>GrFontCodepageGet</name>
         <value>0x230d</value>
         <object_component_ref idref="oc-34b"/>
      </symbol>
      <symbol id="sm-345">
         <name>GrStringNextCharGet</name>
         <value>0x222b</value>
         <object_component_ref idref="oc-32a"/>
      </symbol>
      <symbol id="sm-357">
         <name>g_sFontFixed6x8</name>
         <value>0x2924</value>
         <object_component_ref idref="oc-1d6"/>
      </symbol>
      <symbol id="sm-364">
         <name>GrMapISO8859_1_Unicode</name>
         <value>0x24d3</value>
         <object_component_ref idref="oc-33d"/>
      </symbol>
      <symbol id="sm-3c1">
         <name>ADCProcessorTrigger</name>
         <value>0x237b</value>
         <object_component_ref idref="oc-77"/>
      </symbol>
      <symbol id="sm-3c2">
         <name>ADCSequenceEnable</name>
         <value>0x2467</value>
         <object_component_ref idref="oc-ef"/>
      </symbol>
      <symbol id="sm-3c3">
         <name>ADCSequenceConfigure</name>
         <value>0x20a9</value>
         <object_component_ref idref="oc-e3"/>
      </symbol>
      <symbol id="sm-3c4">
         <name>ADCIntEnable</name>
         <value>0x2409</value>
         <object_component_ref idref="oc-f5"/>
      </symbol>
      <symbol id="sm-3c5">
         <name>ADCSequenceStepConfigure</name>
         <value>0x1bbb</value>
         <object_component_ref idref="oc-e9"/>
      </symbol>
      <symbol id="sm-3c6">
         <name>ADCIntClear</name>
         <value>0x24b5</value>
         <object_component_ref idref="oc-8c"/>
      </symbol>
      <symbol id="sm-3c7">
         <name>ADCIntStatus</name>
         <value>0x21fd</value>
         <object_component_ref idref="oc-7d"/>
      </symbol>
      <symbol id="sm-3c8">
         <name>ADCSequenceDisable</name>
         <value>0x2459</value>
         <object_component_ref idref="oc-dd"/>
      </symbol>
      <symbol id="sm-3c9">
         <name>ADCClockConfigSet</name>
         <value>0x2363</value>
         <object_component_ref idref="oc-d7"/>
      </symbol>
      <symbol id="sm-3ca">
         <name>ADCSequenceDataGet</name>
         <value>0x22ef</value>
         <object_component_ref idref="oc-86"/>
      </symbol>
      <symbol id="sm-3e0">
         <name>FPULazyStackingEnable</name>
         <value>0x2429</value>
         <object_component_ref idref="oc-1bb"/>
      </symbol>
      <symbol id="sm-3e1">
         <name>FPUEnable</name>
         <value>0x2419</value>
         <object_component_ref idref="oc-1b5"/>
      </symbol>
      <symbol id="sm-43b">
         <name>GPIOPinConfigure</name>
         <value>0x1f49</value>
         <object_component_ref idref="oc-314"/>
      </symbol>
      <symbol id="sm-43c">
         <name>GPIOPinTypeADC</name>
         <value>0x23c1</value>
         <object_component_ref idref="oc-d1"/>
      </symbol>
      <symbol id="sm-43d">
         <name>GPIOPinTypeGPIOInput</name>
         <value>0x23d3</value>
         <object_component_ref idref="oc-c5"/>
      </symbol>
      <symbol id="sm-43e">
         <name>GPIOPinTypeGPIOOutput</name>
         <value>0x2393</value>
         <object_component_ref idref="oc-31a"/>
      </symbol>
      <symbol id="sm-43f">
         <name>GPIOPinRead</name>
         <value>0x24eb</value>
         <object_component_ref idref="oc-10a"/>
      </symbol>
      <symbol id="sm-440">
         <name>GPIODirModeSet</name>
         <value>0x2259</value>
         <object_component_ref idref="oc-183"/>
      </symbol>
      <symbol id="sm-441">
         <name>GPIOPinWrite</name>
         <value>0x24f1</value>
         <object_component_ref idref="oc-2fc"/>
      </symbol>
      <symbol id="sm-442">
         <name>GPIOPadConfigSet</name>
         <value>0x16df</value>
         <object_component_ref idref="oc-cb"/>
      </symbol>
      <symbol id="sm-443">
         <name>GPIOPinTypeSSI</name>
         <value>0x23e5</value>
         <object_component_ref idref="oc-30e"/>
      </symbol>
      <symbol id="sm-48d">
         <name>IntPrioritySet</name>
         <value>0x22a9</value>
         <object_component_ref idref="oc-b9"/>
      </symbol>
      <symbol id="sm-48e">
         <name>IntEnable</name>
         <value>0x1d19</value>
         <object_component_ref idref="oc-bf"/>
      </symbol>
      <symbol id="sm-48f">
         <name>IntMasterDisable</name>
         <value>0x2439</value>
         <object_component_ref idref="oc-1af"/>
      </symbol>
      <symbol id="sm-490">
         <name>IntMasterEnable</name>
         <value>0x2449</value>
         <object_component_ref idref="oc-1df"/>
      </symbol>
      <symbol id="sm-4b7">
         <name>SSIDataPut</name>
         <value>0x24bf</value>
         <object_component_ref idref="oc-2f0"/>
      </symbol>
      <symbol id="sm-4b8">
         <name>SSIConfigSetExpClk</name>
         <value>0x20e7</value>
         <object_component_ref idref="oc-302"/>
      </symbol>
      <symbol id="sm-4b9">
         <name>SSIEnable</name>
         <value>0x24c9</value>
         <object_component_ref idref="oc-308"/>
      </symbol>
      <symbol id="sm-4ba">
         <name>SSIBusy</name>
         <value>0x24db</value>
         <object_component_ref idref="oc-2f6"/>
      </symbol>
      <symbol id="sm-52a">
         <name>SysCtlDelay</name>
         <value>0x24fd</value>
         <object_component_ref idref="oc-27c"/>
      </symbol>
      <symbol id="sm-52b">
         <name>SysCtlPeripheralEnable</name>
         <value>0x2195</value>
         <object_component_ref idref="oc-92"/>
      </symbol>
      <symbol id="sm-52c">
         <name>SysCtlClockFreqSet</name>
         <value>0x1359</value>
         <object_component_ref idref="oc-1c1"/>
      </symbol>
      <symbol id="sm-579">
         <name>TimerLoadSet</name>
         <value>0x23f7</value>
         <object_component_ref idref="oc-a7"/>
      </symbol>
      <symbol id="sm-57a">
         <name>TimerDisable</name>
         <value>0x23ad</value>
         <object_component_ref idref="oc-98"/>
      </symbol>
      <symbol id="sm-57b">
         <name>TimerEnable</name>
         <value>0x2475</value>
         <object_component_ref idref="oc-b3"/>
      </symbol>
      <symbol id="sm-57c">
         <name>TimerControlTrigger</name>
         <value>0x1ea5</value>
         <object_component_ref idref="oc-fb"/>
      </symbol>
      <symbol id="sm-57d">
         <name>TimerIntEnable</name>
         <value>0x24e3</value>
         <object_component_ref idref="oc-ad"/>
      </symbol>
      <symbol id="sm-57e">
         <name>TimerConfigure</name>
         <value>0x1de9</value>
         <object_component_ref idref="oc-9e"/>
      </symbol>
      <symbol id="sm-57f">
         <name>TimerIntClear</name>
         <value>0x155d</value>
         <object_component_ref idref="oc-104"/>
      </symbol>
      <symbol id="sm-591">
         <name>CPUcpsie</name>
         <value>0x249d</value>
         <object_component_ref idref="oc-2a2"/>
      </symbol>
      <symbol id="sm-592">
         <name>CPUcpsid</name>
         <value>0x2491</value>
         <object_component_ref idref="oc-253"/>
      </symbol>
      <symbol id="sm-593">
         <name>__TI_static_base__</name>
         <value>0x0</value>
      </symbol>
      <symbol id="sm-596">
         <name>__mpu_init</name>
         <value>0x0</value>
      </symbol>
      <symbol id="sm-597">
         <name>_system_post_cinit</name>
         <value>0x0</value>
      </symbol>
   </symbol_table>
   <title>Link successful</title>
</link_info>
