******************************************************************************
                  TI ARM Linker PC v18.1.2                     
******************************************************************************
>> Linked Mon Mar 18 16:28:02 2019

OUTPUT FILE NAME:   <ece3849_lab0_skalimani_cmandile.out>
ENTRY POINT SYMBOL: "_c_int00_noargs"  address: 0000366d


MEMORY CONFIGURATION

         name            origin    length      used     unused   attr    fill
----------------------  --------  ---------  --------  --------  ----  --------
  FLASH                 00000000   00100000  00004368  000fbc98  R  X
  SRAM                  20000000   00040000  00008866  0003779a  RW X


SEGMENT ALLOCATION MAP

run origin  load origin   length   init length attrs members
----------  ----------- ---------- ----------- ----- -------
00000000    00000000    00004368   00004368    r-x
  00000000    00000000    00000208   00000208    r-- .intvecs
  00000208    00000208    000038cc   000038cc    r-x .text
  00003ad4    00003ad4    0000085c   0000085c    r-- .const
  00004330    00004330    00000038   00000038    r-- .cinit
20000000    20000000    0000886a   00000000    rw-
  20000000    20000000    0000803c   00000000    rw- .data
  20008040    20008040    00000800   00000000    rw- .stack
  20008840    20008840    0000002a   00000000    rw- .bss


SECTION ALLOCATION MAP

 output                                  attributes/
section   page    origin      length       input sections
--------  ----  ----------  ----------   ----------------
.intvecs   0    00000000    00000208     
                  00000000    00000208     tm4c1294ncpdt_startup_ccs.obj (.intvecs)

.text      0    00000208    000038cc     
                  00000208    00000a5e     rtsv7M4_T_le_v4SPD16_eabi.lib : _printfi.c.obj (.text:__TI_printfi)
                  00000c66    00000002                                   : div0.asm.obj (.text)
                  00000c68    0000049c     buttons.obj (.text)
                  00001104    00000004     driverlib.lib : timer.obj (.text:TimerIntClear)
                  00001108    000003f0     Crystalfontz128x128_ST7735.obj (.text)
                  000014f8    00000298     main.obj (.text)
                  00001790    00000270     rtsv7M4_T_le_v4SPD16_eabi.lib : _printfi.c.obj (.text:_pconv_a)
                  00001a00    00000256     grlib.lib : string.obj (.text:GrFontGlyphRender)
                  00001c56    00000002     --HOLE-- [fill = 0]
                  00001c58    00000204     driverlib.lib : sysctl.obj (.text:SysCtlClockFreqSet)
                  00001e5c    000001d0     rtsv7M4_T_le_v4SPD16_eabi.lib : _printfi.c.obj (.text:_pconv_g)
                  0000202c    000001b6                                   : fd_add_t2.asm.obj (.text)
                  000021e2    00000006     driverlib.lib : gpio.obj (.text:GPIOPinRead)
                  000021e8    0000017e     HAL_EK_TM4C1294XL_Crystalfontz128x128_ST7735.obj (.text)
                  00002366    00000002     --HOLE-- [fill = 0]
                  00002368    0000013c     rtsv7M4_T_le_v4SPD16_eabi.lib : _printfi.c.obj (.text:_pconv_e)
                  000024a4    00000136                                   : fd_div_t2.asm.obj (.text)
                  000025da    00000130     driverlib.lib : gpio.obj (.text:GPIOPadConfigSet)
                  0000270a    00000002     --HOLE-- [fill = 0]
                  0000270c    00000120     rtsv7M4_T_le_v4SPD16_eabi.lib : _printfi.c.obj (.text:fcvt)
                  0000282c    00000110                                   : s_scalbn.c.obj (.text:scalbn)
                  0000293c    000000fc                                   : fd_mul_t2.asm.obj (.text)
                  00002a38    000000c4     grlib.lib : string.obj (.text:GrDefaultStringRenderer)
                  00002afc    000000b1     rtsv7M4_T_le_v4SPD16_eabi.lib : _printfi.c.obj (.text:_ltostr)
                  00002bad    00000001     --HOLE-- [fill = 0]
                  00002bae    0000009c                                   : memcpy_t2.asm.obj (.text)
                  00002c4a    00000096                                   : ull_div_t2.asm.obj (.text)
                  00002ce0    00000086     grlib.lib : rectangle.obj (.text:GrRectFill)
                  00002d66    00000086     rtsv7M4_T_le_v4SPD16_eabi.lib : fd_cmp_t2.asm.obj (.text:__aeabi_cdcmple)
                  00002dec    00000086                                   : fd_cmp_t2.asm.obj (.text:__aeabi_cdrcmple)
                  00002e72    0000007a     driverlib.lib : adc.obj (.text:ADCSequenceStepConfigure)
                  00002eec    0000007a     rtsv7M4_T_le_v4SPD16_eabi.lib : memset_t2.asm.obj (.text)
                  00002f66    0000006e                                   : _printfi.c.obj (.text:_mcpy)
                  00002fd4    00000068     grlib.lib : context.obj (.text:GrContextInit)
                  0000303c    00000068     driverlib.lib : interrupt.obj (.text:IntEnable)
                  000030a4    00000068     rtsv7M4_T_le_v4SPD16_eabi.lib : copy_decompress_lzss.c.obj (.text:decompress:lzss:__TI_decompress_lzss)
                  0000310c    00000064                                   : s_frexp.c.obj (.text:frexp)
                  00003170    00000060     driverlib.lib : timer.obj (.text:TimerConfigure)
                  000031d0    0000005a     grlib.lib : string.obj (.text:FontWideGlyphDataGet)
                  0000322a    00000056     rtsv7M4_T_le_v4SPD16_eabi.lib : _printfi.c.obj (.text:_pconv_f)
                  00003280    00000054                                   : ltoa.c.obj (.text:ltoa)
                  000032d4    00000052                                   : _printfi.c.obj (.text:_ecpy)
                  00003326    00000002     --HOLE-- [fill = 0]
                  00003328    0000004c                                   : atoi.c.obj (.text:atoi)
                  00003374    0000004c                                   : snprintf.c.obj (.text:snprintf)
                  000033c0    0000004a     grlib.lib : string.obj (.text:UpdateContextCharMapping)
                  0000340a    00000006     driverlib.lib : gpio.obj (.text:GPIOPinWrite)
                  00003410    0000004a     sysctl_pll.obj (.text)
                  0000345a    00000002     --HOLE-- [fill = 0]
                  0000345c    00000048     driverlib.lib : gpio.obj (.text:GPIOPinConfigure)
                  000034a4    00000048                   : sysctl.obj (.text:_SysCtlFrequencyGet)
                  000034ec    00000048     rtsv7M4_T_le_v4SPD16_eabi.lib : fd_toi_t2.asm.obj (.text)
                  00003534    00000044                                   : autoinit.c.obj (.text:__TI_auto_init_nobinit_nopinit:__TI_auto_init_nobinit_nopinit)
                  00003578    0000003e     driverlib.lib : adc.obj (.text:ADCSequenceConfigure)
                  000035b6    0000003e     rtsv7M4_T_le_v4SPD16_eabi.lib : _printfi.c.obj (.text:_fcpy)
                  000035f4    0000003c     driverlib.lib : ssi.obj (.text:SSIConfigSetExpClk)
                  00003630    0000003a     grlib.lib : string.obj (.text:FontGlyphDataGet)
                  0000366a    00000002     --HOLE-- [fill = 0]
                  0000366c    00000038     rtsv7M4_T_le_v4SPD16_eabi.lib : boot_cortex_m.c.obj (.text:_c_int00_noargs:_c_int00_noargs)
                  000036a4    00000034     driverlib.lib : sysctl.obj (.text:SysCtlPeripheralEnable)
                  000036d8    00000030     rtsv7M4_T_le_v4SPD16_eabi.lib : snprintf.c.obj (.text:_outs)
                  00003708    0000002e     driverlib.lib : adc.obj (.text:ADCIntStatus)
                  00003736    0000002e     grlib.lib : string.obj (.text:GrStringNextCharGet)
                  00003764    0000002e     rtsv7M4_T_le_v4SPD16_eabi.lib : i_tofd_t2.asm.obj (.text)
                  00003792    0000002a     driverlib.lib : gpio.obj (.text:GPIODirModeSet)
                  000037bc    00000026     grlib.lib : string.obj (.text:GrFontInfoGet)
                  000037e2    00000002     --HOLE-- [fill = 0]
                  000037e4    00000024     driverlib.lib : interrupt.obj (.text:IntPrioritySet)
                  00003808    00000022     grlib.lib : string.obj (.text:GrFontGlyphDataGet)
                  0000382a    0000001e     driverlib.lib : adc.obj (.text:ADCSequenceDataGet)
                  00003848    0000001e     grlib.lib : string.obj (.text:GrFontCodepageGet)
                  00003866    00000002     --HOLE-- [fill = 0]
                  00003868    0000001c     driverlib.lib : sysctl.obj (.text:_SysCtlMemTimingGet)
                  00003884    0000001c     rtsv7M4_T_le_v4SPD16_eabi.lib : memccpy.c.obj (.text:memccpy)
                  000038a0    0000001a     tm4c1294ncpdt_startup_ccs.obj (.text)
                  000038ba    00000018     driverlib.lib : adc.obj (.text:ADCClockConfigSet)
                  000038d2    00000018                   : adc.obj (.text:ADCProcessorTrigger)
                  000038ea    00000018                   : gpio.obj (.text:GPIOPinTypeGPIOOutput)
                  00003902    00000018     rtsv7M4_T_le_v4SPD16_eabi.lib : snprintf.c.obj (.text:_outc)
                  0000391a    00000016     grlib.lib : string.obj (.text:GrStringDraw)
                  00003930    00000016     rtsv7M4_T_le_v4SPD16_eabi.lib : strchr.c.obj (.text:strchr)
                  00003946    00000002     --HOLE-- [fill = 0]
                  00003948    00000014     driverlib.lib : timer.obj (.text:TimerDisable)
                  0000395c    00000014     rtsv7M4_T_le_v4SPD16_eabi.lib : s_copysign.c.obj (.text:copysign)
                  00003970    00000014                                   : strlen.c.obj (.text:strlen)
                  00003984    00000012     driverlib.lib : gpio.obj (.text:GPIOPinTypeADC)
                  00003996    00000012                   : gpio.obj (.text:GPIOPinTypeGPIOInput)
                  000039a8    00000012                   : gpio.obj (.text:GPIOPinTypeSSI)
                  000039ba    00000012                   : timer.obj (.text:TimerLoadSet)
                  000039cc    00000012     rtsv7M4_T_le_v4SPD16_eabi.lib : copy_zero_init.c.obj (.text:decompress:ZI:__TI_zero_init_nomemset:__TI_zero_init_nomemset)
                  000039de    00000012                                   : wcslen.c.obj (.text:wcslen)
                  000039f0    00000010     driverlib.lib : fpu.obj (.text:FPUEnable)
                  00003a00    00000010                   : fpu.obj (.text:FPULazyStackingEnable)
                  00003a10    00000010                   : interrupt.obj (.text:IntMasterDisable)
                  00003a20    00000010                   : interrupt.obj (.text:IntMasterEnable)
                  00003a30    0000000e                   : adc.obj (.text:ADCSequenceDisable)
                  00003a3e    0000000e                   : adc.obj (.text:ADCSequenceEnable)
                  00003a4c    0000000e                   : timer.obj (.text:TimerEnable)
                  00003a5a    0000000e     rtsv7M4_T_le_v4SPD16_eabi.lib : copy_decompress_none.c.obj (.text:decompress:none:__TI_decompress_none)
                  00003a68    0000000c     driverlib.lib : cpu.obj (.text:CPUcpsid)
                  00003a74    0000000c                   : cpu.obj (.text:CPUcpsie)
                  00003a80    0000000a                   : adc.obj (.text:ADCIntClear)
                  00003a8a    0000000a                   : ssi.obj (.text:SSIDataPut)
                  00003a94    0000000a                   : ssi.obj (.text:SSIEnable)
                  00003a9e    00000008     grlib.lib : charmap.obj (.text:GrMapISO8859_1_Unicode)
                  00003aa6    00000008     driverlib.lib : ssi.obj (.text:SSIBusy)
                  00003aae    00000008                   : timer.obj (.text:TimerIntEnable)
                  00003ab6    00000002     --HOLE-- [fill = 0]
                  00003ab8    00000008     rtsv7M4_T_le_v4SPD16_eabi.lib : errno.c.obj (.text:__aeabi_errno_addr)
                  00003ac0    00000006     grlib.lib : string.obj (.text:GrContextFontSet)
                  00003ac6    00000006     driverlib.lib : sysctl.obj (.text:SysCtlDelay)
                  00003acc    00000004     rtsv7M4_T_le_v4SPD16_eabi.lib : pre_init.c.obj (.text:_system_pre_init)
                  00003ad0    00000004                                   : exit.c.obj (.text:abort:abort)

.const     0    00003ad4    0000085c     
                  00003ad4    000002f8     grlib.lib : fontfixed6x8.obj (.const:.string:g_pui8FontFixed6x8Data)
                  00003dcc    00000120     driverlib.lib : sysctl.obj (.const:g_pppui32XTALtoVCO)
                  00003eec    00000101     rtsv7M4_T_le_v4SPD16_eabi.lib : ctype.c.obj (.const:.string:_ctypes_)
                  00003fed    00000003     --HOLE-- [fill = 0]
                  00003ff0    000000c8     grlib.lib : fontfixed6x8.obj (.const:g_sFontFixed6x8)
                  000040b8    0000009c     driverlib.lib : interrupt.obj (.const:g_pui32Regs)
                  00004154    00000090                   : gpio.obj (.const:g_pui32GPIOBaseAddrs)
                  000041e4    00000070                   : interrupt.obj (.const)
                  00004254    0000006c                   : sysctl.obj (.const:g_pui32Xtals)
                  000042c0    00000030                   : sysctl.obj (.const:g_sXTALtoMEMTIM)
                  000042f0    00000028     Crystalfontz128x128_ST7735.obj (.const:g_sCrystalfontz128x128)
                  00004318    00000010     grlib.lib : context.obj (.const)
                  00004328    00000008     driverlib.lib : sysctl.obj (.const)

.cinit     0    00004330    00000038     
                  00004330    00000014     (.cinit..data.load) [load image, compression = lzss]
                  00004344    0000000c     (__TI_handler_table)
                  00004350    00000008     (.cinit..bss.load) [load image, compression = zero_init]
                  00004358    00000010     (__TI_cinit_table)

.init_array 
*          0    00000000    00000000     UNINITIALIZED

.data      0    20000000    0000803c     UNINITIALIZED
                  20000000    00008000     Crystalfontz128x128_ST7735.obj (.data:Lcd_buffer)
                  20008000    00000024     buttons.obj (.data:count$2)
                  20008024    00000008     buttons.obj (.data:gJoystick)
                  2000802c    00000006     buttons.obj (.data)
                  20008032    00000002     --HOLE--
                  20008034    00000004     main.obj (.data)
                  20008038    00000004     rtsv7M4_T_le_v4SPD16_eabi.lib : errno.c.obj (.data)

.bss       0    20008840    0000002a     UNINITIALIZED
                  20008840    00000014     buttons.obj (.bss:state$1)
                  20008854    00000004     (.common:gADCSamplingRate)
                  20008858    00000004     (.common:gSystemClock)
                  2000885c    00000004     (.common:g_psGrLibDefaults)
                  20008860    00000002     (.common:Lcd_ScreenHeigth)
                  20008862    00000002     (.common:Lcd_ScreenWidth)
                  20008864    00000002     (.common:Lcd_TouchTrim)
                  20008866    00000001     (.common:Lcd_FlagRead)
                  20008867    00000001     (.common:Lcd_FontSolid)
                  20008868    00000001     (.common:Lcd_Orientation)
                  20008869    00000001     (.common:Lcd_PenSolid)

.stack     0    20008040    00000800     UNINITIALIZED
                  20008040    00000004     rtsv7M4_T_le_v4SPD16_eabi.lib : boot_cortex_m.c.obj (.stack)
                  20008044    000007fc     --HOLE--

MODULE SUMMARY

       Module                                             code    ro data   rw data
       ------                                             ----    -------   -------
    .\
       Crystalfontz128x128_ST7735.obj                     1008    40        32778  
       buttons.obj                                        1180    0         74     
       main.obj                                           664     0         8      
       tm4c1294ncpdt_startup_ccs.obj                      26      520       0      
       HAL_EK_TM4C1294XL_Crystalfontz128x128_ST7735.obj   382     0         0      
       sysctl_pll.obj                                     74      0         0      
    +--+--------------------------------------------------+-------+---------+---------+
       Total:                                             3334    560       32860  
                                                                                   
    C:/ti/tirtos_tivac_2_16_00_08/products/TivaWare_C_Series-2.1.1.71b/driverlib/ccs/Debug/driverlib.lib
       sysctl.obj                                         674     452       0      
       gpio.obj                                           508     144       0      
       interrupt.obj                                      172     268       0      
       adc.obj                                            346     0         0      
       timer.obj                                          160     0         0      
       ssi.obj                                            88      0         0      
       fpu.obj                                            32      0         0      
       cpu.obj                                            24      0         0      
    +--+--------------------------------------------------+-------+---------+---------+
       Total:                                             2004    864       0      
                                                                                   
    C:/ti/tirtos_tivac_2_16_00_08/products/TivaWare_C_Series-2.1.1.71b/grlib/ccs/Debug/grlib.lib
       string.obj                                         1192    0         0      
       fontfixed6x8.obj                                   0       960       0      
       rectangle.obj                                      134     0         0      
       context.obj                                        104     16        4      
       charmap.obj                                        8       0         0      
    +--+--------------------------------------------------+-------+---------+---------+
       Total:                                             1438    976       4      
                                                                                   
    C:\ti\ccsv8\tools\compiler\ti-cgt-arm_18.1.2.LTS\lib\rtsv7M4_T_le_v4SPD16_eabi.lib
       _printfi.c.obj                                     4863    0         0      
       fd_add_t2.asm.obj                                  438     0         0      
       fd_div_t2.asm.obj                                  310     0         0      
       s_scalbn.c.obj                                     272     0         0      
       fd_cmp_t2.asm.obj                                  268     0         0      
       ctype.c.obj                                        0       257       0      
       fd_mul_t2.asm.obj                                  252     0         0      
       memcpy_t2.asm.obj                                  156     0         0      
       ull_div_t2.asm.obj                                 150     0         0      
       snprintf.c.obj                                     148     0         0      
       memset_t2.asm.obj                                  122     0         0      
       copy_decompress_lzss.c.obj                         104     0         0      
       s_frexp.c.obj                                      100     0         0      
       ltoa.c.obj                                         84      0         0      
       atoi.c.obj                                         76      0         0      
       fd_toi_t2.asm.obj                                  72      0         0      
       autoinit.c.obj                                     68      0         0      
       boot_cortex_m.c.obj                                56      0         0      
       i_tofd_t2.asm.obj                                  46      0         0      
       memccpy.c.obj                                      28      0         0      
       strchr.c.obj                                       22      0         0      
       s_copysign.c.obj                                   20      0         0      
       strlen.c.obj                                       20      0         0      
       copy_zero_init.c.obj                               18      0         0      
       wcslen.c.obj                                       18      0         0      
       copy_decompress_none.c.obj                         14      0         0      
       errno.c.obj                                        8       0         4      
       exit.c.obj                                         4       0         0      
       pre_init.c.obj                                     4       0         0      
       div0.asm.obj                                       2       0         0      
    +--+--------------------------------------------------+-------+---------+---------+
       Total:                                             7743    257       4      
                                                                                   
       Stack:                                             0       0         2048   
       Linker Generated:                                  0       56        0      
    +--+--------------------------------------------------+-------+---------+---------+
       Grand Total:                                       14519   2713      34916  


LINKER GENERATED COPY TABLES

__TI_cinit_table @ 00004358 records: 2, size/record: 8, table size: 16
	.data: load addr=00004330, load size=00000014 bytes, run addr=20000000, run size=0000803c bytes, compression=lzss
	.bss: load addr=00004350, load size=00000008 bytes, run addr=20008840, run size=0000002a bytes, compression=zero_init


LINKER GENERATED HANDLER TABLE

__TI_handler_table @ 00004344 records: 3, size/record: 4, table size: 12
	index: 0, handler: __TI_decompress_lzss
	index: 1, handler: __TI_decompress_none
	index: 2, handler: __TI_zero_init


GLOBAL SYMBOLS: SORTED ALPHABETICALLY BY Name 

address   name                              
-------   ----                              
000038bb  ADCClockConfigSet                 
00003a81  ADCIntClear                       
00003709  ADCIntStatus                      
000038d3  ADCProcessorTrigger               
00003579  ADCSequenceConfigure              
0000382b  ADCSequenceDataGet                
00003a31  ADCSequenceDisable                
00003a3f  ADCSequenceEnable                 
00002e73  ADCSequenceStepConfigure          
00000f79  ButtonAutoRepeat                  
00000f09  ButtonDebounce                    
00000ff9  ButtonISR                         
00000d49  ButtonInit                        
00000c69  ButtonReadJoystick                
00003ad1  C$$EXIT                           
00003a69  CPUcpsid                          
00003a75  CPUcpsie                          
00001431  Crystalfontz128x128_Init          
00001151  Crystalfontz128x128_SetDrawFrame  
00001109  Crystalfontz128x128_SetOrientation
000039f1  FPUEnable                         
00003a01  FPULazyStackingEnable             
00003793  GPIODirModeSet                    
000025db  GPIOPadConfigSet                  
0000345d  GPIOPinConfigure                  
000021e3  GPIOPinRead                       
00003985  GPIOPinTypeADC                    
00003997  GPIOPinTypeGPIOInput              
000038eb  GPIOPinTypeGPIOOutput             
000039a9  GPIOPinTypeSSI                    
0000340b  GPIOPinWrite                      
00003ac1  GrContextFontSet                  
00002fd5  GrContextInit                     
00002a39  GrDefaultStringRenderer           
00003849  GrFontCodepageGet                 
00003809  GrFontGlyphDataGet                
00001a01  GrFontGlyphRender                 
000037bd  GrFontInfoGet                     
00003a9f  GrMapISO8859_1_Unicode            
00002ce1  GrRectFill                        
0000391b  GrStringDraw                      
00003737  GrStringNextCharGet               
000022d9  HAL_LCD_PortInit                  
00002249  HAL_LCD_SpiInit                   
000021f9  HAL_LCD_writeCommand              
000021e9  HAL_LCD_writeData                 
0000303d  IntEnable                         
00003a11  IntMasterDisable                  
00003a21  IntMasterEnable                   
000037e5  IntPrioritySet                    
20008866  Lcd_FlagRead                      
20008867  Lcd_FontSolid                     
20008868  Lcd_Orientation                   
20008869  Lcd_PenSolid                      
20008860  Lcd_ScreenHeigth                  
20008862  Lcd_ScreenWidth                   
20008864  Lcd_TouchTrim                     
20000000  Lcd_buffer                        
000038a1  ResetISR                          
00003aa7  SSIBusy                           
000035f5  SSIConfigSetExpClk                
00003a8b  SSIDataPut                        
00003a95  SSIEnable                         
00001c59  SysCtlClockFreqSet                
00003ac7  SysCtlDelay                       
00003411  SysCtlFrequencyGet                
000036a5  SysCtlPeripheralEnable            
00003171  TimerConfigure                    
00003949  TimerDisable                      
00003a4d  TimerEnable                       
00001105  TimerIntClear                     
00003aaf  TimerIntEnable                    
000039bb  TimerLoadSet                      
20008840  __STACK_END                       
00000800  __STACK_SIZE                      
20008240  __STACK_TOP                       
00004358  __TI_CINIT_Base                   
00004368  __TI_CINIT_Limit                  
00004344  __TI_Handler_Table_Base           
00004350  __TI_Handler_Table_Limit          
00003535  __TI_auto_init_nobinit_nopinit    
000030a5  __TI_decompress_lzss              
00003a5b  __TI_decompress_none              
ffffffff  __TI_pprof_out_hndl               
00000209  __TI_printfi                      
ffffffff  __TI_prof_data_size               
ffffffff  __TI_prof_data_start              
00000000  __TI_static_base__                
000039cd  __TI_zero_init_nomemset           
00002d67  __aeabi_cdcmpeq                   
00002d67  __aeabi_cdcmple                   
00002ded  __aeabi_cdrcmple                  
000034ed  __aeabi_d2iz                      
00002037  __aeabi_dadd                      
000024a5  __aeabi_ddiv                      
0000293d  __aeabi_dmul                      
0000202d  __aeabi_dsub                      
00003ab9  __aeabi_errno_addr                
00003765  __aeabi_i2d                       
00000c67  __aeabi_idiv0                     
00000c67  __aeabi_ldiv0                     
00002eed  __aeabi_memclr                    
00002eed  __aeabi_memclr4                   
00002eed  __aeabi_memclr8                   
00002baf  __aeabi_memcpy                    
00002baf  __aeabi_memcpy4                   
00002baf  __aeabi_memcpy8                   
00002eef  __aeabi_memset                    
00002eef  __aeabi_memset4                   
00002eef  __aeabi_memset8                   
00002c4b  __aeabi_uldivmod                  
ffffffff  __binit__                         
ffffffff  __c_args__                        
UNDEFED   __mpu_init                        
20008040  __stack                           
0000366d  _c_int00_noargs                   
00003eec  _ctypes_                          
UNDEFED   _system_post_cinit                
00003acd  _system_pre_init                  
00003ad1  abort                             
00003329  atoi                              
ffffffff  binit                             
0000395d  copysign                          
0000395d  copysignl                         
20008038  errno                             
0000310d  frexp                             
0000310d  frexpl                            
20008854  gADCSamplingRate                  
2000802c  gButtons                          
20008024  gJoystick                         
20008858  gSystemClock                      
20008034  gTime                             
00000000  g_pfnVectors                      
00004318  g_psDefaultCodePointMapTable      
000042f0  g_sCrystalfontz128x128            
00003ff0  g_sFontFixed6x8                   
0000282d  ldexp                             
0000282d  ldexpl                            
00003281  ltoa                              
000014f9  main                              
00003885  memccpy                           
00002baf  memcpy                            
00002ef5  memset                            
0000282d  scalbn                            
0000282d  scalbnl                           
00003375  snprintf                          
00003931  strchr                            
00003971  strlen                            
000039df  wcslen                            


GLOBAL SYMBOLS: SORTED BY Symbol Address 

address   name                              
-------   ----                              
00000000  __TI_static_base__                
00000000  g_pfnVectors                      
00000209  __TI_printfi                      
00000800  __STACK_SIZE                      
00000c67  __aeabi_idiv0                     
00000c67  __aeabi_ldiv0                     
00000c69  ButtonReadJoystick                
00000d49  ButtonInit                        
00000f09  ButtonDebounce                    
00000f79  ButtonAutoRepeat                  
00000ff9  ButtonISR                         
00001105  TimerIntClear                     
00001109  Crystalfontz128x128_SetOrientation
00001151  Crystalfontz128x128_SetDrawFrame  
00001431  Crystalfontz128x128_Init          
000014f9  main                              
00001a01  GrFontGlyphRender                 
00001c59  SysCtlClockFreqSet                
0000202d  __aeabi_dsub                      
00002037  __aeabi_dadd                      
000021e3  GPIOPinRead                       
000021e9  HAL_LCD_writeData                 
000021f9  HAL_LCD_writeCommand              
00002249  HAL_LCD_SpiInit                   
000022d9  HAL_LCD_PortInit                  
000024a5  __aeabi_ddiv                      
000025db  GPIOPadConfigSet                  
0000282d  ldexp                             
0000282d  ldexpl                            
0000282d  scalbn                            
0000282d  scalbnl                           
0000293d  __aeabi_dmul                      
00002a39  GrDefaultStringRenderer           
00002baf  __aeabi_memcpy                    
00002baf  __aeabi_memcpy4                   
00002baf  __aeabi_memcpy8                   
00002baf  memcpy                            
00002c4b  __aeabi_uldivmod                  
00002ce1  GrRectFill                        
00002d67  __aeabi_cdcmpeq                   
00002d67  __aeabi_cdcmple                   
00002ded  __aeabi_cdrcmple                  
00002e73  ADCSequenceStepConfigure          
00002eed  __aeabi_memclr                    
00002eed  __aeabi_memclr4                   
00002eed  __aeabi_memclr8                   
00002eef  __aeabi_memset                    
00002eef  __aeabi_memset4                   
00002eef  __aeabi_memset8                   
00002ef5  memset                            
00002fd5  GrContextInit                     
0000303d  IntEnable                         
000030a5  __TI_decompress_lzss              
0000310d  frexp                             
0000310d  frexpl                            
00003171  TimerConfigure                    
00003281  ltoa                              
00003329  atoi                              
00003375  snprintf                          
0000340b  GPIOPinWrite                      
00003411  SysCtlFrequencyGet                
0000345d  GPIOPinConfigure                  
000034ed  __aeabi_d2iz                      
00003535  __TI_auto_init_nobinit_nopinit    
00003579  ADCSequenceConfigure              
000035f5  SSIConfigSetExpClk                
0000366d  _c_int00_noargs                   
000036a5  SysCtlPeripheralEnable            
00003709  ADCIntStatus                      
00003737  GrStringNextCharGet               
00003765  __aeabi_i2d                       
00003793  GPIODirModeSet                    
000037bd  GrFontInfoGet                     
000037e5  IntPrioritySet                    
00003809  GrFontGlyphDataGet                
0000382b  ADCSequenceDataGet                
00003849  GrFontCodepageGet                 
00003885  memccpy                           
000038a1  ResetISR                          
000038bb  ADCClockConfigSet                 
000038d3  ADCProcessorTrigger               
000038eb  GPIOPinTypeGPIOOutput             
0000391b  GrStringDraw                      
00003931  strchr                            
00003949  TimerDisable                      
0000395d  copysign                          
0000395d  copysignl                         
00003971  strlen                            
00003985  GPIOPinTypeADC                    
00003997  GPIOPinTypeGPIOInput              
000039a9  GPIOPinTypeSSI                    
000039bb  TimerLoadSet                      
000039cd  __TI_zero_init_nomemset           
000039df  wcslen                            
000039f1  FPUEnable                         
00003a01  FPULazyStackingEnable             
00003a11  IntMasterDisable                  
00003a21  IntMasterEnable                   
00003a31  ADCSequenceDisable                
00003a3f  ADCSequenceEnable                 
00003a4d  TimerEnable                       
00003a5b  __TI_decompress_none              
00003a69  CPUcpsid                          
00003a75  CPUcpsie                          
00003a81  ADCIntClear                       
00003a8b  SSIDataPut                        
00003a95  SSIEnable                         
00003a9f  GrMapISO8859_1_Unicode            
00003aa7  SSIBusy                           
00003aaf  TimerIntEnable                    
00003ab9  __aeabi_errno_addr                
00003ac1  GrContextFontSet                  
00003ac7  SysCtlDelay                       
00003acd  _system_pre_init                  
00003ad1  C$$EXIT                           
00003ad1  abort                             
00003eec  _ctypes_                          
00003ff0  g_sFontFixed6x8                   
000042f0  g_sCrystalfontz128x128            
00004318  g_psDefaultCodePointMapTable      
00004344  __TI_Handler_Table_Base           
00004350  __TI_Handler_Table_Limit          
00004358  __TI_CINIT_Base                   
00004368  __TI_CINIT_Limit                  
20000000  Lcd_buffer                        
20008024  gJoystick                         
2000802c  gButtons                          
20008034  gTime                             
20008038  errno                             
20008040  __stack                           
20008240  __STACK_TOP                       
20008840  __STACK_END                       
20008854  gADCSamplingRate                  
20008858  gSystemClock                      
20008860  Lcd_ScreenHeigth                  
20008862  Lcd_ScreenWidth                   
20008864  Lcd_TouchTrim                     
20008866  Lcd_FlagRead                      
20008867  Lcd_FontSolid                     
20008868  Lcd_Orientation                   
20008869  Lcd_PenSolid                      
ffffffff  __TI_pprof_out_hndl               
ffffffff  __TI_prof_data_size               
ffffffff  __TI_prof_data_start              
ffffffff  __binit__                         
ffffffff  __c_args__                        
ffffffff  binit                             
UNDEFED   __mpu_init                        
UNDEFED   _system_post_cinit                

[149 symbols]
