******************************************************************************
                  TI ARM Linker PC v18.1.2                     
******************************************************************************
>> Linked Sat Mar 23 18:53:11 2019

OUTPUT FILE NAME:   <ece3849_lab1_skalimani_cradlermandile2.out>
ENTRY POINT SYMBOL: "_c_int00_noargs"  address: 0000384d


MEMORY CONFIGURATION

         name            origin    length      used     unused   attr    fill
----------------------  --------  ---------  --------  --------  ----  --------
  FLASH                 00000000   00100000  0000455c  000fbaa4  R  X
  SRAM                  20000000   00040000  00009982  0003667e  RW X


SEGMENT ALLOCATION MAP

run origin  load origin   length   init length attrs members
----------  ----------- ---------- ----------- ----- -------
00000000    00000000    00004560   00004560    r-x
  00000000    00000000    00000208   00000208    r-- .intvecs
  00000208    00000208    00003ab8   00003ab8    r-x .text
  00003cc0    00003cc0    0000085c   0000085c    r-- .const
  00004520    00004520    00000040   00000040    r-- .cinit
20000000    20000000    00009988   00000000    rw-
  20000000    20000000    00008040   00000000    rw- .data
  20008040    20008040    00001142   00000000    rw- .bss
  20009188    20009188    00000800   00000000    rw- .stack


SECTION ALLOCATION MAP

 output                                  attributes/
section   page    origin      length       input sections
--------  ----  ----------  ----------   ----------------
.intvecs   0    00000000    00000208     
                  00000000    00000208     tm4c1294ncpdt_startup_ccs.obj (.intvecs)

.text      0    00000208    00003ab8     
                  00000208    00000a5e     rtsv7M4_T_le_v4SPD16_eabi.lib : _printfi.c.obj (.text:__TI_printfi)
                  00000c66    00000002                                   : div0.asm.obj (.text)
                  00000c68    0000067c     buttons.obj (.text)
                  000012e4    00000004     driverlib.lib : timer.obj (.text:TimerIntClear)
                  000012e8    000003f0     Crystalfontz128x128_ST7735.obj (.text)
                  000016d8    00000298     main.obj (.text)
                  00001970    00000270     rtsv7M4_T_le_v4SPD16_eabi.lib : _printfi.c.obj (.text:_pconv_a)
                  00001be0    00000256     grlib.lib : string.obj (.text:GrFontGlyphRender)
                  00001e36    00000002     --HOLE-- [fill = 0]
                  00001e38    00000204     driverlib.lib : sysctl.obj (.text:SysCtlClockFreqSet)
                  0000203c    000001d0     rtsv7M4_T_le_v4SPD16_eabi.lib : _printfi.c.obj (.text:_pconv_g)
                  0000220c    000001b6                                   : fd_add_t2.asm.obj (.text)
                  000023c2    00000006     driverlib.lib : gpio.obj (.text:GPIOPinRead)
                  000023c8    0000017e     HAL_EK_TM4C1294XL_Crystalfontz128x128_ST7735.obj (.text)
                  00002546    00000002     --HOLE-- [fill = 0]
                  00002548    0000013c     rtsv7M4_T_le_v4SPD16_eabi.lib : _printfi.c.obj (.text:_pconv_e)
                  00002684    00000136                                   : fd_div_t2.asm.obj (.text)
                  000027ba    00000130     driverlib.lib : gpio.obj (.text:GPIOPadConfigSet)
                  000028ea    00000002     --HOLE-- [fill = 0]
                  000028ec    00000120     rtsv7M4_T_le_v4SPD16_eabi.lib : _printfi.c.obj (.text:fcvt)
                  00002a0c    00000110                                   : s_scalbn.c.obj (.text:scalbn)
                  00002b1c    000000fc                                   : fd_mul_t2.asm.obj (.text)
                  00002c18    000000c4     grlib.lib : string.obj (.text:GrDefaultStringRenderer)
                  00002cdc    000000b1     rtsv7M4_T_le_v4SPD16_eabi.lib : _printfi.c.obj (.text:_ltostr)
                  00002d8d    00000001     --HOLE-- [fill = 0]
                  00002d8e    0000009c                                   : memcpy_t2.asm.obj (.text)
                  00002e2a    00000096                                   : ull_div_t2.asm.obj (.text)
                  00002ec0    00000086     grlib.lib : rectangle.obj (.text:GrRectFill)
                  00002f46    00000086     rtsv7M4_T_le_v4SPD16_eabi.lib : fd_cmp_t2.asm.obj (.text:__aeabi_cdcmple)
                  00002fcc    00000086                                   : fd_cmp_t2.asm.obj (.text:__aeabi_cdrcmple)
                  00003052    0000007a     driverlib.lib : adc.obj (.text:ADCSequenceStepConfigure)
                  000030cc    0000007a     rtsv7M4_T_le_v4SPD16_eabi.lib : memset_t2.asm.obj (.text)
                  00003146    0000006e                                   : _printfi.c.obj (.text:_mcpy)
                  000031b4    00000068     grlib.lib : context.obj (.text:GrContextInit)
                  0000321c    00000068     driverlib.lib : interrupt.obj (.text:IntEnable)
                  00003284    00000068     rtsv7M4_T_le_v4SPD16_eabi.lib : copy_decompress_lzss.c.obj (.text:decompress:lzss:__TI_decompress_lzss)
                  000032ec    00000064                                   : s_frexp.c.obj (.text:frexp)
                  00003350    00000060     driverlib.lib : timer.obj (.text:TimerConfigure)
                  000033b0    0000005a     grlib.lib : string.obj (.text:FontWideGlyphDataGet)
                  0000340a    00000056     rtsv7M4_T_le_v4SPD16_eabi.lib : _printfi.c.obj (.text:_pconv_f)
                  00003460    00000054                                   : ltoa.c.obj (.text:ltoa)
                  000034b4    00000052                                   : _printfi.c.obj (.text:_ecpy)
                  00003506    00000002     --HOLE-- [fill = 0]
                  00003508    0000004c                                   : atoi.c.obj (.text:atoi)
                  00003554    0000004c                                   : snprintf.c.obj (.text:snprintf)
                  000035a0    0000004a     grlib.lib : string.obj (.text:UpdateContextCharMapping)
                  000035ea    00000006     driverlib.lib : gpio.obj (.text:GPIOPinWrite)
                  000035f0    0000004a     sysctl_pll.obj (.text)
                  0000363a    00000002     --HOLE-- [fill = 0]
                  0000363c    00000048     driverlib.lib : gpio.obj (.text:GPIOPinConfigure)
                  00003684    00000048                   : sysctl.obj (.text:_SysCtlFrequencyGet)
                  000036cc    00000048     rtsv7M4_T_le_v4SPD16_eabi.lib : fd_toi_t2.asm.obj (.text)
                  00003714    00000044                                   : autoinit.c.obj (.text:__TI_auto_init_nobinit_nopinit:__TI_auto_init_nobinit_nopinit)
                  00003758    0000003e     driverlib.lib : adc.obj (.text:ADCSequenceConfigure)
                  00003796    0000003e     rtsv7M4_T_le_v4SPD16_eabi.lib : _printfi.c.obj (.text:_fcpy)
                  000037d4    0000003c     driverlib.lib : ssi.obj (.text:SSIConfigSetExpClk)
                  00003810    0000003a     grlib.lib : string.obj (.text:FontGlyphDataGet)
                  0000384a    00000002     --HOLE-- [fill = 0]
                  0000384c    00000038     rtsv7M4_T_le_v4SPD16_eabi.lib : boot_cortex_m.c.obj (.text:_c_int00_noargs:_c_int00_noargs)
                  00003884    00000034     driverlib.lib : sysctl.obj (.text:SysCtlPeripheralEnable)
                  000038b8    00000030     rtsv7M4_T_le_v4SPD16_eabi.lib : snprintf.c.obj (.text:_outs)
                  000038e8    0000002e     driverlib.lib : adc.obj (.text:ADCIntStatus)
                  00003916    0000002e     grlib.lib : string.obj (.text:GrStringNextCharGet)
                  00003944    0000002e     rtsv7M4_T_le_v4SPD16_eabi.lib : i_tofd_t2.asm.obj (.text)
                  00003972    0000002a     driverlib.lib : gpio.obj (.text:GPIODirModeSet)
                  0000399c    00000026     grlib.lib : string.obj (.text:GrFontInfoGet)
                  000039c2    00000002     --HOLE-- [fill = 0]
                  000039c4    00000024     driverlib.lib : interrupt.obj (.text:IntPrioritySet)
                  000039e8    00000022     grlib.lib : string.obj (.text:GrFontGlyphDataGet)
                  00003a0a    0000001e     driverlib.lib : adc.obj (.text:ADCSequenceDataGet)
                  00003a28    0000001e     grlib.lib : string.obj (.text:GrFontCodepageGet)
                  00003a46    00000002     --HOLE-- [fill = 0]
                  00003a48    0000001c     driverlib.lib : sysctl.obj (.text:_SysCtlMemTimingGet)
                  00003a64    0000001c     rtsv7M4_T_le_v4SPD16_eabi.lib : memccpy.c.obj (.text:memccpy)
                  00003a80    0000001a     tm4c1294ncpdt_startup_ccs.obj (.text)
                  00003a9a    00000018     driverlib.lib : adc.obj (.text:ADCClockConfigSet)
                  00003ab2    00000018                   : adc.obj (.text:ADCProcessorTrigger)
                  00003aca    00000018                   : gpio.obj (.text:GPIOPinTypeGPIOOutput)
                  00003ae2    00000018     rtsv7M4_T_le_v4SPD16_eabi.lib : snprintf.c.obj (.text:_outc)
                  00003afa    00000016     grlib.lib : string.obj (.text:GrStringDraw)
                  00003b10    00000016     rtsv7M4_T_le_v4SPD16_eabi.lib : strchr.c.obj (.text:strchr)
                  00003b26    00000002     --HOLE-- [fill = 0]
                  00003b28    00000014     driverlib.lib : timer.obj (.text:TimerDisable)
                  00003b3c    00000014     rtsv7M4_T_le_v4SPD16_eabi.lib : s_copysign.c.obj (.text:copysign)
                  00003b50    00000014                                   : strlen.c.obj (.text:strlen)
                  00003b64    00000012     driverlib.lib : gpio.obj (.text:GPIOPinTypeADC)
                  00003b76    00000012                   : gpio.obj (.text:GPIOPinTypeGPIOInput)
                  00003b88    00000012                   : gpio.obj (.text:GPIOPinTypeSSI)
                  00003b9a    00000012                   : timer.obj (.text:TimerLoadSet)
                  00003bac    00000012     rtsv7M4_T_le_v4SPD16_eabi.lib : wcslen.c.obj (.text:wcslen)
                  00003bbe    00000010     driverlib.lib : adc.obj (.text:ADCIntEnable)
                  00003bce    00000002     --HOLE-- [fill = 0]
                  00003bd0    00000010                   : fpu.obj (.text:FPUEnable)
                  00003be0    00000010                   : fpu.obj (.text:FPULazyStackingEnable)
                  00003bf0    00000010                   : interrupt.obj (.text:IntMasterDisable)
                  00003c00    00000010                   : interrupt.obj (.text:IntMasterEnable)
                  00003c10    0000000e                   : adc.obj (.text:ADCSequenceDisable)
                  00003c1e    0000000e                   : adc.obj (.text:ADCSequenceEnable)
                  00003c2c    0000000e                   : timer.obj (.text:TimerEnable)
                  00003c3a    0000000e     rtsv7M4_T_le_v4SPD16_eabi.lib : copy_decompress_none.c.obj (.text:decompress:none:__TI_decompress_none)
                  00003c48    0000000c     driverlib.lib : cpu.obj (.text:CPUcpsid)
                  00003c54    0000000c                   : cpu.obj (.text:CPUcpsie)
                  00003c60    0000000c     rtsv7M4_T_le_v4SPD16_eabi.lib : copy_zero_init.c.obj (.text:decompress:ZI:__TI_zero_init)
                  00003c6c    0000000a     driverlib.lib : adc.obj (.text:ADCIntClear)
                  00003c76    0000000a                   : ssi.obj (.text:SSIDataPut)
                  00003c80    0000000a                   : ssi.obj (.text:SSIEnable)
                  00003c8a    00000008     grlib.lib : charmap.obj (.text:GrMapISO8859_1_Unicode)
                  00003c92    00000008     driverlib.lib : ssi.obj (.text:SSIBusy)
                  00003c9a    00000008                   : timer.obj (.text:TimerIntEnable)
                  00003ca2    00000002     --HOLE-- [fill = 0]
                  00003ca4    00000008     rtsv7M4_T_le_v4SPD16_eabi.lib : errno.c.obj (.text:__aeabi_errno_addr)
                  00003cac    00000006     grlib.lib : string.obj (.text:GrContextFontSet)
                  00003cb2    00000006     driverlib.lib : sysctl.obj (.text:SysCtlDelay)
                  00003cb8    00000004     rtsv7M4_T_le_v4SPD16_eabi.lib : pre_init.c.obj (.text:_system_pre_init)
                  00003cbc    00000004                                   : exit.c.obj (.text:abort:abort)

.const     0    00003cc0    0000085c     
                  00003cc0    000002f8     grlib.lib : fontfixed6x8.obj (.const:.string:g_pui8FontFixed6x8Data)
                  00003fb8    00000120     driverlib.lib : sysctl.obj (.const:g_pppui32XTALtoVCO)
                  000040d8    00000101     rtsv7M4_T_le_v4SPD16_eabi.lib : ctype.c.obj (.const:.string:_ctypes_)
                  000041d9    00000003     --HOLE-- [fill = 0]
                  000041dc    000000c8     grlib.lib : fontfixed6x8.obj (.const:g_sFontFixed6x8)
                  000042a4    0000009c     driverlib.lib : interrupt.obj (.const:g_pui32Regs)
                  00004340    00000090                   : gpio.obj (.const:g_pui32GPIOBaseAddrs)
                  000043d0    00000070                   : interrupt.obj (.const)
                  00004440    0000006c                   : sysctl.obj (.const:g_pui32Xtals)
                  000044ac    00000030                   : sysctl.obj (.const:g_sXTALtoMEMTIM)
                  000044dc    00000028     Crystalfontz128x128_ST7735.obj (.const:g_sCrystalfontz128x128)
                  00004504    00000010     grlib.lib : context.obj (.const)
                  00004514    00000008     driverlib.lib : sysctl.obj (.const)

.cinit     0    00004520    00000040     
                  00004520    00000018     (.cinit..data.load) [load image, compression = lzss]
                  00004538    0000000c     (__TI_handler_table)
                  00004544    00000004     --HOLE-- [fill = 0]
                  00004548    00000008     (.cinit..bss.load) [load image, compression = zero_init]
                  00004550    00000010     (__TI_cinit_table)

.init_array 
*          0    00000000    00000000     UNINITIALIZED

.data      0    20000000    00008040     UNINITIALIZED
                  20000000    00008000     Crystalfontz128x128_ST7735.obj (.data:Lcd_buffer)
                  20008000    00000024     buttons.obj (.data:count$2)
                  20008024    0000000a     buttons.obj (.data)
                  2000802e    00000002     --HOLE--
                  20008030    00000008     buttons.obj (.data:gJoystick)
                  20008038    00000004     main.obj (.data)
                  2000803c    00000004     rtsv7M4_T_le_v4SPD16_eabi.lib : errno.c.obj (.data)

.bss       0    20008040    00001142     UNINITIALIZED
                  20008040    00001000     (.common:gADCBuffer)
                  20009040    00000100     (.common:gWaveformBuffer)
                  20009140    00000014     buttons.obj (.bss:state$1)
                  20009154    0000000c     (.common:triggerBuffer)
                  20009160    00000004     (.common:gADCErrors)
                  20009164    00000004     (.common:gADCSamplingRate)
                  20009168    00000004     (.common:gSystemClock)
                  2000916c    00000004     (.common:g_psGrLibDefaults)
                  20009170    00000004     (.common:temp0)
                  20009174    00000004     (.common:temp1)
                  20009178    00000002     (.common:Lcd_ScreenHeigth)
                  2000917a    00000002     (.common:Lcd_ScreenWidth)
                  2000917c    00000002     (.common:Lcd_TouchTrim)
                  2000917e    00000001     (.common:Lcd_FlagRead)
                  2000917f    00000001     (.common:Lcd_FontSolid)
                  20009180    00000001     (.common:Lcd_Orientation)
                  20009181    00000001     (.common:Lcd_PenSolid)

.stack     0    20009188    00000800     UNINITIALIZED
                  20009188    00000004     rtsv7M4_T_le_v4SPD16_eabi.lib : boot_cortex_m.c.obj (.stack)
                  2000918c    000007fc     --HOLE--

MODULE SUMMARY

       Module                                             code    ro data   rw data
       ------                                             ----    -------   -------
    .\
       Crystalfontz128x128_ST7735.obj                     1008    40        32778  
       buttons.obj                                        1660    0         4454   
       main.obj                                           664     0         8      
       tm4c1294ncpdt_startup_ccs.obj                      26      520       0      
       HAL_EK_TM4C1294XL_Crystalfontz128x128_ST7735.obj   382     0         0      
       sysctl_pll.obj                                     74      0         0      
    +--+--------------------------------------------------+-------+---------+---------+
       Total:                                             3814    560       37240  
                                                                                   
    C:/ti/tirtos_tivac_2_16_00_08/products/TivaWare_C_Series-2.1.1.71b/driverlib/ccs/Debug/driverlib.lib
       sysctl.obj                                         674     452       0      
       gpio.obj                                           508     144       0      
       interrupt.obj                                      172     268       0      
       adc.obj                                            362     0         0      
       timer.obj                                          160     0         0      
       ssi.obj                                            88      0         0      
       fpu.obj                                            32      0         0      
       cpu.obj                                            24      0         0      
    +--+--------------------------------------------------+-------+---------+---------+
       Total:                                             2020    864       0      
                                                                                   
    C:/ti/tirtos_tivac_2_16_00_08/products/TivaWare_C_Series-2.1.1.71b/grlib/ccs/Debug/grlib.lib
       string.obj                                         1192    0         0      
       fontfixed6x8.obj                                   0       960       0      
       rectangle.obj                                      134     0         0      
       context.obj                                        104     16        4      
       charmap.obj                                        8       0         0      
    +--+--------------------------------------------------+-------+---------+---------+
       Total:                                             1438    976       4      
                                                                                   
    C:\ti\ccsv8\tools\compiler\ti-cgt-arm_18.1.2.LTS\lib\rtsv7M4_T_le_v4SPD16_eabi.lib
       _printfi.c.obj                                     4863    0         0      
       fd_add_t2.asm.obj                                  438     0         0      
       fd_div_t2.asm.obj                                  310     0         0      
       s_scalbn.c.obj                                     272     0         0      
       fd_cmp_t2.asm.obj                                  268     0         0      
       ctype.c.obj                                        0       257       0      
       fd_mul_t2.asm.obj                                  252     0         0      
       memcpy_t2.asm.obj                                  156     0         0      
       ull_div_t2.asm.obj                                 150     0         0      
       snprintf.c.obj                                     148     0         0      
       memset_t2.asm.obj                                  122     0         0      
       copy_decompress_lzss.c.obj                         104     0         0      
       s_frexp.c.obj                                      100     0         0      
       ltoa.c.obj                                         84      0         0      
       atoi.c.obj                                         76      0         0      
       fd_toi_t2.asm.obj                                  72      0         0      
       autoinit.c.obj                                     68      0         0      
       boot_cortex_m.c.obj                                56      0         0      
       i_tofd_t2.asm.obj                                  46      0         0      
       memccpy.c.obj                                      28      0         0      
       strchr.c.obj                                       22      0         0      
       s_copysign.c.obj                                   20      0         0      
       strlen.c.obj                                       20      0         0      
       wcslen.c.obj                                       18      0         0      
       copy_decompress_none.c.obj                         14      0         0      
       copy_zero_init.c.obj                               12      0         0      
       errno.c.obj                                        8       0         4      
       exit.c.obj                                         4       0         0      
       pre_init.c.obj                                     4       0         0      
       div0.asm.obj                                       2       0         0      
    +--+--------------------------------------------------+-------+---------+---------+
       Total:                                             7737    257       4      
                                                                                   
       Stack:                                             0       0         2048   
       Linker Generated:                                  0       60        0      
    +--+--------------------------------------------------+-------+---------+---------+
       Grand Total:                                       15009   2717      39296  


LINKER GENERATED COPY TABLES

__TI_cinit_table @ 00004550 records: 2, size/record: 8, table size: 16
	.data: load addr=00004520, load size=00000018 bytes, run addr=20000000, run size=00008040 bytes, compression=lzss
	.bss: load addr=00004548, load size=00000008 bytes, run addr=20008040, run size=00001142 bytes, compression=zero_init


LINKER GENERATED HANDLER TABLE

__TI_handler_table @ 00004538 records: 3, size/record: 4, table size: 12
	index: 0, handler: __TI_decompress_lzss
	index: 1, handler: __TI_decompress_none
	index: 2, handler: __TI_zero_init


GLOBAL SYMBOLS: SORTED ALPHABETICALLY BY Name 

address   name                              
-------   ----                              
00003a9b  ADCClockConfigSet                 
00003c6d  ADCIntClear                       
00003bbf  ADCIntEnable                      
000038e9  ADCIntStatus                      
00003ab3  ADCProcessorTrigger               
00003759  ADCSequenceConfigure              
00003a0b  ADCSequenceDataGet                
00003c11  ADCSequenceDisable                
00003c1f  ADCSequenceEnable                 
00003053  ADCSequenceStepConfigure          
00001251  ADC_ISR                           
000010c1  ButtonAutoRepeat                  
00001051  ButtonDebounce                    
00001141  ButtonISR                         
00000e01  ButtonInit                        
00000d21  ButtonReadJoystick                
00003cbd  C$$EXIT                           
00003c49  CPUcpsid                          
00003c55  CPUcpsie                          
00001611  Crystalfontz128x128_Init          
00001331  Crystalfontz128x128_SetDrawFrame  
000012e9  Crystalfontz128x128_SetOrientation
00003bd1  FPUEnable                         
00003be1  FPULazyStackingEnable             
00003973  GPIODirModeSet                    
000027bb  GPIOPadConfigSet                  
0000363d  GPIOPinConfigure                  
000023c3  GPIOPinRead                       
00003b65  GPIOPinTypeADC                    
00003b77  GPIOPinTypeGPIOInput              
00003acb  GPIOPinTypeGPIOOutput             
00003b89  GPIOPinTypeSSI                    
000035eb  GPIOPinWrite                      
00003cad  GrContextFontSet                  
000031b5  GrContextInit                     
00002c19  GrDefaultStringRenderer           
00003a29  GrFontCodepageGet                 
000039e9  GrFontGlyphDataGet                
00001be1  GrFontGlyphRender                 
0000399d  GrFontInfoGet                     
00003c8b  GrMapISO8859_1_Unicode            
00002ec1  GrRectFill                        
00003afb  GrStringDraw                      
00003917  GrStringNextCharGet               
000024b9  HAL_LCD_PortInit                  
00002429  HAL_LCD_SpiInit                   
000023d9  HAL_LCD_writeCommand              
000023c9  HAL_LCD_writeData                 
0000321d  IntEnable                         
00003bf1  IntMasterDisable                  
00003c01  IntMasterEnable                   
000039c5  IntPrioritySet                    
2000917e  Lcd_FlagRead                      
2000917f  Lcd_FontSolid                     
20009180  Lcd_Orientation                   
20009181  Lcd_PenSolid                      
20009178  Lcd_ScreenHeigth                  
2000917a  Lcd_ScreenWidth                   
2000917c  Lcd_TouchTrim                     
20000000  Lcd_buffer                        
00003a81  ResetISR                          
00003c93  SSIBusy                           
000037d5  SSIConfigSetExpClk                
00003c77  SSIDataPut                        
00003c81  SSIEnable                         
00001e39  SysCtlClockFreqSet                
00003cb3  SysCtlDelay                       
000035f1  SysCtlFrequencyGet                
00003885  SysCtlPeripheralEnable            
00003351  TimerConfigure                    
00003b29  TimerDisable                      
00003c2d  TimerEnable                       
000012e5  TimerIntClear                     
00003c9b  TimerIntEnable                    
00003b9b  TimerLoadSet                      
00000c69  WAVEFORM_ISR                      
20009988  __STACK_END                       
00000800  __STACK_SIZE                      
20009388  __STACK_TOP                       
00004550  __TI_CINIT_Base                   
00004560  __TI_CINIT_Limit                  
00004538  __TI_Handler_Table_Base           
00004544  __TI_Handler_Table_Limit          
00003715  __TI_auto_init_nobinit_nopinit    
00003285  __TI_decompress_lzss              
00003c3b  __TI_decompress_none              
ffffffff  __TI_pprof_out_hndl               
00000209  __TI_printfi                      
ffffffff  __TI_prof_data_size               
ffffffff  __TI_prof_data_start              
00000000  __TI_static_base__                
00003c61  __TI_zero_init                    
00002f47  __aeabi_cdcmpeq                   
00002f47  __aeabi_cdcmple                   
00002fcd  __aeabi_cdrcmple                  
000036cd  __aeabi_d2iz                      
00002217  __aeabi_dadd                      
00002685  __aeabi_ddiv                      
00002b1d  __aeabi_dmul                      
0000220d  __aeabi_dsub                      
00003ca5  __aeabi_errno_addr                
00003945  __aeabi_i2d                       
00000c67  __aeabi_idiv0                     
00000c67  __aeabi_ldiv0                     
000030cd  __aeabi_memclr                    
000030cd  __aeabi_memclr4                   
000030cd  __aeabi_memclr8                   
00002d8f  __aeabi_memcpy                    
00002d8f  __aeabi_memcpy4                   
00002d8f  __aeabi_memcpy8                   
000030cf  __aeabi_memset                    
000030cf  __aeabi_memset4                   
000030cf  __aeabi_memset8                   
00002e2b  __aeabi_uldivmod                  
ffffffff  __binit__                         
ffffffff  __c_args__                        
UNDEFED   __mpu_init                        
20009188  __stack                           
0000384d  _c_int00_noargs                   
000040d8  _ctypes_                          
UNDEFED   _system_post_cinit                
00003cb9  _system_pre_init                  
00003cbd  abort                             
00003509  atoi                              
ffffffff  binit                             
00003b3d  copysign                          
00003b3d  copysignl                         
2000803c  errno                             
000032ed  frexp                             
000032ed  frexpl                            
20008040  gADCBuffer                        
20008028  gADCBufferIndex                   
20009160  gADCErrors                        
20009164  gADCSamplingRate                  
20008024  gButtons                          
20008030  gJoystick                         
20009168  gSystemClock                      
20008038  gTime                             
20009040  gWaveformBuffer                   
00000000  g_pfnVectors                      
00004504  g_psDefaultCodePointMapTable      
000044dc  g_sCrystalfontz128x128            
000041dc  g_sFontFixed6x8                   
00002a0d  ldexp                             
00002a0d  ldexpl                            
00003461  ltoa                              
000016d9  main                              
00003a65  memccpy                           
00002d8f  memcpy                            
000030d5  memset                            
00002a0d  scalbn                            
00002a0d  scalbnl                           
00003555  snprintf                          
00003b11  strchr                            
00003b51  strlen                            
20009170  temp0                             
20009174  temp1                             
20009154  triggerBuffer                     
00003bad  wcslen                            


GLOBAL SYMBOLS: SORTED BY Symbol Address 

address   name                              
-------   ----                              
00000000  __TI_static_base__                
00000000  g_pfnVectors                      
00000209  __TI_printfi                      
00000800  __STACK_SIZE                      
00000c67  __aeabi_idiv0                     
00000c67  __aeabi_ldiv0                     
00000c69  WAVEFORM_ISR                      
00000d21  ButtonReadJoystick                
00000e01  ButtonInit                        
00001051  ButtonDebounce                    
000010c1  ButtonAutoRepeat                  
00001141  ButtonISR                         
00001251  ADC_ISR                           
000012e5  TimerIntClear                     
000012e9  Crystalfontz128x128_SetOrientation
00001331  Crystalfontz128x128_SetDrawFrame  
00001611  Crystalfontz128x128_Init          
000016d9  main                              
00001be1  GrFontGlyphRender                 
00001e39  SysCtlClockFreqSet                
0000220d  __aeabi_dsub                      
00002217  __aeabi_dadd                      
000023c3  GPIOPinRead                       
000023c9  HAL_LCD_writeData                 
000023d9  HAL_LCD_writeCommand              
00002429  HAL_LCD_SpiInit                   
000024b9  HAL_LCD_PortInit                  
00002685  __aeabi_ddiv                      
000027bb  GPIOPadConfigSet                  
00002a0d  ldexp                             
00002a0d  ldexpl                            
00002a0d  scalbn                            
00002a0d  scalbnl                           
00002b1d  __aeabi_dmul                      
00002c19  GrDefaultStringRenderer           
00002d8f  __aeabi_memcpy                    
00002d8f  __aeabi_memcpy4                   
00002d8f  __aeabi_memcpy8                   
00002d8f  memcpy                            
00002e2b  __aeabi_uldivmod                  
00002ec1  GrRectFill                        
00002f47  __aeabi_cdcmpeq                   
00002f47  __aeabi_cdcmple                   
00002fcd  __aeabi_cdrcmple                  
00003053  ADCSequenceStepConfigure          
000030cd  __aeabi_memclr                    
000030cd  __aeabi_memclr4                   
000030cd  __aeabi_memclr8                   
000030cf  __aeabi_memset                    
000030cf  __aeabi_memset4                   
000030cf  __aeabi_memset8                   
000030d5  memset                            
000031b5  GrContextInit                     
0000321d  IntEnable                         
00003285  __TI_decompress_lzss              
000032ed  frexp                             
000032ed  frexpl                            
00003351  TimerConfigure                    
00003461  ltoa                              
00003509  atoi                              
00003555  snprintf                          
000035eb  GPIOPinWrite                      
000035f1  SysCtlFrequencyGet                
0000363d  GPIOPinConfigure                  
000036cd  __aeabi_d2iz                      
00003715  __TI_auto_init_nobinit_nopinit    
00003759  ADCSequenceConfigure              
000037d5  SSIConfigSetExpClk                
0000384d  _c_int00_noargs                   
00003885  SysCtlPeripheralEnable            
000038e9  ADCIntStatus                      
00003917  GrStringNextCharGet               
00003945  __aeabi_i2d                       
00003973  GPIODirModeSet                    
0000399d  GrFontInfoGet                     
000039c5  IntPrioritySet                    
000039e9  GrFontGlyphDataGet                
00003a0b  ADCSequenceDataGet                
00003a29  GrFontCodepageGet                 
00003a65  memccpy                           
00003a81  ResetISR                          
00003a9b  ADCClockConfigSet                 
00003ab3  ADCProcessorTrigger               
00003acb  GPIOPinTypeGPIOOutput             
00003afb  GrStringDraw                      
00003b11  strchr                            
00003b29  TimerDisable                      
00003b3d  copysign                          
00003b3d  copysignl                         
00003b51  strlen                            
00003b65  GPIOPinTypeADC                    
00003b77  GPIOPinTypeGPIOInput              
00003b89  GPIOPinTypeSSI                    
00003b9b  TimerLoadSet                      
00003bad  wcslen                            
00003bbf  ADCIntEnable                      
00003bd1  FPUEnable                         
00003be1  FPULazyStackingEnable             
00003bf1  IntMasterDisable                  
00003c01  IntMasterEnable                   
00003c11  ADCSequenceDisable                
00003c1f  ADCSequenceEnable                 
00003c2d  TimerEnable                       
00003c3b  __TI_decompress_none              
00003c49  CPUcpsid                          
00003c55  CPUcpsie                          
00003c61  __TI_zero_init                    
00003c6d  ADCIntClear                       
00003c77  SSIDataPut                        
00003c81  SSIEnable                         
00003c8b  GrMapISO8859_1_Unicode            
00003c93  SSIBusy                           
00003c9b  TimerIntEnable                    
00003ca5  __aeabi_errno_addr                
00003cad  GrContextFontSet                  
00003cb3  SysCtlDelay                       
00003cb9  _system_pre_init                  
00003cbd  C$$EXIT                           
00003cbd  abort                             
000040d8  _ctypes_                          
000041dc  g_sFontFixed6x8                   
000044dc  g_sCrystalfontz128x128            
00004504  g_psDefaultCodePointMapTable      
00004538  __TI_Handler_Table_Base           
00004544  __TI_Handler_Table_Limit          
00004550  __TI_CINIT_Base                   
00004560  __TI_CINIT_Limit                  
20000000  Lcd_buffer                        
20008024  gButtons                          
20008028  gADCBufferIndex                   
20008030  gJoystick                         
20008038  gTime                             
2000803c  errno                             
20008040  gADCBuffer                        
20009040  gWaveformBuffer                   
20009154  triggerBuffer                     
20009160  gADCErrors                        
20009164  gADCSamplingRate                  
20009168  gSystemClock                      
20009170  temp0                             
20009174  temp1                             
20009178  Lcd_ScreenHeigth                  
2000917a  Lcd_ScreenWidth                   
2000917c  Lcd_TouchTrim                     
2000917e  Lcd_FlagRead                      
2000917f  Lcd_FontSolid                     
20009180  Lcd_Orientation                   
20009181  Lcd_PenSolid                      
20009188  __stack                           
20009388  __STACK_TOP                       
20009988  __STACK_END                       
ffffffff  __TI_pprof_out_hndl               
ffffffff  __TI_prof_data_size               
ffffffff  __TI_prof_data_start              
ffffffff  __binit__                         
ffffffff  __c_args__                        
ffffffff  binit                             
UNDEFED   __mpu_init                        
UNDEFED   _system_post_cinit                

[159 symbols]
